---
source: tests/suite/snapshots.rs
expression: "render(& frames(\"resize-mid-animation\"))"
---
frame 0001 at 80x30
  header 6b696585
  |      ▄▄▄▄▄▄▄▄▄▄▄▄▄▄▄▄▄▄▄▄▄▄▄▄▄▄▄▄▄▄▄▄▄▄▄▄▄▄▄▄▄▄▄▄▄▄▄▄▄▄
  |          main    ✓ ✓ ⠙ ·    running fast · 2s     now
  |      ▀▀▀▀▀▀▀▀▀▀▀▀▀▀▀▀▀▀▀▀▀▀▀▀▀▀▀▀▀▀▀▀▀▀▀▀▀▀▀▀▀▀▀▀▀▀▀▀▀▀
  |
  |
  |
  |
  |
  |
  |
  |
  |
  |
  |
  |
  |        j/k move      c cancel      q quit
  :......aaaaaaaaaaaaaaaaaaaaaaaaaaaaaaaaaaaaaaaaaaaaaaaaaa
  :......bbbbccccccccddddeefffffeeeeeeeeeeeeeeeeeeeeeefffff
  :......aaaaaaaaaaaaaaaaaaaaaaaaaaaaaaaaaaaaaaaaaaaaaaaaaa
  :
  :
  :
  :
  :
  :
  :
  :
  :
  :
  :
  :
  :........gggggggggggggggggggggggggggggggggggggggggggggggggggggggggggggggggg
frame 0002 at 80x30
  header df254129
  |      ▄▄▄▄▄▄▄▄▄▄▄▄▄▄▄▄▄▄▄▄▄▄▄▄▄▄▄▄▄▄▄▄▄▄▄▄▄▄▄▄▄▄▄▄▄▄▄▄▄▄
  |          main    ✓ ✓ ⠹ ·    running fast · 2s     now
  |      ▀▀▀▀▀▀▀▀▀▀▀▀▀▀▀▀▀▀▀▀▀▀▀▀▀▀▀▀▀▀▀▀▀▀▀▀▀▀▀▀▀▀▀▀▀▀▀▀▀▀
  |
  |
  |
  |
  |
  |
  |
  |
  |
  |
  |
  |
  |        j/k move      c cancel      q quit
  :......aaaaaaaaaaaaaaaaaaaaaaaaaaaaaaaaaaaaaaaaaaaaaaaaaa
  :......bbbbccccccccddddeefffffeeeeeeeeeeeeeeeeeeeeeefffff
  :......aaaaaaaaaaaaaaaaaaaaaaaaaaaaaaaaaaaaaaaaaaaaaaaaaa
  :
  :
  :
  :
  :
  :
  :
  :
  :
  :
  :
  :
  :........gggggggggggggggggggggggggggggggggggggggggggggggggggggggggggggggggg
frame 0003 at 80x30
  header 41536c44
  |      ▄▄▄▄▄▄▄▄▄▄▄▄▄▄▄▄▄▄▄▄▄▄▄▄▄▄▄▄▄▄▄▄▄▄▄▄▄▄▄▄▄▄▄▄▄▄▄▄▄▄
  |          main    ✓ ✓ ⠸ ·    running fast · 2s     now
  |      ▀▀▀▀▀▀▀▀▀▀▀▀▀▀▀▀▀▀▀▀▀▀▀▀▀▀▀▀▀▀▀▀▀▀▀▀▀▀▀▀▀▀▀▀▀▀▀▀▀▀
  |
  |
  |
  |
  |
  |
  |
  |
  |
  |
  |
  |
  |        j/k move      c cancel      q quit
  :......aaaaaaaaaaaaaaaaaaaaaaaaaaaaaaaaaaaaaaaaaaaaaaaaaa
  :......bbbbccccccccddddeefffffeeeeeeeeeeeeeeeeeeeeeefffff
  :......aaaaaaaaaaaaaaaaaaaaaaaaaaaaaaaaaaaaaaaaaaaaaaaaaa
  :
  :
  :
  :
  :
  :
  :
  :
  :
  :
  :
  :
  :........gggggggggggggggggggggggggggggggggggggggggggggggggggggggggggggggggg
frame 0004 at 80x30
  header 848f2f79
  |      ▄▄▄▄▄▄▄▄▄▄▄▄▄▄▄▄▄▄▄▄▄▄▄▄▄▄▄▄▄▄▄▄▄▄▄▄▄▄▄▄▄▄▄▄▄▄▄▄▄▄
  |          main    ✓ ✓ ⠼ ·    running fast · 2s     now
  |      ▀▀▀▀▀▀▀▀▀▀▀▀▀▀▀▀▀▀▀▀▀▀▀▀▀▀▀▀▀▀▀▀▀▀▀▀▀▀▀▀▀▀▀▀▀▀▀▀▀▀
  |
  |
  |
  |
  |
  |
  |
  |
  |
  |
  |
  |
  |        j/k move      c cancel      q quit
  :......aaaaaaaaaaaaaaaaaaaaaaaaaaaaaaaaaaaaaaaaaaaaaaaaaa
  :......bbbbccccccccddddeefffffeeeeeeeeeeeeeeeeeeeeeefffff
  :......aaaaaaaaaaaaaaaaaaaaaaaaaaaaaaaaaaaaaaaaaaaaaaaaaa
  :
  :
  :
  :
  :
  :
  :
  :
  :
  :
  :
  :
  :........gggggggggggggggggggggggggggggggggggggggggggggggggggggggggggggggggg
frame 0005 at 80x30
  header 78dc4295
  |      ▄▄▄▄▄▄▄▄▄▄▄▄▄▄▄▄▄▄▄▄▄▄▄▄▄▄▄▄▄▄▄▄▄▄▄▄▄▄▄▄▄▄▄▄▄▄▄▄▄▄
  |          main    ✓ ✓ ⠴ ·    running fast · 2s     now
  |      ▀▀▀▀▀▀▀▀▀▀▀▀▀▀▀▀▀▀▀▀▀▀▀▀▀▀▀▀▀▀▀▀▀▀▀▀▀▀▀▀▀▀▀▀▀▀▀▀▀▀
  |
  |
  |
  |
  |
  |
  |
  |
  |
  |
  |
  |
  |        j/k move      c cancel      q quit
  :......aaaaaaaaaaaaaaaaaaaaaaaaaaaaaaaaaaaaaaaaaaaaaaaaaa
  :......bbbbccccccccddddeefffffeeeeeeeeeeeeeeeeeeeeeefffff
  :......aaaaaaaaaaaaaaaaaaaaaaaaaaaaaaaaaaaaaaaaaaaaaaaaaa
  :
  :
  :
  :
  :
  :
  :
  :
  :
  :
  :
  :
  :........gggggggggggggggggggggggggggggggggggggggggggggggggggggggggggggggggg
frame 0006 at 80x30
  header 24ec4eca
  |      ▄▄▄▄▄▄▄▄▄▄▄▄▄▄▄▄▄▄▄▄▄▄▄▄▄▄▄▄▄▄▄▄▄▄▄▄▄▄▄▄▄▄▄▄▄▄▄▄▄▄
  |          main    ✓ ✓ ⠦ ·    running fast · 2s     now
  |      ▀▀▀▀▀▀▀▀▀▀▀▀▀▀▀▀▀▀▀▀▀▀▀▀▀▀▀▀▀▀▀▀▀▀▀▀▀▀▀▀▀▀▀▀▀▀▀▀▀▀
  |
  |
  |
  |
  |
  |
  |
  |
  |
  |
  |
  |
  |        j/k move      c cancel      q quit
  :......hhhhhhhhhhhhhhhhhhhhhhhhhhhhhhhhhhhhhhhhhhhhhhhhhh
  :......iiiijjjjjjjjkkkkllmmmmmllllllllllllllllllllllmmmmm
  :......hhhhhhhhhhhhhhhhhhhhhhhhhhhhhhhhhhhhhhhhhhhhhhhhhh
  :
  :
  :
  :
  :
  :
  :
  :
  :
  :
  :
  :
  :........gggggggggggggggggggggggggggggggggggggggggggggggggggggggggggggggggg
frame 0007 at 80x30
  header d1db05a8
  |      ▄▄▄▄▄▄▄▄▄▄▄▄▄▄▄▄▄▄▄▄▄▄▄▄▄▄▄▄▄▄▄▄▄▄▄▄▄▄▄▄▄▄▄▄▄▄▄▄▄▄
  |          main    ✓ ✓ ⠧ ·    running fast · 2s     now
  |      ▀▀▀▀▀▀▀▀▀▀▀▀▀▀▀▀▀▀▀▀▀▀▀▀▀▀▀▀▀▀▀▀▀▀▀▀▀▀▀▀▀▀▀▀▀▀▀▀▀▀
  |
  |
  |
  |
  |
  |
  |
  |
  |
  |
  |
  |
  |        j/k move      c cancel      q quit
  :......hhhhhhhhhhhhhhhhhhhhhhhhhhhhhhhhhhhhhhhhhhhhhhhhhh
  :......iiiijjjjjjjjkkkkllmmmmmllllllllllllllllllllllmmmmm
  :......hhhhhhhhhhhhhhhhhhhhhhhhhhhhhhhhhhhhhhhhhhhhhhhhhh
  :
  :
  :
  :
  :
  :
  :
  :
  :
  :
  :
  :
  :........gggggggggggggggggggggggggggggggggggggggggggggggggggggggggggggggggg
frame 0008 at 80x30
  header 2d604919
  |      ▄▄▄▄▄▄▄▄▄▄▄▄▄▄▄▄▄▄▄▄▄▄▄▄▄▄▄▄▄▄▄▄▄▄▄▄▄▄▄▄▄▄▄▄▄▄▄▄▄▄
  |          main    ✓ ✓ ⠇ ·    running fast · 2s     now
  |      ▀▀▀▀▀▀▀▀▀▀▀▀▀▀▀▀▀▀▀▀▀▀▀▀▀▀▀▀▀▀▀▀▀▀▀▀▀▀▀▀▀▀▀▀▀▀▀▀▀▀
  |
  |
  |
  |
  |
  |
  |
  |
  |
  |
  |
  |
  |        j/k move      c cancel      q quit
  :......hhhhhhhhhhhhhhhhhhhhhhhhhhhhhhhhhhhhhhhhhhhhhhhhhh
  :......iiiijjjjjjjjkkkkllmmmmmllllllllllllllllllllllmmmmm
  :......hhhhhhhhhhhhhhhhhhhhhhhhhhhhhhhhhhhhhhhhhhhhhhhhhh
  :
  :
  :
  :
  :
  :
  :
  :
  :
  :
  :
  :
  :........gggggggggggggggggggggggggggggggggggggggggggggggggggggggggggggggggg
frame 0009 at 80x30
  header df4514df
  |      ▄▄▄▄▄▄▄▄▄▄▄▄▄▄▄▄▄▄▄▄▄▄▄▄▄▄▄▄▄▄▄▄▄▄▄▄▄▄▄▄▄▄▄▄▄▄▄▄▄▄
  |          main    ✓ ✓ ⠏ ·    running fast · 2s     now
  |      ▀▀▀▀▀▀▀▀▀▀▀▀▀▀▀▀▀▀▀▀▀▀▀▀▀▀▀▀▀▀▀▀▀▀▀▀▀▀▀▀▀▀▀▀▀▀▀▀▀▀
  |
  |
  |
  |
  |
  |
  |
  |
  |
  |
  |
  |
  |        j/k move      c cancel      q quit
  :......hhhhhhhhhhhhhhhhhhhhhhhhhhhhhhhhhhhhhhhhhhhhhhhhhh
  :......iiiijjjjjjjjkkkkllmmmmmllllllllllllllllllllllmmmmm
  :......hhhhhhhhhhhhhhhhhhhhhhhhhhhhhhhhhhhhhhhhhhhhhhhhhh
  :
  :
  :
  :
  :
  :
  :
  :
  :
  :
  :
  :
  :........gggggggggggggggggggggggggggggggggggggggggggggggggggggggggggggggggg
frame 0010 at 80x30
  header 339fc508
  |      ▄▄▄▄▄▄▄▄▄▄▄▄▄▄▄▄▄▄▄▄▄▄▄▄▄▄▄▄▄▄▄▄▄▄▄▄▄▄▄▄▄▄▄▄▄▄▄▄▄▄
  |          main    ✓ ✓ ⠋ ·    running fast · 3s     now
  |      ▀▀▀▀▀▀▀▀▀▀▀▀▀▀▀▀▀▀▀▀▀▀▀▀▀▀▀▀▀▀▀▀▀▀▀▀▀▀▀▀▀▀▀▀▀▀▀▀▀▀
  |
  |
  |
  |
  |
  |
  |
  |
  |
  |
  |
  |
  |        j/k move      c cancel      q quit
  :......nnnnnnnnnnnnnnnnnnnnnnnnnnnnnnnnnnnnnnnnnnnnnnnnnn
  :......ooooppppppppqqqqrrsssssrrrrrrrrrrrrrrrrrrrrrrsssss
  :......nnnnnnnnnnnnnnnnnnnnnnnnnnnnnnnnnnnnnnnnnnnnnnnnnn
  :
  :
  :
  :
  :
  :
  :
  :
  :
  :
  :
  :
  :........gggggggggggggggggggggggggggggggggggggggggggggggggggggggggggggggggg
frame 0011 at 80x30
  header d7c18cd6
  |      ▄▄▄▄▄▄▄▄▄▄▄▄▄▄▄▄▄▄▄▄▄▄▄▄▄▄▄▄▄▄▄▄▄▄▄▄▄▄▄▄▄▄▄▄▄▄▄▄▄▄▄▄
  |          main    ✓ ✓ ◆ ·    failed in fast · 3s     now
  |      ▀▀▀▀▀▀▀▀▀▀▀▀▀▀▀▀▀▀▀▀▀▀▀▀▀▀▀▀▀▀▀▀▀▀▀▀▀▀▀▀▀▀▀▀▀▀▀▀▀▀▀▀
  |
  |
  |
  |
  |
  |
  |
  |
  |
  |
  |
  |
  |        j/k move      q quit
  :......nnnnnnnnnnnnnnnnnnnnnnnnnnnnnnnnnnnnnnnnnnnnnnnnnnnn
  :......ooooppppppppqqqqtusssssuuuuuuuuuuuuuuuuuuuuuuuusssss
  :......nnnnnnnnnnnnnnnnnnnnnnnnnnnnnnnnnnnnnnnnnnnnnnnnnnnn
  :
  :
  :
  :
  :
  :
  :
  :
  :
  :
  :
  :
  :........gggggggggggggggggggggggggggggggggggggggggggggggggggggggggggggggggg
frame 0012 at 80x30
  header 6c0fbe65
  |      ▄▄▄▄▄▄▄▄▄▄▄▄▄▄▄▄▄▄▄▄▄▄▄▄▄▄▄▄▄▄▄▄▄▄▄▄▄▄▄▄▄▄▄▄▄▄▄▄▄▄▄▄
  |          main    ✓ ✓ ◆ ·    failed in fast · 3s     now
  |      ▀▀▀▀▀▀▀▀▀▀▀▀▀▀▀▀▀▀▀▀▀▀▀▀▀▀▀▀▀▀▀▀▀▀▀▀▀▀▀▀▀▀▀▀▀▀▀▀▀▀▀▀
  |
  |
  |
  |
  |
  |
  |
  |
  |
  |
  |
  |
  |        j/k move      q quit
  :......nnnnnnnnnnnnnnnnnnnnnnnnnnnnnnnnnnnnnnnnnnnnnnnnnnnn
  :......ooooppppppppqqqqvusssssuuuuuuuuuuuuuuuuuuuuuuuusssss
  :......nnnnnnnnnnnnnnnnnnnnnnnnnnnnnnnnnnnnnnnnnnnnnnnnnnnn
  :
  :
  :
  :
  :
  :
  :
  :
  :
  :
  :
  :
  :........gggggggggggggggggggggggggggggggggggggggggggggggggggggggggggggggggg
frame 0013 at 80x30
  header af79705f
  |      ▄▄▄▄▄▄▄▄▄▄▄▄▄▄▄▄▄▄▄▄▄▄▄▄▄▄▄▄▄▄▄▄▄▄▄▄▄▄▄▄▄▄▄▄▄▄▄▄▄▄▄▄
  |          main    ✓ ✓ ◆ ·    failed in fast · 3s     now
  |      ▀▀▀▀▀▀▀▀▀▀▀▀▀▀▀▀▀▀▀▀▀▀▀▀▀▀▀▀▀▀▀▀▀▀▀▀▀▀▀▀▀▀▀▀▀▀▀▀▀▀▀▀
  |
  |
  |
  |
  |
  |
  |
  |
  |
  |
  |
  |
  |        j/k move      q quit
  :......wwwwwwwwwwwwwwwwwwwwwwwwwwwwwwwwwwwwwwwwwwwwwwwwwwww
  :......xxxxyyyyyyyyzzzzABCCCCCBBBBBBBBBBBBBBBBBBBBBBBBCCCCC
  :......wwwwwwwwwwwwwwwwwwwwwwwwwwwwwwwwwwwwwwwwwwwwwwwwwwww
  :
  :
  :
  :
  :
  :
  :
  :
  :
  :
  :
  :
  :........gggggggggggggggggggggggggggggggggggggggggggggggggggggggggggggggggg
frame 0014 at 80x30
  header 6dd05436
  |      ▄▄▄▄▄▄▄▄▄▄▄▄▄▄▄▄▄▄▄▄▄▄▄▄▄▄▄▄▄▄▄▄▄▄▄▄▄▄▄▄▄▄▄▄▄▄▄▄▄▄▄▄
  |          main    ✓ ✓ ◆ ·    failed in fast · 3s     now
  |      ▀▀▀▀▀▀▀▀▀▀▀▀▀▀▀▀▀▀▀▀▀▀▀▀▀▀▀▀▀▀▀▀▀▀▀▀▀▀▀▀▀▀▀▀▀▀▀▀▀▀▀▀
  |
  |
  |
  |
  |
  |
  |
  |
  |
  |
  |
  |
  |        j/k move      q quit
  :......wwwwwwwwwwwwwwwwwwwwwwwwwwwwwwwwwwwwwwwwwwwwwwwwwwww
  :......xxxxyyyyyyyyzzzzDBCCCCCBBBBBBBBBBBBBBBBBBBBBBBBCCCCC
  :......wwwwwwwwwwwwwwwwwwwwwwwwwwwwwwwwwwwwwwwwwwwwwwwwwwww
  :
  :
  :
  :
  :
  :
  :
  :
  :
  :
  :
  :
  :........gggggggggggggggggggggggggggggggggggggggggggggggggggggggggggggggggg
frame 0015 at 80x30
  header 57a3a42f
  |      ▄▄▄▄▄▄▄▄▄▄▄▄▄▄▄▄▄▄▄▄▄▄▄▄▄▄▄▄▄▄▄▄▄▄▄▄▄▄▄▄▄▄▄▄▄▄▄▄▄▄▄▄
  |          main    ✓ ✓ ◆ ·    failed in fast · 3s     now
  |      ▀▀▀▀▀▀▀▀▀▀▀▀▀▀▀▀▀▀▀▀▀▀▀▀▀▀▀▀▀▀▀▀▀▀▀▀▀▀▀▀▀▀▀▀▀▀▀▀▀▀▀▀
  |
  |
  |
  |
  |
  |
  |
  |
  |
  |
  |
  |
  |        j/k move      q quit
  :......wwwwwwwwwwwwwwwwwwwwwwwwwwwwwwwwwwwwwwwwwwwwwwwwwwww
  :......xxxxyyyyyyyyzzzzEBCCCCCBBBBBBBBBBBBBBBBBBBBBBBBCCCCC
  :......wwwwwwwwwwwwwwwwwwwwwwwwwwwwwwwwwwwwwwwwwwwwwwwwwwww
  :
  :
  :
  :
  :
  :
  :
  :
  :
  :
  :
  :
  :........gggggggggggggggggggggggggggggggggggggggggggggggggggggggggggggggggg
frame 0016 at 80x30
  header 8136edd9
  |      ▄▄▄▄▄▄▄▄▄▄▄▄▄▄▄▄▄▄▄▄▄▄▄▄▄▄▄▄▄▄▄▄▄▄▄▄▄▄▄▄▄▄▄▄▄▄▄▄▄▄▄▄
  |          main    ✓ ✓ ◆ ·    failed in fast · 3s     now
  |      ▀▀▀▀▀▀▀▀▀▀▀▀▀▀▀▀▀▀▀▀▀▀▀▀▀▀▀▀▀▀▀▀▀▀▀▀▀▀▀▀▀▀▀▀▀▀▀▀▀▀▀▀
  |
  |
  |
  |
  |
  |
  |
  |
  |
  |
  |
  |
  |        j/k move      q quit
  :......wwwwwwwwwwwwwwwwwwwwwwwwwwwwwwwwwwwwwwwwwwwwwwwwwwww
  :......xxxxyyyyyyyyzzzzFBCCCCCBBBBBBBBBBBBBBBBBBBBBBBBCCCCC
  :......wwwwwwwwwwwwwwwwwwwwwwwwwwwwwwwwwwwwwwwwwwwwwwwwwwww
  :
  :
  :
  :
  :
  :
  :
  :
  :
  :
  :
  :
  :........gggggggggggggggggggggggggggggggggggggggggggggggggggggggggggggggggg
frame 0017 at 80x30
  header 47ad910c
  |      ▄▄▄▄▄▄▄▄▄▄▄▄▄▄▄▄▄▄▄▄▄▄▄▄▄▄▄▄▄▄▄▄▄▄▄▄▄▄▄▄▄▄▄▄▄▄▄▄▄▄▄▄
  |          main    ✓ ✓ ◆ ·    failed in fast · 3s     now
  |      ▀▀▀▀▀▀▀▀▀▀▀▀▀▀▀▀▀▀▀▀▀▀▀▀▀▀▀▀▀▀▀▀▀▀▀▀▀▀▀▀▀▀▀▀▀▀▀▀▀▀▀▀
  |
  |
  |
  |
  |
  |
  |
  |
  |
  |
  |
  |
  |        j/k move      q quit
  :......GGGGGGGGGGGGGGGGGGGGGGGGGGGGGGGGGGGGGGGGGGGGGGGGGGGG
  :......HHHHIIIIIIIIJJJJKKLLLLLKKKKKKKKKKKKKKKKKKKKKKKKLLLLL
  :......GGGGGGGGGGGGGGGGGGGGGGGGGGGGGGGGGGGGGGGGGGGGGGGGGGGG
  :
  :
  :
  :
  :
  :
  :
  :
  :
  :
  :
  :
  :........gggggggggggggggggggggggggggggggggggggggggggggggggggggggggggggggggg
frame 0018 at 80x30
  header d75edd3a
  |      ▄▄▄▄▄▄▄▄▄▄▄▄▄▄▄▄▄▄▄▄▄▄▄▄▄▄▄▄▄▄▄▄▄▄▄▄▄▄▄▄▄▄▄▄▄▄▄▄▄▄▄▄
  |          main    ✓ ✓ ◆ ·    failed in fast · 3s     now
  |      ▀▀▀▀▀▀▀▀▀▀▀▀▀▀▀▀▀▀▀▀▀▀▀▀▀▀▀▀▀▀▀▀▀▀▀▀▀▀▀▀▀▀▀▀▀▀▀▀▀▀▀▀
  |
  |
  |
  |
  |
  |
  |
  |
  |
  |
  |
  |
  |        j/k move      q quit
  :......GGGGGGGGGGGGGGGGGGGGGGGGGGGGGGGGGGGGGGGGGGGGGGGGGGGG
  :......HHHHIIIIIIIIJJJJKKLLLLLKKKKKKKKKKKKKKKKKKKKKKKKLLLLL
  :......GGGGGGGGGGGGGGGGGGGGGGGGGGGGGGGGGGGGGGGGGGGGGGGGGGGG
  :
  :
  :
  :
  :
  :
  :
  :
  :
  :
  :
  :
  :........gggggggggggggggggggggggggggggggggggggggggggggggggggggggggggggggggg
frame 0019 at 80x30
  header fa8a1f3c
  |      ▄▄▄▄▄▄▄▄▄▄▄▄▄▄▄▄▄▄▄▄▄▄▄▄▄▄▄▄▄▄▄▄▄▄▄▄▄▄▄▄▄▄▄▄▄▄▄▄▄▄▄▄
  |          main    ✓ ✓ ◆ ·    failed in fast · 3s     now
  |      ▀▀▀▀▀▀▀▀▀▀▀▀▀▀▀▀▀▀▀▀▀▀▀▀▀▀▀▀▀▀▀▀▀▀▀▀▀▀▀▀▀▀▀▀▀▀▀▀▀▀▀▀
  |                              >>> FAST FAILED <<<
  |
  |
  |
  |
  |
  |
  |
  |
  |
  |
  |
  |        j/k move      q quit
  :......GGGGGGGGGGGGGGGGGGGGGGGGGGGGGGGGGGGGGGGGGGGGGGGGGGGG
  :......HHHHIIIIIIIIJJJJKKLLLLLKKKKKKKKKKKKKKKKKKKKKKKKLLLLL
  :......GGGGGGGGGGGGGGGGGGGGGGGGGGGGGGGGGGGGGGGGGGGGGGGGGGGG
  :..............................MMMMMMMMMMMMMMMMMMM
  :
  :
  :
  :
  :
  :
  :
  :
  :
  :
  :
  :........gggggggggggggggggggggggggggggggggggggggggggggggggggggggggggggggggg
frame 0020 at 80x30
  header 7e835637
  |      ▄▄▄▄▄▄▄▄▄▄▄▄▄▄▄▄▄▄▄▄▄▄▄▄▄▄▄▄▄▄▄▄▄▄▄▄▄▄▄▄▄▄▄▄▄▄▄▄▄▄▄▄
  |          main    ✓ ✓ ◆ ·    failed in fast · 3s     now
  |      ▀▀▀▀▀▀▀▀▀▀▀▀▀▀▀▀▀▀▀▀▀▀▀▀▀▀▀▀▀▀▀▀▀▀▀▀▀▀▀▀▀▀▀▀▀▀▀▀▀▀▀▀
  |                              >>> FAST FAILED <<<
  |
  |
  |
  |
  |
  |
  |
  |
  |
  |
  |
  |        j/k move      q quit
  :......GGGGGGGGGGGGGGGGGGGGGGGGGGGGGGGGGGGGGGGGGGGGGGGGGGGG
  :......HHHHIIIIIIIIJJJJKKLLLLLKKKKKKKKKKKKKKKKKKKKKKKKLLLLL
  :......GGGGGGGGGGGGGGGGGGGGGGGGGGGGGGGGGGGGGGGGGGGGGGGGGGGG
  :..............................MMMMMMMMMMMMMMMMMMM
  :
  :
  :
  :
  :
  :
  :
  :
  :
  :
  :
  :........gggggggggggggggggggggggggggggggggggggggggggggggggggggggggggggggggg
frame 0021 at 120x40
  header 8c68e974
  |          ▄▄▄▄▄▄▄▄▄▄▄▄▄▄▄▄▄▄▄▄▄▄▄▄▄▄▄▄▄▄▄▄▄▄▄▄▄▄▄▄▄▄▄▄▄▄▄▄▄▄▄▄
  |              main    ✓ ✓ ◆ ·    failed in fast · 3s     now
  |          ▀▀▀▀▀▀▀▀▀▀▀▀▀▀▀▀▀▀▀▀▀▀▀▀▀▀▀▀▀▀▀▀▀▀▀▀▀▀▀▀▀▀▀▀▀▀▀▀▀▀▀▀
  |                                                  >>> FAST FAILED <<<
  |
  |
  |
  |
  |
  |
  |
  |
  |
  |
  |
  |
  |
  |
  |
  |
  |
  |
  |
  |
  |
  |            j/k move      q quit
  :..........GGGGGGGGGGGGGGGGGGGGGGGGGGGGGGGGGGGGGGGGGGGGGGGGGGGG
  :..........HHHHIIIIIIIIJJJJKKLLLLLKKKKKKKKKKKKKKKKKKKKKKKKLLLLL
  :..........GGGGGGGGGGGGGGGGGGGGGGGGGGGGGGGGGGGGGGGGGGGGGGGGGGGG
  :..................................................MMMMMMMMMMMMMMMMMMM
  :
  :
  :
  :
  :
  :
  :
  :
  :
  :
  :
  :
  :
  :
  :
  :
  :
  :
  :
  :
  :
  :............gggggggggggggggggggggggggggggggggggggggggggggggggggggggggggggggggggggggggggggggggggggggggggggggggg
frame 0022 at 120x40
  header 4b9d684e
  |          ▄▄▄▄▄▄▄▄▄▄▄▄▄▄▄▄▄▄▄▄▄▄▄▄▄▄▄▄▄▄▄▄▄▄▄▄▄▄▄▄▄▄▄▄▄▄▄▄▄▄▄▄
  |              main    ✓ ✓ ◆ ·    failed in fast · 3s     now
  |          ▀▀▀▀▀▀▀▀▀▀▀▀▀▀▀▀▀▀▀▀▀▀▀▀▀▀▀▀▀▀▀▀▀▀▀▀▀▀▀▀▀▀▀▀▀▀▀▀▀▀▀▀
  |                                                  >>> FAST FAILED <<<
  |
  |
  |
  |
  |
  |
  |
  |
  |
  |
  |
  |
  |
  |
  |
  |
  |
  |
  |
  |
  |
  |            j/k move      q quit
  :..........GGGGGGGGGGGGGGGGGGGGGGGGGGGGGGGGGGGGGGGGGGGGGGGGGGGG
  :..........HHHHIIIIIIIIJJJJKKLLLLLKKKKKKKKKKKKKKKKKKKKKKKKLLLLL
  :..........GGGGGGGGGGGGGGGGGGGGGGGGGGGGGGGGGGGGGGGGGGGGGGGGGGGG
  :..................................................MMMMMMMMMMMMMMMMMMM
  :
  :
  :
  :
  :
  :
  :
  :
  :
  :
  :
  :
  :
  :
  :
  :
  :
  :
  :
  :
  :
  :............gggggggggggggggggggggggggggggggggggggggggggggggggggggggggggggggggggggggggggggggggggggggggggggggggg
frame 0023 at 120x40
  header 738efa74
  |          ▄▄▄▄▄▄▄▄▄▄▄▄▄▄▄▄▄▄▄▄▄▄▄▄▄▄▄▄▄▄▄▄▄▄▄▄▄▄▄▄▄▄▄▄▄▄▄▄▄▄▄▄
  |              main    ✓ ✓ ◆ ·    failed in fast · 3s     now
  |          ▀▀▀▀▀▀▀▀▀▀▀▀▀▀▀▀▀▀▀▀▀▀▀▀▀▀▀▀▀▀▀▀▀▀▀▀▀▀▀▀▀▀▀▀▀▀▀▀▀▀▀▀
  |                                                  >>> FAST FAILED <<<
  |
  |
  |
  |
  |
  |
  |
  |
  |
  |
  |
  |
  |
  |
  |
  |
  |
  |
  |
  |
  |
  |            j/k move      q quit
  :..........GGGGGGGGGGGGGGGGGGGGGGGGGGGGGGGGGGGGGGGGGGGGGGGGGGGG
  :..........HHHHIIIIIIIIJJJJKKLLLLLKKKKKKKKKKKKKKKKKKKKKKKKLLLLL
  :..........GGGGGGGGGGGGGGGGGGGGGGGGGGGGGGGGGGGGGGGGGGGGGGGGGGGG
  :..................................................MMMMMMMMMMMMMMMMMMM
  :
  :
  :
  :
  :
  :
  :
  :
  :
  :
  :
  :
  :
  :
  :
  :
  :
  :
  :
  :
  :
  :............gggggggggggggggggggggggggggggggggggggggggggggggggggggggggggggggggggggggggggggggggggggggggggggggggg
frame 0024 at 120x40
  header 50f19c5b
  |          ▄▄▄▄▄▄▄▄▄▄▄▄▄▄▄▄▄▄▄▄▄▄▄▄▄▄▄▄▄▄▄▄▄▄▄▄▄▄▄▄▄▄▄▄▄▄▄▄▄▄▄▄
  |              main    ✓ ✓ ◆ ·    failed in fast · 3s     now
  |          ▀▀▀▀▀▀▀▀▀▀▀▀▀▀▀▀▀▀▀▀▀▀▀▀▀▀▀▀▀▀▀▀▀▀▀▀▀▀▀▀▀▀▀▀▀▀▀▀▀▀▀▀
  |                                                  >>> FAST FAILED <<<
  |
  |
  |
  |
  |
  |
  |
  |
  |
  |
  |
  |
  |
  |
  |
  |
  |
  |
  |
  |
  |
  |            j/k move      q quit
  :..........GGGGGGGGGGGGGGGGGGGGGGGGGGGGGGGGGGGGGGGGGGGGGGGGGGGG
  :..........HHHHIIIIIIIIJJJJKKLLLLLKKKKKKKKKKKKKKKKKKKKKKKKLLLLL
  :..........GGGGGGGGGGGGGGGGGGGGGGGGGGGGGGGGGGGGGGGGGGGGGGGGGGGG
  :..................................................MMMMMMMMMMMMMMMMMMM
  :
  :
  :
  :
  :
  :
  :
  :
  :
  :
  :
  :
  :
  :
  :
  :
  :
  :
  :
  :
  :
  :............gggggggggggggggggggggggggggggggggggggggggggggggggggggggggggggggggggggggggggggggggggggggggggggggggg
frame 0025 at 120x40
  header 68dae91e
  |          ▄▄▄▄▄▄▄▄▄▄▄▄▄▄▄▄▄▄▄▄▄▄▄▄▄▄▄▄▄▄▄▄▄▄▄▄▄▄▄▄▄▄▄▄▄▄▄▄▄▄▄▄
  |              main    ✓ ✓ ◆ ·    failed in fast · 3s     now
  |          ▀▀▀▀▀▀▀▀▀▀▀▀▀▀▀▀▀▀▀▀▀▀▀▀▀▀▀▀▀▀▀▀▀▀▀▀▀▀▀▀▀▀▀▀▀▀▀▀▀▀▀▀
  |                                                  >>> FAST FAILED <<<
  |
  |
  |
  |
  |
  |
  |
  |
  |
  |
  |
  |
  |
  |
  |
  |
  |
  |
  |
  |
  |
  |            j/k move      q quit
  :..........GGGGGGGGGGGGGGGGGGGGGGGGGGGGGGGGGGGGGGGGGGGGGGGGGGGG
  :..........HHHHIIIIIIIIJJJJKKLLLLLKKKKKKKKKKKKKKKKKKKKKKKKLLLLL
  :..........GGGGGGGGGGGGGGGGGGGGGGGGGGGGGGGGGGGGGGGGGGGGGGGGGGGG
  :..................................................MMMMMMMMMMMMMMMMMMM
  :
  :
  :
  :
  :
  :
  :
  :
  :
  :
  :
  :
  :
  :
  :
  :
  :
  :
  :
  :
  :
  :............gggggggggggggggggggggggggggggggggggggggggggggggggggggggggggggggggggggggggggggggggggggggggggggggggg
frame 0026 at 120x40
  header b3994bbc
  |          ▄▄▄▄▄▄▄▄▄▄▄▄▄▄▄▄▄▄▄▄▄▄▄▄▄▄▄▄▄▄▄▄▄▄▄▄▄▄▄▄▄▄▄▄▄▄▄▄▄▄▄▄
  |              main    ✓ ✓ ◆ ·    failed in fast · 3s     now
  |          ▀▀▀▀▀▀▀▀▀▀▀▀▀▀▀▀▀▀▀▀▀▀▀▀▀▀▀▀▀▀▀▀▀▀▀▀▀▀▀▀▀▀▀▀▀▀▀▀▀▀▀▀
  |                                                  >>> FAST FAILED <<<
  |
  |
  |
  |
  |
  |
  |
  |
  |
  |
  |
  |
  |
  |
  |
  |
  |
  |
  |
  |
  |
  |            j/k move      q quit
  :..........wwwwwwwwwwwwwwwwwwwwwwwwwwwwwwwwwwwwwwwwwwwwwwwwwwww
  :..........xxxxyyyyyyyyzzzzBBCCCCCBBBBBBBBBBBBBBBBBBBBBBBBCCCCC
  :..........wwwwwwwwwwwwwwwwwwwwwwwwwwwwwwwwwwwwwwwwwwwwwwwwwwww
  :..................................................MMMMMMMMMMMMMMMMMMM
  :
  :
  :
  :
  :
  :
  :
  :
  :
  :
  :
  :
  :
  :
  :
  :
  :
  :
  :
  :
  :
  :............gggggggggggggggggggggggggggggggggggggggggggggggggggggggggggggggggggggggggggggggggggggggggggggggggg
frame 0027 at 120x40
  header f296fb1a
  |          ▄▄▄▄▄▄▄▄▄▄▄▄▄▄▄▄▄▄▄▄▄▄▄▄▄▄▄▄▄▄▄▄▄▄▄▄▄▄▄▄▄▄▄▄▄▄▄▄▄▄▄▄
  |              main    ✓ ✓ ◆ ·    failed in fast · 3s     now
  |          ▀▀▀▀▀▀▀▀▀▀▀▀▀▀▀▀▀▀▀▀▀▀▀▀▀▀▀▀▀▀▀▀▀▀▀▀▀▀▀▀▀▀▀▀▀▀▀▀▀▀▀▀
  |                                                   >> fast failed <<
  |
  |
  |
  |
  |
  |
  |
  |
  |
  |
  |
  |
  |
  |
  |
  |
  |
  |
  |
  |
  |
  |            j/k move      q quit
  :..........wwwwwwwwwwwwwwwwwwwwwwwwwwwwwwwwwwwwwwwwwwwwwwwwwwww
  :..........xxxxyyyyyyyyzzzzBBCCCCCBBBBBBBBBBBBBBBBBBBBBBBBCCCCC
  :..........wwwwwwwwwwwwwwwwwwwwwwwwwwwwwwwwwwwwwwwwwwwwwwwwwwww
  :...................................................NNNNNNNNNNNNNNNNN
  :
  :
  :
  :
  :
  :
  :
  :
  :
  :
  :
  :
  :
  :
  :
  :
  :
  :
  :
  :
  :
  :............gggggggggggggggggggggggggggggggggggggggggggggggggggggggggggggggggggggggggggggggggggggggggggggggggg
frame 0028 at 120x40
  header 54b03916
  |          ▄▄▄▄▄▄▄▄▄▄▄▄▄▄▄▄▄▄▄▄▄▄▄▄▄▄▄▄▄▄▄▄▄▄▄▄▄▄▄▄▄▄▄▄▄▄▄▄▄▄▄▄
  |              main    ✓ ✓ ◆ ·    failed in fast · 3s     now
  |          ▀▀▀▀▀▀▀▀▀▀▀▀▀▀▀▀▀▀▀▀▀▀▀▀▀▀▀▀▀▀▀▀▀▀▀▀▀▀▀▀▀▀▀▀▀▀▀▀▀▀▀▀
  |                                                   >> fast failed <<
  |
  |
  |
  |
  |
  |
  |
  |
  |
  |
  |
  |
  |
  |
  |
  |
  |
  |
  |
  |
  |
  |            j/k move      q quit
  :..........wwwwwwwwwwwwwwwwwwwwwwwwwwwwwwwwwwwwwwwwwwwwwwwwwwww
  :..........xxxxyyyyyyyyzzzzBBCCCCCBBBBBBBBBBBBBBBBBBBBBBBBCCCCC
  :..........wwwwwwwwwwwwwwwwwwwwwwwwwwwwwwwwwwwwwwwwwwwwwwwwwwww
  :...................................................NNNNNNNNNNNNNNNNN
  :
  :
  :
  :
  :
  :
  :
  :
  :
  :
  :
  :
  :
  :
  :
  :
  :
  :
  :
  :
  :
  :............gggggggggggggggggggggggggggggggggggggggggggggggggggggggggggggggggggggggggggggggggggggggggggggggggg
frame 0029 at 120x40
  header 7a8ab45e
  |          ▄▄▄▄▄▄▄▄▄▄▄▄▄▄▄▄▄▄▄▄▄▄▄▄▄▄▄▄▄▄▄▄▄▄▄▄▄▄▄▄▄▄▄▄▄▄▄▄▄▄▄▄
  |              main    ✓ ✓ ◆ ·    failed in fast · 3s     now
  |          ▀▀▀▀▀▀▀▀▀▀▀▀▀▀▀▀▀▀▀▀▀▀▀▀▀▀▀▀▀▀▀▀▀▀▀▀▀▀▀▀▀▀▀▀▀▀▀▀▀▀▀▀
  |                                                   >> fast failed <<
  |
  |
  |
  |
  |
  |
  |
  |
  |
  |
  |
  |
  |
  |
  |
  |
  |
  |
  |
  |
  |
  |            j/k move      q quit
  :..........wwwwwwwwwwwwwwwwwwwwwwwwwwwwwwwwwwwwwwwwwwwwwwwwwwww
  :..........xxxxyyyyyyyyzzzzBBCCCCCBBBBBBBBBBBBBBBBBBBBBBBBCCCCC
  :..........wwwwwwwwwwwwwwwwwwwwwwwwwwwwwwwwwwwwwwwwwwwwwwwwwwww
  :...................................................NNNNNNNNNNNNNNNNN
  :
  :
  :
  :
  :
  :
  :
  :
  :
  :
  :
  :
  :
  :
  :
  :
  :
  :
  :
  :
  :
  :............gggggggggggggggggggggggggggggggggggggggggggggggggggggggggggggggggggggggggggggggggggggggggggggggggg
frame 0030 at 120x40
  header 5eb49289
  |          ▄▄▄▄▄▄▄▄▄▄▄▄▄▄▄▄▄▄▄▄▄▄▄▄▄▄▄▄▄▄▄▄▄▄▄▄▄▄▄▄▄▄▄▄▄▄▄▄▄▄▄▄
  |              main    ✓ ✓ ◆ ·    failed in fast · 3s     now
  |          ▀▀▀▀▀▀▀▀▀▀▀▀▀▀▀▀▀▀▀▀▀▀▀▀▀▀▀▀▀▀▀▀▀▀▀▀▀▀▀▀▀▀▀▀▀▀▀▀▀▀▀▀
  |                                                   >> fast failed <<
  |
  |
  |
  |
  |
  |
  |
  |
  |
  |
  |
  |
  |
  |
  |
  |
  |
  |
  |
  |
  |
  |            j/k move      q quit
  :..........nnnnnnnnnnnnnnnnnnnnnnnnnnnnnnnnnnnnnnnnnnnnnnnnnnnn
  :..........ooooppppppppqqqquusssssuuuuuuuuuuuuuuuuuuuuuuuusssss
  :..........nnnnnnnnnnnnnnnnnnnnnnnnnnnnnnnnnnnnnnnnnnnnnnnnnnnn
  :...................................................NNNNNNNNNNNNNNNNN
  :
  :
  :
  :
  :
  :
  :
  :
  :
  :
  :
  :
  :
  :
  :
  :
  :
  :
  :
  :
  :
  :............gggggggggggggggggggggggggggggggggggggggggggggggggggggggggggggggggggggggggggggggggggggggggggggggggg
frame 0031 at 120x40
  header f2659b30
  |          ▄▄▄▄▄▄▄▄▄▄▄▄▄▄▄▄▄▄▄▄▄▄▄▄▄▄▄▄▄▄▄▄▄▄▄▄▄▄▄▄▄▄▄▄▄▄▄▄▄▄▄▄
  |              main    ✓ ✓ ◆ ·    failed in fast · 3s     now
  |          ▀▀▀▀▀▀▀▀▀▀▀▀▀▀▀▀▀▀▀▀▀▀▀▀▀▀▀▀▀▀▀▀▀▀▀▀▀▀▀▀▀▀▀▀▀▀▀▀▀▀▀▀
  |                                                   >> fast failed <<
  |
  |
  |
  |
  |
  |
  |
  |
  |
  |
  |
  |
  |
  |
  |
  |
  |
  |
  |
  |
  |
  |            j/k move      q quit
  :..........nnnnnnnnnnnnnnnnnnnnnnnnnnnnnnnnnnnnnnnnnnnnnnnnnnnn
  :..........ooooppppppppqqqquusssssuuuuuuuuuuuuuuuuuuuuuuuusssss
  :..........nnnnnnnnnnnnnnnnnnnnnnnnnnnnnnnnnnnnnnnnnnnnnnnnnnnn
  :...................................................NNNNNNNNNNNNNNNNN
  :
  :
  :
  :
  :
  :
  :
  :
  :
  :
  :
  :
  :
  :
  :
  :
  :
  :
  :
  :
  :
  :............gggggggggggggggggggggggggggggggggggggggggggggggggggggggggggggggggggggggggggggggggggggggggggggggggg
frame 0032 at 120x40
  header 489de145
  |          ▄▄▄▄▄▄▄▄▄▄▄▄▄▄▄▄▄▄▄▄▄▄▄▄▄▄▄▄▄▄▄▄▄▄▄▄▄▄▄▄▄▄▄▄▄▄▄▄▄▄▄▄
  |              main    ✓ ✓ ◆ ·    failed in fast · 3s     now
  |          ▀▀▀▀▀▀▀▀▀▀▀▀▀▀▀▀▀▀▀▀▀▀▀▀▀▀▀▀▀▀▀▀▀▀▀▀▀▀▀▀▀▀▀▀▀▀▀▀▀▀▀▀
  |                                                   >> fast failed <<
  |
  |
  |
  |
  |
  |
  |
  |
  |
  |
  |
  |
  |
  |
  |
  |
  |
  |
  |
  |
  |
  |            j/k move      q quit
  :..........nnnnnnnnnnnnnnnnnnnnnnnnnnnnnnnnnnnnnnnnnnnnnnnnnnnn
  :..........ooooppppppppqqqquusssssuuuuuuuuuuuuuuuuuuuuuuuusssss
  :..........nnnnnnnnnnnnnnnnnnnnnnnnnnnnnnnnnnnnnnnnnnnnnnnnnnnn
  :...................................................NNNNNNNNNNNNNNNNN
  :
  :
  :
  :
  :
  :
  :
  :
  :
  :
  :
  :
  :
  :
  :
  :
  :
  :
  :
  :
  :
  :............gggggggggggggggggggggggggggggggggggggggggggggggggggggggggggggggggggggggggggggggggggggggggggggggggg
frame 0033 at 120x40
  header 31509850
  |          ▄▄▄▄▄▄▄▄▄▄▄▄▄▄▄▄▄▄▄▄▄▄▄▄▄▄▄▄▄▄▄▄▄▄▄▄▄▄▄▄▄▄▄▄▄▄▄▄▄▄▄▄
  |              main    ✓ ✓ ◆ ·    failed in fast · 3s     now
  |          ▀▀▀▀▀▀▀▀▀▀▀▀▀▀▀▀▀▀▀▀▀▀▀▀▀▀▀▀▀▀▀▀▀▀▀▀▀▀▀▀▀▀▀▀▀▀▀▀▀▀▀▀
  |                                                   >> fast failed <<
  |
  |
  |
  |
  |
  |
  |
  |
  |
  |
  |
  |
  |
  |
  |
  |
  |
  |
  |
  |
  |
  |            j/k move      q quit
  :..........hhhhhhhhhhhhhhhhhhhhhhhhhhhhhhhhhhhhhhhhhhhhhhhhhhhh
  :..........iiiijjjjjjjjkkkkOOmmmmmOOOOOOOOOOOOOOOOOOOOOOOOmmmmm
  :..........hhhhhhhhhhhhhhhhhhhhhhhhhhhhhhhhhhhhhhhhhhhhhhhhhhhh
  :...................................................NNNNNNNNNNNNNNNNN
  :
  :
  :
  :
  :
  :
  :
  :
  :
  :
  :
  :
  :
  :
  :
  :
  :
  :
  :
  :
  :
  :............gggggggggggggggggggggggggggggggggggggggggggggggggggggggggggggggggggggggggggggggggggggggggggggggggg
frame 0034 at 120x40
  header e97029a9
  |          ▄▄▄▄▄▄▄▄▄▄▄▄▄▄▄▄▄▄▄▄▄▄▄▄▄▄▄▄▄▄▄▄▄▄▄▄▄▄▄▄▄▄▄▄▄▄▄▄▄▄▄▄
  |              main    ✓ ✓ ◆ ·    failed in fast · 3s     now
  |          ▀▀▀▀▀▀▀▀▀▀▀▀▀▀▀▀▀▀▀▀▀▀▀▀▀▀▀▀▀▀▀▀▀▀▀▀▀▀▀▀▀▀▀▀▀▀▀▀▀▀▀▀
  |                                                   >> fast failed <<
  |
  |
  |
  |
  |
  |
  |
  |
  |
  |
  |
  |
  |
  |
  |
  |
  |
  |
  |
  |
  |
  |            j/k move      q quit
  :..........hhhhhhhhhhhhhhhhhhhhhhhhhhhhhhhhhhhhhhhhhhhhhhhhhhhh
  :..........iiiijjjjjjjjkkkkOOmmmmmOOOOOOOOOOOOOOOOOOOOOOOOmmmmm
  :..........hhhhhhhhhhhhhhhhhhhhhhhhhhhhhhhhhhhhhhhhhhhhhhhhhhhh
  :...................................................NNNNNNNNNNNNNNNNN
  :
  :
  :
  :
  :
  :
  :
  :
  :
  :
  :
  :
  :
  :
  :
  :
  :
  :
  :
  :
  :
  :............gggggggggggggggggggggggggggggggggggggggggggggggggggggggggggggggggggggggggggggggggggggggggggggggggg
frame 0035 at 120x40
  header af6380c4
  |          ▄▄▄▄▄▄▄▄▄▄▄▄▄▄▄▄▄▄▄▄▄▄▄▄▄▄▄▄▄▄▄▄▄▄▄▄▄▄▄▄▄▄▄▄▄▄▄▄▄▄▄▄
  |              main    ✓ ✓ ◆ ·    failed in fast · 3s     now
  |          ▀▀▀▀▀▀▀▀▀▀▀▀▀▀▀▀▀▀▀▀▀▀▀▀▀▀▀▀▀▀▀▀▀▀▀▀▀▀▀▀▀▀▀▀▀▀▀▀▀▀▀▀
  |                                                    > fast failed <
  |
  |
  |
  |
  |
  |
  |
  |
  |
  |
  |
  |
  |
  |
  |
  |
  |
  |
  |
  |
  |
  |            j/k move      q quit
  :..........hhhhhhhhhhhhhhhhhhhhhhhhhhhhhhhhhhhhhhhhhhhhhhhhhhhh
  :..........iiiijjjjjjjjkkkkOOmmmmmOOOOOOOOOOOOOOOOOOOOOOOOmmmmm
  :..........hhhhhhhhhhhhhhhhhhhhhhhhhhhhhhhhhhhhhhhhhhhhhhhhhhhh
  :....................................................PPPPPPPPPPPPPPP
  :
  :
  :
  :
  :
  :
  :
  :
  :
  :
  :
  :
  :
  :
  :
  :
  :
  :
  :
  :
  :
  :............gggggggggggggggggggggggggggggggggggggggggggggggggggggggggggggggggggggggggggggggggggggggggggggggggg
frame 0036 at 120x40
  header f1cc6dba
  |          ▄▄▄▄▄▄▄▄▄▄▄▄▄▄▄▄▄▄▄▄▄▄▄▄▄▄▄▄▄▄▄▄▄▄▄▄▄▄▄▄▄▄▄▄▄▄▄▄▄▄▄▄
  |              main    ✓ ✓ ◆ ·    failed in fast · 3s     now
  |          ▀▀▀▀▀▀▀▀▀▀▀▀▀▀▀▀▀▀▀▀▀▀▀▀▀▀▀▀▀▀▀▀▀▀▀▀▀▀▀▀▀▀▀▀▀▀▀▀▀▀▀▀
  |                                                    > fast failed <
  |
  |
  |
  |
  |
  |
  |
  |
  |
  |
  |
  |
  |
  |
  |
  |
  |
  |
  |
  |
  |
  |            j/k move      q quit
  :..........hhhhhhhhhhhhhhhhhhhhhhhhhhhhhhhhhhhhhhhhhhhhhhhhhhhh
  :..........iiiijjjjjjjjkkkkOOmmmmmOOOOOOOOOOOOOOOOOOOOOOOOmmmmm
  :..........hhhhhhhhhhhhhhhhhhhhhhhhhhhhhhhhhhhhhhhhhhhhhhhhhhhh
  :....................................................PPPPPPPPPPPPPPP
  :
  :
  :
  :
  :
  :
  :
  :
  :
  :
  :
  :
  :
  :
  :
  :
  :
  :
  :
  :
  :
  :............gggggggggggggggggggggggggggggggggggggggggggggggggggggggggggggggggggggggggggggggggggggggggggggggggg
frame 0037 at 120x40
  header 94ccf453
  |          ▄▄▄▄▄▄▄▄▄▄▄▄▄▄▄▄▄▄▄▄▄▄▄▄▄▄▄▄▄▄▄▄▄▄▄▄▄▄▄▄▄▄▄▄▄▄▄▄▄▄▄▄
  |              main    ✓ ✓ ◆ ·    failed in fast · 3s     now
  |          ▀▀▀▀▀▀▀▀▀▀▀▀▀▀▀▀▀▀▀▀▀▀▀▀▀▀▀▀▀▀▀▀▀▀▀▀▀▀▀▀▀▀▀▀▀▀▀▀▀▀▀▀
  |                                                    > fast failed <
  |
  |
  |
  |
  |
  |
  |
  |
  |
  |
  |
  |
  |
  |
  |
  |
  |
  |
  |
  |
  |
  |            j/k move      q quit
  :..........aaaaaaaaaaaaaaaaaaaaaaaaaaaaaaaaaaaaaaaaaaaaaaaaaaaa
  :..........bbbbccccccccddddQQfffffQQQQQQQQQQQQQQQQQQQQQQQQfffff
  :..........aaaaaaaaaaaaaaaaaaaaaaaaaaaaaaaaaaaaaaaaaaaaaaaaaaaa
  :....................................................PPPPPPPPPPPPPPP
  :
  :
  :
  :
  :
  :
  :
  :
  :
  :
  :
  :
  :
  :
  :
  :
  :
  :
  :
  :
  :
  :............gggggggggggggggggggggggggggggggggggggggggggggggggggggggggggggggggggggggggggggggggggggggggggggggggg
frame 0038 at 120x40
  header 4096f3dc
  |          ▄▄▄▄▄▄▄▄▄▄▄▄▄▄▄▄▄▄▄▄▄▄▄▄▄▄▄▄▄▄▄▄▄▄▄▄▄▄▄▄▄▄▄▄▄▄▄▄▄▄▄▄
  |              main    ✓ ✓ ◆ ·    failed in fast · 3s     now
  |          ▀▀▀▀▀▀▀▀▀▀▀▀▀▀▀▀▀▀▀▀▀▀▀▀▀▀▀▀▀▀▀▀▀▀▀▀▀▀▀▀▀▀▀▀▀▀▀▀▀▀▀▀
  |                                                    > fast failed <
  |
  |
  |
  |
  |
  |
  |
  |
  |
  |
  |
  |
  |
  |
  |
  |
  |
  |
  |
  |
  |
  |            j/k move      q quit
  :..........aaaaaaaaaaaaaaaaaaaaaaaaaaaaaaaaaaaaaaaaaaaaaaaaaaaa
  :..........bbbbccccccccddddQQfffffQQQQQQQQQQQQQQQQQQQQQQQQfffff
  :..........aaaaaaaaaaaaaaaaaaaaaaaaaaaaaaaaaaaaaaaaaaaaaaaaaaaa
  :....................................................PPPPPPPPPPPPPPP
  :
  :
  :
  :
  :
  :
  :
  :
  :
  :
  :
  :
  :
  :
  :
  :
  :
  :
  :
  :
  :
  :............gggggggggggggggggggggggggggggggggggggggggggggggggggggggggggggggggggggggggggggggggggggggggggggggggg
frame 0039 at 120x40
  header 9c78f812
  |          ▄▄▄▄▄▄▄▄▄▄▄▄▄▄▄▄▄▄▄▄▄▄▄▄▄▄▄▄▄▄▄▄▄▄▄▄▄▄▄▄▄▄▄▄▄▄▄▄▄▄▄▄
  |              main    ✓ ✓ ◆ ·    failed in fast · 3s     now
  |          ▀▀▀▀▀▀▀▀▀▀▀▀▀▀▀▀▀▀▀▀▀▀▀▀▀▀▀▀▀▀▀▀▀▀▀▀▀▀▀▀▀▀▀▀▀▀▀▀▀▀▀▀
  |                                                    > fast failed <
  |
  |
  |
  |
  |
  |
  |
  |
  |
  |
  |
  |
  |
  |
  |
  |
  |
  |
  |
  |
  |
  |            j/k move      q quit
  :..........aaaaaaaaaaaaaaaaaaaaaaaaaaaaaaaaaaaaaaaaaaaaaaaaaaaa
  :..........bbbbccccccccddddQQfffffQQQQQQQQQQQQQQQQQQQQQQQQfffff
  :..........aaaaaaaaaaaaaaaaaaaaaaaaaaaaaaaaaaaaaaaaaaaaaaaaaaaa
  :....................................................PPPPPPPPPPPPPPP
  :
  :
  :
  :
  :
  :
  :
  :
  :
  :
  :
  :
  :
  :
  :
  :
  :
  :
  :
  :
  :
  :............gggggggggggggggggggggggggggggggggggggggggggggggggggggggggggggggggggggggggggggggggggggggggggggggggg
frame 0040 at 120x40
  header a87e9d0c
  |          ▄▄▄▄▄▄▄▄▄▄▄▄▄▄▄▄▄▄▄▄▄▄▄▄▄▄▄▄▄▄▄▄▄▄▄▄▄▄▄▄▄▄▄▄▄▄▄▄▄▄▄▄
  |              main    ✓ ✓ ◆ ·    failed in fast · 3s     now
  |          ▀▀▀▀▀▀▀▀▀▀▀▀▀▀▀▀▀▀▀▀▀▀▀▀▀▀▀▀▀▀▀▀▀▀▀▀▀▀▀▀▀▀▀▀▀▀▀▀▀▀▀▀
  |                                                    > fast failed <
  |
  |
  |
  |
  |
  |
  |
  |
  |
  |
  |
  |
  |
  |
  |
  |
  |
  |
  |
  |
  |
  |            j/k move      q quit
  :..........aaaaaaaaaaaaaaaaaaaaaaaaaaaaaaaaaaaaaaaaaaaaaaaaaaaa
  :..........bbbbccccccccddddQQfffffQQQQQQQQQQQQQQQQQQQQQQQQfffff
  :..........aaaaaaaaaaaaaaaaaaaaaaaaaaaaaaaaaaaaaaaaaaaaaaaaaaaa
  :....................................................PPPPPPPPPPPPPPP
  :
  :
  :
  :
  :
  :
  :
  :
  :
  :
  :
  :
  :
  :
  :
  :
  :
  :
  :
  :
  :
  :............gggggggggggggggggggggggggggggggggggggggggggggggggggggggggggggggggggggggggggggggggggggggggggggggggg
frame 0041 at 120x40
  header 59d937ef
  |          ▄▄▄▄▄▄▄▄▄▄▄▄▄▄▄▄▄▄▄▄▄▄▄▄▄▄▄▄▄▄▄▄▄▄▄▄▄▄▄▄▄▄▄▄▄▄▄▄▄▄▄▄
  |              main    ✓ ✓ ◆ ·    failed in fast · 3s     now
  |          ▀▀▀▀▀▀▀▀▀▀▀▀▀▀▀▀▀▀▀▀▀▀▀▀▀▀▀▀▀▀▀▀▀▀▀▀▀▀▀▀▀▀▀▀▀▀▀▀▀▀▀▀
  |                                                    > fast failed <
  |
  |
  |
  |
  |
  |
  |
  |
  |
  |
  |
  |
  |
  |
  |
  |
  |
  |
  |
  |
  |
  |            j/k move      q quit
  :..........aaaaaaaaaaaaaaaaaaaaaaaaaaaaaaaaaaaaaaaaaaaaaaaaaaaa
  :..........bbbbccccccccddddQQfffffQQQQQQQQQQQQQQQQQQQQQQQQfffff
  :..........aaaaaaaaaaaaaaaaaaaaaaaaaaaaaaaaaaaaaaaaaaaaaaaaaaaa
  :....................................................PPPPPPPPPPPPPPP
  :
  :
  :
  :
  :
  :
  :
  :
  :
  :
  :
  :
  :
  :
  :
  :
  :
  :
  :
  :
  :
  :............gggggggggggggggggggggggggggggggggggggggggggggggggggggggggggggggggggggggggggggggggggggggggggggggggg
frame 0042 at 120x40
  header a87aa022
  |          ▄▄▄▄▄▄▄▄▄▄▄▄▄▄▄▄▄▄▄▄▄▄▄▄▄▄▄▄▄▄▄▄▄▄▄▄▄▄▄▄▄▄▄▄▄▄▄▄▄▄▄▄
  |              main    ✓ ✓ ◆ ·    failed in fast · 3s     now
  |          ▀▀▀▀▀▀▀▀▀▀▀▀▀▀▀▀▀▀▀▀▀▀▀▀▀▀▀▀▀▀▀▀▀▀▀▀▀▀▀▀▀▀▀▀▀▀▀▀▀▀▀▀
  |                                                    > fast failed <
  |
  |
  |
  |
  |
  |
  |
  |
  |
  |
  |
  |
  |
  |
  |
  |
  |
  |
  |
  |
  |
  |            j/k move      q quit
  :..........aaaaaaaaaaaaaaaaaaaaaaaaaaaaaaaaaaaaaaaaaaaaaaaaaaaa
  :..........bbbbccccccccddddQQfffffQQQQQQQQQQQQQQQQQQQQQQQQfffff
  :..........aaaaaaaaaaaaaaaaaaaaaaaaaaaaaaaaaaaaaaaaaaaaaaaaaaaa
  :....................................................PPPPPPPPPPPPPPP
  :
  :
  :
  :
  :
  :
  :
  :
  :
  :
  :
  :
  :
  :
  :
  :
  :
  :
  :
  :
  :
  :............gggggggggggggggggggggggggggggggggggggggggggggggggggggggggggggggggggggggggggggggggggggggggggggggggg
frame 0043 at 120x40
  header 83aaa07c
  |          ▄▄▄▄▄▄▄▄▄▄▄▄▄▄▄▄▄▄▄▄▄▄▄▄▄▄▄▄▄▄▄▄▄▄▄▄▄▄▄▄▄▄▄▄▄▄▄▄▄▄▄▄
  |              main    ✓ ✓ ◆ ·    failed in fast · 3s     now
  |          ▀▀▀▀▀▀▀▀▀▀▀▀▀▀▀▀▀▀▀▀▀▀▀▀▀▀▀▀▀▀▀▀▀▀▀▀▀▀▀▀▀▀▀▀▀▀▀▀▀▀▀▀
  |
  |
  |
  |
  |
  |
  |
  |
  |
  |
  |
  |
  |
  |
  |
  |
  |
  |
  |
  |
  |
  |
  |            j/k move      q quit
  :..........aaaaaaaaaaaaaaaaaaaaaaaaaaaaaaaaaaaaaaaaaaaaaaaaaaaa
  :..........bbbbccccccccddddQQfffffQQQQQQQQQQQQQQQQQQQQQQQQfffff
  :..........aaaaaaaaaaaaaaaaaaaaaaaaaaaaaaaaaaaaaaaaaaaaaaaaaaaa
  :
  :
  :
  :
  :
  :
  :
  :
  :
  :
  :
  :
  :
  :
  :
  :
  :
  :
  :
  :
  :
  :
  :............gggggggggggggggggggggggggggggggggggggggggggggggggggggggggggggggggggggggggggggggggggggggggggggggggg
frame 0044 at 120x40
  header 7e02528a
  |          ▄▄▄▄▄▄▄▄▄▄▄▄▄▄▄▄▄▄▄▄▄▄▄▄▄▄▄▄▄▄▄▄▄▄▄▄▄▄▄▄▄▄▄▄▄▄▄▄▄▄▄▄
  |              main    ✓ ✓ ◆ ·    failed in fast · 3s     now
  |          ▀▀▀▀▀▀▀▀▀▀▀▀▀▀▀▀▀▀▀▀▀▀▀▀▀▀▀▀▀▀▀▀▀▀▀▀▀▀▀▀▀▀▀▀▀▀▀▀▀▀▀▀
  |
  |
  |
  |
  |
  |
  |
  |
  |
  |
  |
  |
  |
  |
  |
  |
  |
  |
  |
  |
  |
  |
  |            j/k move      q quit
  :..........aaaaaaaaaaaaaaaaaaaaaaaaaaaaaaaaaaaaaaaaaaaaaaaaaaaa
  :..........bbbbccccccccddddQQfffffQQQQQQQQQQQQQQQQQQQQQQQQfffff
  :..........aaaaaaaaaaaaaaaaaaaaaaaaaaaaaaaaaaaaaaaaaaaaaaaaaaaa
  :
  :
  :
  :
  :
  :
  :
  :
  :
  :
  :
  :
  :
  :
  :
  :
  :
  :
  :
  :
  :
  :
  :............gggggggggggggggggggggggggggggggggggggggggggggggggggggggggggggggggggggggggggggggggggggggggggggggggg
frame 0045 at 120x40
  header 30cfeeed
  |          ▄▄▄▄▄▄▄▄▄▄▄▄▄▄▄▄▄▄▄▄▄▄▄▄▄▄▄▄▄▄▄▄▄▄▄▄▄▄▄▄▄▄▄▄▄▄▄▄▄▄▄▄
  |              main    ✓ ✓ ◆ ·    failed in fast · 3s     now
  |          ▀▀▀▀▀▀▀▀▀▀▀▀▀▀▀▀▀▀▀▀▀▀▀▀▀▀▀▀▀▀▀▀▀▀▀▀▀▀▀▀▀▀▀▀▀▀▀▀▀▀▀▀
  |
  |
  |
  |
  |
  |
  |
  |
  |
  |
  |
  |
  |
  |
  |
  |
  |
  |
  |
  |
  |
  |
  |            j/k move      q quit
  :..........aaaaaaaaaaaaaaaaaaaaaaaaaaaaaaaaaaaaaaaaaaaaaaaaaaaa
  :..........bbbbccccccccddddQQfffffQQQQQQQQQQQQQQQQQQQQQQQQfffff
  :..........aaaaaaaaaaaaaaaaaaaaaaaaaaaaaaaaaaaaaaaaaaaaaaaaaaaa
  :
  :
  :
  :
  :
  :
  :
  :
  :
  :
  :
  :
  :
  :
  :
  :
  :
  :
  :
  :
  :
  :
  :............gggggggggggggggggggggggggggggggggggggggggggggggggggggggggggggggggggggggggggggggggggggggggggggggggg
frame 0046 at 120x40
  header 83100601
  |          ▄▄▄▄▄▄▄▄▄▄▄▄▄▄▄▄▄▄▄▄▄▄▄▄▄▄▄▄▄▄▄▄▄▄▄▄▄▄▄▄▄▄▄▄▄▄▄▄▄▄▄▄
  |              main    ✓ ✓ ◆ ·    failed in fast · 3s     now
  |          ▀▀▀▀▀▀▀▀▀▀▀▀▀▀▀▀▀▀▀▀▀▀▀▀▀▀▀▀▀▀▀▀▀▀▀▀▀▀▀▀▀▀▀▀▀▀▀▀▀▀▀▀
  |
  |
  |
  |
  |
  |
  |
  |
  |
  |
  |
  |
  |
  |
  |
  |
  |
  |
  |
  |
  |
  |
  |            j/k move      q quit
  :..........hhhhhhhhhhhhhhhhhhhhhhhhhhhhhhhhhhhhhhhhhhhhhhhhhhhh
  :..........iiiijjjjjjjjkkkkOOmmmmmOOOOOOOOOOOOOOOOOOOOOOOOmmmmm
  :..........hhhhhhhhhhhhhhhhhhhhhhhhhhhhhhhhhhhhhhhhhhhhhhhhhhhh
  :
  :
  :
  :
  :
  :
  :
  :
  :
  :
  :
  :
  :
  :
  :
  :
  :
  :
  :
  :
  :
  :
  :............gggggggggggggggggggggggggggggggggggggggggggggggggggggggggggggggggggggggggggggggggggggggggggggggggg
frame 0047 at 120x40
  header 30cfeeed
  |          ▄▄▄▄▄▄▄▄▄▄▄▄▄▄▄▄▄▄▄▄▄▄▄▄▄▄▄▄▄▄▄▄▄▄▄▄▄▄▄▄▄▄▄▄▄▄▄▄▄▄▄▄
  |              main    ✓ ✓ ◆ ·    failed in fast · 3s     now
  |          ▀▀▀▀▀▀▀▀▀▀▀▀▀▀▀▀▀▀▀▀▀▀▀▀▀▀▀▀▀▀▀▀▀▀▀▀▀▀▀▀▀▀▀▀▀▀▀▀▀▀▀▀
  |
  |
  |
  |
  |
  |
  |
  |
  |
  |
  |
  |
  |
  |
  |
  |
  |
  |
  |
  |
  |
  |
  |            j/k move      q quit
  :..........hhhhhhhhhhhhhhhhhhhhhhhhhhhhhhhhhhhhhhhhhhhhhhhhhhhh
  :..........iiiijjjjjjjjkkkkOOmmmmmOOOOOOOOOOOOOOOOOOOOOOOOmmmmm
  :..........hhhhhhhhhhhhhhhhhhhhhhhhhhhhhhhhhhhhhhhhhhhhhhhhhhhh
  :
  :
  :
  :
  :
  :
  :
  :
  :
  :
  :
  :
  :
  :
  :
  :
  :
  :
  :
  :
  :
  :
  :............gggggggggggggggggggggggggggggggggggggggggggggggggggggggggggggggggggggggggggggggggggggggggggggggggg
frame 0048 at 120x40
  header 7e02528a
  |          ▄▄▄▄▄▄▄▄▄▄▄▄▄▄▄▄▄▄▄▄▄▄▄▄▄▄▄▄▄▄▄▄▄▄▄▄▄▄▄▄▄▄▄▄▄▄▄▄▄▄▄▄
  |              main    ✓ ✓ ◆ ·    failed in fast · 3s     now
  |          ▀▀▀▀▀▀▀▀▀▀▀▀▀▀▀▀▀▀▀▀▀▀▀▀▀▀▀▀▀▀▀▀▀▀▀▀▀▀▀▀▀▀▀▀▀▀▀▀▀▀▀▀
  |
  |
  |
  |
  |
  |
  |
  |
  |
  |
  |
  |
  |
  |
  |
  |
  |
  |
  |
  |
  |
  |
  |            j/k move      q quit
  :..........hhhhhhhhhhhhhhhhhhhhhhhhhhhhhhhhhhhhhhhhhhhhhhhhhhhh
  :..........iiiijjjjjjjjkkkkOOmmmmmOOOOOOOOOOOOOOOOOOOOOOOOmmmmm
  :..........hhhhhhhhhhhhhhhhhhhhhhhhhhhhhhhhhhhhhhhhhhhhhhhhhhhh
  :
  :
  :
  :
  :
  :
  :
  :
  :
  :
  :
  :
  :
  :
  :
  :
  :
  :
  :
  :
  :
  :
  :............gggggggggggggggggggggggggggggggggggggggggggggggggggggggggggggggggggggggggggggggggggggggggggggggggg
frame 0049 at 120x40
  header 83aaa07c
  |          ▄▄▄▄▄▄▄▄▄▄▄▄▄▄▄▄▄▄▄▄▄▄▄▄▄▄▄▄▄▄▄▄▄▄▄▄▄▄▄▄▄▄▄▄▄▄▄▄▄▄▄▄
  |              main    ✓ ✓ ◆ ·    failed in fast · 3s     now
  |          ▀▀▀▀▀▀▀▀▀▀▀▀▀▀▀▀▀▀▀▀▀▀▀▀▀▀▀▀▀▀▀▀▀▀▀▀▀▀▀▀▀▀▀▀▀▀▀▀▀▀▀▀
  |
  |
  |
  |
  |
  |
  |
  |
  |
  |
  |
  |
  |
  |
  |
  |
  |
  |
  |
  |
  |
  |
  |            j/k move      q quit
  :..........hhhhhhhhhhhhhhhhhhhhhhhhhhhhhhhhhhhhhhhhhhhhhhhhhhhh
  :..........iiiijjjjjjjjkkkkOOmmmmmOOOOOOOOOOOOOOOOOOOOOOOOmmmmm
  :..........hhhhhhhhhhhhhhhhhhhhhhhhhhhhhhhhhhhhhhhhhhhhhhhhhhhh
  :
  :
  :
  :
  :
  :
  :
  :
  :
  :
  :
  :
  :
  :
  :
  :
  :
  :
  :
  :
  :
  :
  :............gggggggggggggggggggggggggggggggggggggggggggggggggggggggggggggggggggggggggggggggggggggggggggggggggg
frame 0050 at 120x40
  header 05eb6f9d
  |          ▄▄▄▄▄▄▄▄▄▄▄▄▄▄▄▄▄▄▄▄▄▄▄▄▄▄▄▄▄▄▄▄▄▄▄▄▄▄▄▄▄▄▄▄▄▄▄▄▄▄▄▄
  |              main    ✓ ✓ ◆ ·    failed in fast · 3s     now
  |          ▀▀▀▀▀▀▀▀▀▀▀▀▀▀▀▀▀▀▀▀▀▀▀▀▀▀▀▀▀▀▀▀▀▀▀▀▀▀▀▀▀▀▀▀▀▀▀▀▀▀▀▀
  |
  |
  |
  |
  |
  |
  |
  |
  |
  |
  |
  |
  |
  |
  |
  |
  |
  |
  |
  |
  |
  |
  |            j/k move      q quit
  :..........nnnnnnnnnnnnnnnnnnnnnnnnnnnnnnnnnnnnnnnnnnnnnnnnnnnn
  :..........ooooppppppppqqqquusssssuuuuuuuuuuuuuuuuuuuuuuuusssss
  :..........nnnnnnnnnnnnnnnnnnnnnnnnnnnnnnnnnnnnnnnnnnnnnnnnnnnn
  :
  :
  :
  :
  :
  :
  :
  :
  :
  :
  :
  :
  :
  :
  :
  :
  :
  :
  :
  :
  :
  :
  :............gggggggggggggggggggggggggggggggggggggggggggggggggggggggggggggggggggggggggggggggggggggggggggggggggg
frame 0051 at 120x40
  header 037b9997
  |          ▄▄▄▄▄▄▄▄▄▄▄▄▄▄▄▄▄▄▄▄▄▄▄▄▄▄▄▄▄▄▄▄▄▄▄▄▄▄▄▄▄▄▄▄▄▄▄▄▄▄▄▄
  |              main    ✓ ✓ ◆ ·    failed in fast · 3s     now
  |          ▀▀▀▀▀▀▀▀▀▀▀▀▀▀▀▀▀▀▀▀▀▀▀▀▀▀▀▀▀▀▀▀▀▀▀▀▀▀▀▀▀▀▀▀▀▀▀▀▀▀▀▀
  |
  |
  |
  |
  |
  |
  |
  |
  |
  |
  |
  |
  |
  |
  |
  |
  |
  |
  |
  |
  |
  |
  |            j/k move      q quit
  :..........nnnnnnnnnnnnnnnnnnnnnnnnnnnnnnnnnnnnnnnnnnnnnnnnnnnn
  :..........ooooppppppppqqqquusssssuuuuuuuuuuuuuuuuuuuuuuuusssss
  :..........nnnnnnnnnnnnnnnnnnnnnnnnnnnnnnnnnnnnnnnnnnnnnnnnnnnn
  :
  :
  :
  :
  :
  :
  :
  :
  :
  :
  :
  :
  :
  :
  :
  :
  :
  :
  :
  :
  :
  :
  :............gggggggggggggggggggggggggggggggggggggggggggggggggggggggggggggggggggggggggggggggggggggggggggggggggg
frame 0052 at 120x40
  header 785f8aaf
  |          ▄▄▄▄▄▄▄▄▄▄▄▄▄▄▄▄▄▄▄▄▄▄▄▄▄▄▄▄▄▄▄▄▄▄▄▄▄▄▄▄▄▄▄▄▄▄▄▄▄▄▄▄
  |              main    ✓ ✓ ◆ ·    failed in fast · 3s     now
  |          ▀▀▀▀▀▀▀▀▀▀▀▀▀▀▀▀▀▀▀▀▀▀▀▀▀▀▀▀▀▀▀▀▀▀▀▀▀▀▀▀▀▀▀▀▀▀▀▀▀▀▀▀
  |
  |
  |
  |
  |
  |
  |
  |
  |
  |
  |
  |
  |
  |
  |
  |
  |
  |
  |
  |
  |
  |
  |            j/k move      q quit
  :..........nnnnnnnnnnnnnnnnnnnnnnnnnnnnnnnnnnnnnnnnnnnnnnnnnnnn
  :..........ooooppppppppqqqquusssssuuuuuuuuuuuuuuuuuuuuuuuusssss
  :..........nnnnnnnnnnnnnnnnnnnnnnnnnnnnnnnnnnnnnnnnnnnnnnnnnnnn
  :
  :
  :
  :
  :
  :
  :
  :
  :
  :
  :
  :
  :
  :
  :
  :
  :
  :
  :
  :
  :
  :
  :............gggggggggggggggggggggggggggggggggggggggggggggggggggggggggggggggggggggggggggggggggggggggggggggggggg
frame 0053 at 120x40
  header cabf8dde
  |          ▄▄▄▄▄▄▄▄▄▄▄▄▄▄▄▄▄▄▄▄▄▄▄▄▄▄▄▄▄▄▄▄▄▄▄▄▄▄▄▄▄▄▄▄▄▄▄▄▄▄▄▄
  |              main    ✓ ✓ ◆ ·    failed in fast · 3s     now
  |          ▀▀▀▀▀▀▀▀▀▀▀▀▀▀▀▀▀▀▀▀▀▀▀▀▀▀▀▀▀▀▀▀▀▀▀▀▀▀▀▀▀▀▀▀▀▀▀▀▀▀▀▀
  |
  |
  |
  |
  |
  |
  |
  |
  |
  |
  |
  |
  |
  |
  |
  |
  |
  |
  |
  |
  |
  |
  |            j/k move      q quit
  :..........wwwwwwwwwwwwwwwwwwwwwwwwwwwwwwwwwwwwwwwwwwwwwwwwwwww
  :..........xxxxyyyyyyyyzzzzBBCCCCCBBBBBBBBBBBBBBBBBBBBBBBBCCCCC
  :..........wwwwwwwwwwwwwwwwwwwwwwwwwwwwwwwwwwwwwwwwwwwwwwwwwwww
  :
  :
  :
  :
  :
  :
  :
  :
  :
  :
  :
  :
  :
  :
  :
  :
  :
  :
  :
  :
  :
  :
  :............gggggggggggggggggggggggggggggggggggggggggggggggggggggggggggggggggggggggggggggggggggggggggggggggggg
frame 0054 at 120x40
  header 70ccbfc5
  |          ▄▄▄▄▄▄▄▄▄▄▄▄▄▄▄▄▄▄▄▄▄▄▄▄▄▄▄▄▄▄▄▄▄▄▄▄▄▄▄▄▄▄▄▄▄▄▄▄▄▄▄▄
  |              main    ✓ ✓ ◆ ·    failed in fast · 3s     now
  |          ▀▀▀▀▀▀▀▀▀▀▀▀▀▀▀▀▀▀▀▀▀▀▀▀▀▀▀▀▀▀▀▀▀▀▀▀▀▀▀▀▀▀▀▀▀▀▀▀▀▀▀▀
  |
  |
  |
  |
  |
  |
  |
  |
  |
  |
  |
  |
  |
  |
  |
  |
  |
  |
  |
  |
  |
  |
  |            j/k move      q quit
  :..........wwwwwwwwwwwwwwwwwwwwwwwwwwwwwwwwwwwwwwwwwwwwwwwwwwww
  :..........xxxxyyyyyyyyzzzzBBCCCCCBBBBBBBBBBBBBBBBBBBBBBBBCCCCC
  :..........wwwwwwwwwwwwwwwwwwwwwwwwwwwwwwwwwwwwwwwwwwwwwwwwwwww
  :
  :
  :
  :
  :
  :
  :
  :
  :
  :
  :
  :
  :
  :
  :
  :
  :
  :
  :
  :
  :
  :
  :............gggggggggggggggggggggggggggggggggggggggggggggggggggggggggggggggggggggggggggggggggggggggggggggggggg
frame 0055 at 120x40
  header 79b0d06f
  |          ▄▄▄▄▄▄▄▄▄▄▄▄▄▄▄▄▄▄▄▄▄▄▄▄▄▄▄▄▄▄▄▄▄▄▄▄▄▄▄▄▄▄▄▄▄▄▄▄▄▄▄▄
  |              main    ✓ ✓ ◆ ·    failed in fast · 3s     now
  |          ▀▀▀▀▀▀▀▀▀▀▀▀▀▀▀▀▀▀▀▀▀▀▀▀▀▀▀▀▀▀▀▀▀▀▀▀▀▀▀▀▀▀▀▀▀▀▀▀▀▀▀▀
  |
  |
  |
  |
  |
  |
  |
  |
  |
  |
  |
  |
  |
  |
  |
  |
  |
  |
  |
  |
  |
  |
  |            j/k move      q quit
  :..........wwwwwwwwwwwwwwwwwwwwwwwwwwwwwwwwwwwwwwwwwwwwwwwwwwww
  :..........xxxxyyyyyyyyzzzzBBCCCCCBBBBBBBBBBBBBBBBBBBBBBBBCCCCC
  :..........wwwwwwwwwwwwwwwwwwwwwwwwwwwwwwwwwwwwwwwwwwwwwwwwwwww
  :
  :
  :
  :
  :
  :
  :
  :
  :
  :
  :
  :
  :
  :
  :
  :
  :
  :
  :
  :
  :
  :
  :............gggggggggggggggggggggggggggggggggggggggggggggggggggggggggggggggggggggggggggggggggggggggggggggggggg
legend
a = fg Rgb(46, 20, 26), bg Default, []
b = fg Default, bg Rgb(46, 20, 26), []
c = fg Rgb(242, 239, 250), bg Rgb(46, 20, 26), ["bold"]
d = fg Rgb(111, 184, 170), bg Rgb(46, 20, 26), []
e = fg Rgb(143, 184, 222), bg Rgb(46, 20, 26), []
f = fg Rgb(85, 82, 104), bg Rgb(46, 20, 26), []
g = fg Rgb(85, 82, 104), bg Default, []
h = fg Rgb(52, 23, 30), bg Default, []
i = fg Default, bg Rgb(52, 23, 30), []
j = fg Rgb(242, 239, 250), bg Rgb(52, 23, 30), ["bold"]
k = fg Rgb(111, 184, 170), bg Rgb(52, 23, 30), []
l = fg Rgb(143, 184, 222), bg Rgb(52, 23, 30), []
m = fg Rgb(85, 82, 104), bg Rgb(52, 23, 30), []
n = fg Rgb(58, 25, 33), bg Default, []
o = fg Default, bg Rgb(58, 25, 33), []
p = fg Rgb(242, 239, 250), bg Rgb(58, 25, 33), ["bold"]
q = fg Rgb(111, 184, 170), bg Rgb(58, 25, 33), []
r = fg Rgb(143, 184, 222), bg Rgb(58, 25, 33), []
s = fg Rgb(85, 82, 104), bg Rgb(58, 25, 33), []
t = fg Idx(15), bg Idx(196), ["bold"]
u = fg Rgb(220, 132, 118), bg Rgb(58, 25, 33), []
v = fg Idx(15), bg Idx(160), ["bold"]
w = fg Rgb(64, 28, 37), bg Default, []
x = fg Default, bg Rgb(64, 28, 37), []
y = fg Rgb(242, 239, 250), bg Rgb(64, 28, 37), ["bold"]
z = fg Rgb(111, 184, 170), bg Rgb(64, 28, 37), []
A = fg Idx(15), bg Idx(124), ["bold"]
B = fg Rgb(220, 132, 118), bg Rgb(64, 28, 37), []
C = fg Rgb(85, 82, 104), bg Rgb(64, 28, 37), []
D = fg Idx(9), bg Idx(88), ["bold"]
E = fg Idx(9), bg Idx(52), ["bold"]
F = fg Idx(9), bg Rgb(64, 28, 37), ["bold"]
G = fg Rgb(70, 30, 40), bg Default, []
H = fg Default, bg Rgb(70, 30, 40), []
I = fg Rgb(242, 239, 250), bg Rgb(70, 30, 40), ["bold"]
J = fg Rgb(111, 184, 170), bg Rgb(70, 30, 40), []
K = fg Rgb(220, 132, 118), bg Rgb(70, 30, 40), []
L = fg Rgb(85, 82, 104), bg Rgb(70, 30, 40), []
M = fg Idx(1), bg Default, ["bold"]
N = fg Idx(1), bg Default, []
O = fg Rgb(220, 132, 118), bg Rgb(52, 23, 30), []
P = fg Idx(1), bg Default, ["dim"]
Q = fg Rgb(220, 132, 118), bg Rgb(46, 20, 26), []
