---
source: tests/suite/snapshots.rs
assertion_line: 32
expression: "render(& frames(\"success-fireworks\"))"
---
frame 0001 at 100x30
  header 6d42ba03
  |
  |                  lint     build    fast     slow
  |▌› 8d552d0  main  ✓ 0.3s   ✓ 1.2s   ⠙ 2s     ·        RUNNING    now
  |   c67191d  main  ✓ 0.3s   ✓ 1.2s   ✓ 1.8s   ✓ 47s    passed     10m
  |   1767828  main  ✓ 0.3s   ✓ 1.2s   ✓ 1.8s   ✓ 51s    passed      2h
  |
  |  j/k move   c cancel   q quit
  |
  |
  |
  |
  |
  |
  |
  |
  |
  :
  :..................aaaaaaaaaaaaaaaaaaaaaaaaaaaaaaa
  :bccdddddddddcccccceeeeeeeeeeeeeeeeeefffffffffgggggggggfffffffffffdddd
  :...hhhhhhhhhiiiiiijjjjjjjjjjjjjjjjjjjjjjjjjjjjjjjjjjjjjjjjjjjjjjjhhh
  :...hhhhhhhhhiiiiiijjjjjjjjjjjjjjjjjjjjjjjjjjjjjjjjjjjjjjjjjjjjjjjjhh
  :
  :kkkkkkkkkkkkkkkkkkkkkkkkkkkkkk
  :
  :
  :
  :
  :
  :
  :
  :
  :
frame 0002 at 100x30
  header b6775f15
  |
  |                  lint     build    fast     slow
  |▌› 8d552d0  main  ✓ 0.3s   ✓ 1.2s   ⠹ 2s     ·        RUNNING    now
  |   c67191d  main  ✓ 0.3s   ✓ 1.2s   ✓ 1.8s   ✓ 47s    passed     10m
  |   1767828  main  ✓ 0.3s   ✓ 1.2s   ✓ 1.8s   ✓ 51s    passed      2h
  |
  |  j/k move   c cancel   q quit
  |
  |
  |
  |
  |
  |
  |
  |
  |
  :
  :..................aaaaaaaaaaaaaaaaaaaaaaaaaaaaaaa
  :bccdddddddddcccccceeeeeeeeeeeeeeeeeefffffffffgggggggggfffffffffffdddd
  :...hhhhhhhhhiiiiiijjjjjjjjjjjjjjjjjjjjjjjjjjjjjjjjjjjjjjjjjjjjjjjhhh
  :...hhhhhhhhhiiiiiijjjjjjjjjjjjjjjjjjjjjjjjjjjjjjjjjjjjjjjjjjjjjjjjhh
  :
  :kkkkkkkkkkkkkkkkkkkkkkkkkkkkkk
  :
  :
  :
  :
  :
  :
  :
  :
  :
frame 0003 at 100x30
  header 522ec8cf
  |
  |                  lint     build    fast     slow
  |▌› 8d552d0  main  ✓ 0.3s   ✓ 1.2s   ⠸ 2s     ·        RUNNING    now
  |   c67191d  main  ✓ 0.3s   ✓ 1.2s   ✓ 1.8s   ✓ 47s    passed     10m
  |   1767828  main  ✓ 0.3s   ✓ 1.2s   ✓ 1.8s   ✓ 51s    passed      2h
  |
  |  j/k move   c cancel   q quit
  |
  |
  |
  |
  |
  |
  |
  |
  |
  :
  :..................aaaaaaaaaaaaaaaaaaaaaaaaaaaaaaa
  :bccdddddddddcccccceeeeeeeeeeeeeeeeeefffffffffgggggggggfffffffffffdddd
  :...hhhhhhhhhiiiiiijjjjjjjjjjjjjjjjjjjjjjjjjjjjjjjjjjjjjjjjjjjjjjjhhh
  :...hhhhhhhhhiiiiiijjjjjjjjjjjjjjjjjjjjjjjjjjjjjjjjjjjjjjjjjjjjjjjjhh
  :
  :kkkkkkkkkkkkkkkkkkkkkkkkkkkkkk
  :
  :
  :
  :
  :
  :
  :
  :
  :
frame 0004 at 100x30
  header accf857c
  |
  |                  lint     build    fast     slow
  |▌› 8d552d0  main  ✓ 0.3s   ✓ 1.2s   ⠼ 2s     ·        RUNNING    now
  |   c67191d  main  ✓ 0.3s   ✓ 1.2s   ✓ 1.8s   ✓ 47s    passed     10m
  |   1767828  main  ✓ 0.3s   ✓ 1.2s   ✓ 1.8s   ✓ 51s    passed      2h
  |
  |  j/k move   c cancel   q quit
  |
  |
  |
  |
  |
  |
  |
  |
  |
  :
  :..................aaaaaaaaaaaaaaaaaaaaaaaaaaaaaaa
  :bccdddddddddcccccceeeeeeeeeeeeeeeeeefffffffffgggggggggfffffffffffdddd
  :...hhhhhhhhhiiiiiijjjjjjjjjjjjjjjjjjjjjjjjjjjjjjjjjjjjjjjjjjjjjjjhhh
  :...hhhhhhhhhiiiiiijjjjjjjjjjjjjjjjjjjjjjjjjjjjjjjjjjjjjjjjjjjjjjjjhh
  :
  :kkkkkkkkkkkkkkkkkkkkkkkkkkkkkk
  :
  :
  :
  :
  :
  :
  :
  :
  :
frame 0005 at 100x30
  header 133b76df
  |
  |                  lint     build    fast     slow
  |▌› 8d552d0  main  ✓ 0.3s   ✓ 1.2s   ⠴ 2s     ·        RUNNING    now
  |   c67191d  main  ✓ 0.3s   ✓ 1.2s   ✓ 1.8s   ✓ 47s    passed     10m
  |   1767828  main  ✓ 0.3s   ✓ 1.2s   ✓ 1.8s   ✓ 51s    passed      2h
  |
  |  j/k move   c cancel   q quit
  |
  |
  |
  |
  |
  |
  |
  |
  |
  :
  :..................aaaaaaaaaaaaaaaaaaaaaaaaaaaaaaa
  :lccdddddddddcccccceeeeeeeeeeeeeeeeeefffffffffgggggggggfffffffffffdddd
  :...hhhhhhhhhiiiiiijjjjjjjjjjjjjjjjjjjjjjjjjjjjjjjjjjjjjjjjjjjjjjjhhh
  :...hhhhhhhhhiiiiiijjjjjjjjjjjjjjjjjjjjjjjjjjjjjjjjjjjjjjjjjjjjjjjjhh
  :
  :kkkkkkkkkkkkkkkkkkkkkkkkkkkkkk
  :
  :
  :
  :
  :
  :
  :
  :
  :
frame 0006 at 100x30
  header bec183d0
  |
  |                  lint     build    fast     slow
  |▌› 8d552d0  main  ✓ 0.3s   ✓ 1.2s   ⠦ 2s     ·        RUNNING    now
  |   c67191d  main  ✓ 0.3s   ✓ 1.2s   ✓ 1.8s   ✓ 47s    passed     10m
  |   1767828  main  ✓ 0.3s   ✓ 1.2s   ✓ 1.8s   ✓ 51s    passed      2h
  |
  |  j/k move   c cancel   q quit
  |
  |
  |
  |
  |
  |
  |
  |
  |
  :
  :..................aaaaaaaaaaaaaaaaaaaaaaaaaaaaaaa
  :lccdddddddddcccccceeeeeeeeeeeeeeeeeefffffffffgggggggggfffffffffffdddd
  :...hhhhhhhhhiiiiiijjjjjjjjjjjjjjjjjjjjjjjjjjjjjjjjjjjjjjjjjjjjjjjhhh
  :...hhhhhhhhhiiiiiijjjjjjjjjjjjjjjjjjjjjjjjjjjjjjjjjjjjjjjjjjjjjjjjhh
  :
  :kkkkkkkkkkkkkkkkkkkkkkkkkkkkkk
  :
  :
  :
  :
  :
  :
  :
  :
  :
frame 0007 at 100x30
  header 63feebb7
  |
  |                  lint     build    fast     slow
  |▌› 8d552d0  main  ✓ 0.3s   ✓ 1.2s   ⠧ 2s     ·        RUNNING    now
  |   c67191d  main  ✓ 0.3s   ✓ 1.2s   ✓ 1.8s   ✓ 47s    passed     10m
  |   1767828  main  ✓ 0.3s   ✓ 1.2s   ✓ 1.8s   ✓ 51s    passed      2h
  |
  |  j/k move   c cancel   q quit
  |
  |
  |
  |
  |
  |
  |
  |
  |
  :
  :..................aaaaaaaaaaaaaaaaaaaaaaaaaaaaaaa
  :lccdddddddddcccccceeeeeeeeeeeeeeeeeefffffffffgggggggggfffffffffffdddd
  :...hhhhhhhhhiiiiiijjjjjjjjjjjjjjjjjjjjjjjjjjjjjjjjjjjjjjjjjjjjjjjhhh
  :...hhhhhhhhhiiiiiijjjjjjjjjjjjjjjjjjjjjjjjjjjjjjjjjjjjjjjjjjjjjjjjhh
  :
  :kkkkkkkkkkkkkkkkkkkkkkkkkkkkkk
  :
  :
  :
  :
  :
  :
  :
  :
  :
frame 0008 at 100x30
  header 49873264
  |
  |                  lint     build    fast     slow
  |▌› 8d552d0  main  ✓ 0.3s   ✓ 1.2s   ⠇ 2s     ·        RUNNING    now
  |   c67191d  main  ✓ 0.3s   ✓ 1.2s   ✓ 1.8s   ✓ 47s    passed     10m
  |   1767828  main  ✓ 0.3s   ✓ 1.2s   ✓ 1.8s   ✓ 51s    passed      2h
  |
  |  j/k move   c cancel   q quit
  |
  |
  |
  |
  |
  |
  |
  |
  |
  :
  :..................aaaaaaaaaaaaaaaaaaaaaaaaaaaaaaa
  :lccdddddddddcccccceeeeeeeeeeeeeeeeeefffffffffgggggggggfffffffffffdddd
  :...hhhhhhhhhiiiiiijjjjjjjjjjjjjjjjjjjjjjjjjjjjjjjjjjjjjjjjjjjjjjjhhh
  :...hhhhhhhhhiiiiiijjjjjjjjjjjjjjjjjjjjjjjjjjjjjjjjjjjjjjjjjjjjjjjjhh
  :
  :kkkkkkkkkkkkkkkkkkkkkkkkkkkkkk
  :
  :
  :
  :
  :
  :
  :
  :
  :
frame 0009 at 100x30
  header 6ed725d1
  |
  |                  lint     build    fast     slow
  |▌› 8d552d0  main  ✓ 0.3s   ✓ 1.2s   ⠏ 2s     ·        RUNNING    now
  |   c67191d  main  ✓ 0.3s   ✓ 1.2s   ✓ 1.8s   ✓ 47s    passed     10m
  |   1767828  main  ✓ 0.3s   ✓ 1.2s   ✓ 1.8s   ✓ 51s    passed      2h
  |
  |  j/k move   c cancel   q quit
  |
  |
  |
  |
  |
  |
  |
  |
  |
  :
  :..................aaaaaaaaaaaaaaaaaaaaaaaaaaaaaaa
  :lccdddddddddcccccceeeeeeeeeeeeeeeeeefffffffffgggggggggfffffffffffdddd
  :...hhhhhhhhhiiiiiijjjjjjjjjjjjjjjjjjjjjjjjjjjjjjjjjjjjjjjjjjjjjjjhhh
  :...hhhhhhhhhiiiiiijjjjjjjjjjjjjjjjjjjjjjjjjjjjjjjjjjjjjjjjjjjjjjjjhh
  :
  :kkkkkkkkkkkkkkkkkkkkkkkkkkkkkk
  :
  :
  :
  :
  :
  :
  :
  :
  :
frame 0010 at 100x30
  header 67709551
  |
  |                  lint     build    fast     slow
  |▌› 8d552d0  main  ✓ 0.3s   ✓ 1.2s   ⠋ 3s     ·        RUNNING    now
  |   c67191d  main  ✓ 0.3s   ✓ 1.2s   ✓ 1.8s   ✓ 47s    passed     10m
  |   1767828  main  ✓ 0.3s   ✓ 1.2s   ✓ 1.8s   ✓ 51s    passed      2h
  |
  |  j/k move   c cancel   q quit
  |
  |
  |
  |
  |
  |
  |
  |
  |
  :
  :..................aaaaaaaaaaaaaaaaaaaaaaaaaaaaaaa
  :bccdddddddddcccccceeeeeeeeeeeeeeeeeefffffffffgggggggggfffffffffffdddd
  :...hhhhhhhhhiiiiiijjjjjjjjjjjjjjjjjjjjjjjjjjjjjjjjjjjjjjjjjjjjjjjhhh
  :...hhhhhhhhhiiiiiijjjjjjjjjjjjjjjjjjjjjjjjjjjjjjjjjjjjjjjjjjjjjjjjhh
  :
  :kkkkkkkkkkkkkkkkkkkkkkkkkkkkkk
  :
  :
  :
  :
  :
  :
  :
  :
  :
frame 0011 at 100x30
  header 1f11c1bb
  |
  |                  lint     build    fast     slow
  |▌› 8d552d0  main  ✓ 0.3s   ✓ 1.2s   ✓ 2.5s   ·        PASSED     now
  |   c67191d  main  ✓ 0.3s   ✓ 1.2s   ✓ 1.8s   ✓ 47s    passed     10m
  |   1767828  main  ✓ 0.3s   ✓ 1.2s   ✓ 1.8s   ✓ 51s    passed      2h
  |
  |  j/k move   c cancel   q quit
  |
  |
  |
  |
  |
  |
  |
  |
  |
  :
  :..................aaaaaaaaaaaaaaaaaaaaaaaaaaaaaaa
  :eccdddddddddcccccceeeeeeeeeeeeeeeeeeeeeeeeeeegggggggggmmmmmmmmmmmdddd
  :...hhhhhhhhhiiiiiijjjjjjjjjjjjjjjjjjjjjjjjjjjjjjjjjjjjjjjjjjjjjjjhhh
  :...hhhhhhhhhiiiiiijjjjjjjjjjjjjjjjjjjjjjjjjjjjjjjjjjjjjjjjjjjjjjjjhh
  :
  :kkkkkkkkkkkkkkkkkkkkkkkkkkkkkk
  :
  :
  :
  :
  :
  :
  :
  :
  :
frame 0012 at 100x30
  header 43b97117
  |
  |                  lint     build    fast     slow
  |▌› 8d552d0  main  ✓ 0.3s   ✓ 1.2s   ✓ 2.5s   ·        PASSED     now
  |   c67191d  main  ✓ 0.3s   ✓ 1.2s   ✓ 1.8s   ✓ 47s    passed     10m
  |   1767828  main  ✓ 0.3s   ✓ 1.2s   ✓ 1.8s   ✓ 51s    passed      2h
  |
  |  j/k move   c cancel   q quit
  |
  |
  |
  |
  |
  |
  |
  |
  |
  :
  :..................aaaaaaaaaaaaaaaaaaaaaaaaaaaaaaa
  :eccdddddddddcccccceeeeeeeeeeeeeeeeeeeeeeeeeeegggggggggmmmmmmmmmmmdddd
  :...hhhhhhhhhiiiiiijjjjjjjjjjjjjjjjjjjjjjjjjjjjjjjjjjjjjjjjjjjjjjjhhh
  :...hhhhhhhhhiiiiiijjjjjjjjjjjjjjjjjjjjjjjjjjjjjjjjjjjjjjjjjjjjjjjjhh
  :
  :kkkkkkkkkkkkkkkkkkkkkkkkkkkkkk
  :
  :
  :
  :
  :
  :
  :
  :
  :
frame 0013 at 100x30
  header dbc091ef
  |
  |                  lint     build    fast     slow
  |▌› 8d552d0  main  ✓ 0.3s   ✓ 1.2s   ✓ 2.5s   ·        PASSED     now
  |   c67191d  main  ✓ 0.3s   ✓ 1.2s   ✓ 1.8s   ✓ 47s    passed     10m
  |   1767828  main  ✓ 0.3s   ✓ 1.2s   ✓ 1.8s   ✓ 51s    passed      2h
  |
  |  j/k move   c cancel   q quit
  |
  |
  |
  |
  |
  |
  |
  |
  |
  :
  :..................aaaaaaaaaaaaaaaaaaaaaaaaaaaaaaa
  :eccdddddddddcccccceeeeeeeeeeeeeeeeeeeeeeeeeeegggggggggmmmmmmmmmmmdddd
  :...hhhhhhhhhiiiiiijjjjjjjjjjjjjjjjjjjjjjjjjjjjjjjjjjjjjjjjjjjjjjjhhh
  :...hhhhhhhhhiiiiiijjjjjjjjjjjjjjjjjjjjjjjjjjjjjjjjjjjjjjjjjjjjjjjjhh
  :
  :kkkkkkkkkkkkkkkkkkkkkkkkkkkkkk
  :
  :
  :
  :
  :
  :
  :
  :
  :
frame 0014 at 100x30
  header 7eb304c0
  |
  |                  lint     build    fast     slow
  |▌› 8d552d0  main  ✓ 0.3s   ✓ 1.2s   ✓ 2.5s   ·        PASSED     now
  |   c67191d  main  ✓ 0.3s   ✓ 1.2s   ✓ 1.8s   ✓ 47s    passed     10m
  |   1767828  main  ✓ 0.3s   ✓ 1.2s   ✓ 1.8s   ✓ 51s    passed      2h
  |
  |  j/k move   c cancel   q quit
  |
  |
  |
  |
  |
  |
  |
  |
  |
  :
  :..................aaaaaaaaaaaaaaaaaaaaaaaaaaaaaaa
  :eccdddddddddcccccceeeeeeeeeeeeeeeeeeeeeeeeeeegggggggggmmmmmmmmmmmdddd
  :...hhhhhhhhhiiiiiijjjjjjjjjjjjjjjjjjjjjjjjjjjjjjjjjjjjjjjjjjjjjjjhhh
  :...hhhhhhhhhiiiiiijjjjjjjjjjjjjjjjjjjjjjjjjjjjjjjjjjjjjjjjjjjjjjjjhh
  :
  :kkkkkkkkkkkkkkkkkkkkkkkkkkkkkk
  :
  :
  :
  :
  :
  :
  :
  :
  :
frame 0015 at 100x30
  header 87813dc7
  |
  |                  lint     build    fast     slow
  |▌› 8d552d0  main  ✓ 0.3s   ✓ 1.2s   ✓ 2.5s   ·        PASSED     now
  |   c67191d  main  ✓ 0.3s   ✓ 1.2s   ✓ 1.8s   ✓ 47s    passed     10m
  |   1767828  main  ✓ 0.3s   ✓ 1.2s   ✓ 1.8s   ✓ 51s    passed      2h
  |
  |  j/k move   c cancel   q quit
  |
  |
  |
  |
  |
  |
  |
  |
  |
  :
  :..................aaaaaaaaaaaaaaaaaaaaaaaaaaaaaaa
  :eccdddddddddcccccceeeeeeeeeeeeeeeeeenoooooeeegggggggggmmmmmmmmmmmdddd
  :...hhhhhhhhhiiiiiijjjjjjjjjjjjjjjjjjjjjjjjjjjjjjjjjjjjjjjjjjjjjjjhhh
  :...hhhhhhhhhiiiiiijjjjjjjjjjjjjjjjjjjjjjjjjjjjjjjjjjjjjjjjjjjjjjjjhh
  :
  :kkkkkkkkkkkkkkkkkkkkkkkkkkkkkk
  :
  :
  :
  :
  :
  :
  :
  :
  :
frame 0016 at 100x30
  header a9a2b691
  |
  |                  lint     build    fast     slow
  |▌› 8d552d0  main  ✓ 0.3s   ✓ 1.2s   ✓ 2.5s   ·        PASSED     now
  |   c67191d  main  ✓ 0.3s   ✓ 1.2s   ✓ 1.8s   ✓ 47s    passed     10m
  |   1767828  main  ✓ 0.3s   ✓ 1.2s   ✓ 1.8s   ✓ 51s    passed      2h
  |
  |  j/k move   c cancel   q quit
  |
  |
  |
  |
  |
  |
  |
  |
  |
  :
  :..................aaaaaaaaaaaaaaaaaaaaaaaaaaaaaaa
  :eccdddddddddcccccceeeeeeeeeeeeeeeeeepnooooeeegggggggggmmmmmmmmmmmdddd
  :...hhhhhhhhhiiiiiijjjjjjjjjjjjjjjjjjjjjjjjjjjjjjjjjjjjjjjjjjjjjjjhhh
  :...hhhhhhhhhiiiiiijjjjjjjjjjjjjjjjjjjjjjjjjjjjjjjjjjjjjjjjjjjjjjjjhh
  :
  :kkkkkkkkkkkkkkkkkkkkkkkkkkkkkk
  :
  :
  :
  :
  :
  :
  :
  :
  :
frame 0017 at 100x30
  header ee53a827
  |
  |                  lint     build    fast     slow
  |▌› 8d552d0  main  ✓ 0.3s   ✓ 1.2s   ✓ 2.5s   ·        PASSED     now
  |   c67191d  main  ✓ 0.3s   ✓ 1.2s   ✓ 1.8s   ✓ 47s    passed     10m
  |   1767828  main  ✓ 0.3s   ✓ 1.2s   ✓ 1.8s   ✓ 51s    passed      2h
  |
  |  j/k move   c cancel   q quit
  |
  |
  |
  |
  |
  |
  |
  |
  |
  :
  :..................aaaaaaaaaaaaaaaaaaaaaaaaaaaaaaa
  :eccdddddddddcccccceeeeeeeeeeeeeeeeeeppnoooeeegggggggggmmmmmmmmmmmdddd
  :...hhhhhhhhhiiiiiijjjjjjjjjjjjjjjjjjjjjjjjjjjjjjjjjjjjjjjjjjjjjjjhhh
  :...hhhhhhhhhiiiiiijjjjjjjjjjjjjjjjjjjjjjjjjjjjjjjjjjjjjjjjjjjjjjjjhh
  :
  :kkkkkkkkkkkkkkkkkkkkkkkkkkkkkk
  :
  :
  :
  :
  :
  :
  :
  :
  :
frame 0018 at 100x30
  header 697bb9d7
  |
  |                  lint     build    fast     slow
  |▌› 8d552d0  main  ✓ 0.3s   ✓ 1.2s   ✓ 2.5s   ·        PASSED     now
  |   c67191d  main  ✓ 0.3s   ✓ 1.2s   ✓ 1.8s   ✓ 47s    passed     10m
  |   1767828  main  ✓ 0.3s   ✓ 1.2s   ✓ 1.8s   ✓ 51s    passed      2h
  |
  |  j/k move   c cancel   q quit
  |
  |
  |
  |
  |
  |
  |
  |
  |
  :
  :..................aaaaaaaaaaaaaaaaaaaaaaaaaaaaaaa
  :eccdddddddddcccccceeeeeeeeeeeeeeeeeepppnooeeegggggggggmmmmmmmmmmmdddd
  :...hhhhhhhhhiiiiiijjjjjjjjjjjjjjjjjjjjjjjjjjjjjjjjjjjjjjjjjjjjjjjhhh
  :...hhhhhhhhhiiiiiijjjjjjjjjjjjjjjjjjjjjjjjjjjjjjjjjjjjjjjjjjjjjjjjhh
  :
  :kkkkkkkkkkkkkkkkkkkkkkkkkkkkkk
  :
  :
  :
  :
  :
  :
  :
  :
  :
frame 0019 at 100x30
  header 9c511181
  |
  |                  lint     build    fast     slow
  |▌› 8d552d0  main  ✓ 0.3s   ✓ 1.2s   ✓ 2.5s   ·        PASSED     now
  |   c67191d  main  ✓ 0.3s   ✓ 1.2s   ✓ 1.8s   ✓ 47s    passed     10m
  |   1767828  main  ✓ 0.3s   ✓ 1.2s   ✓ 1.8s   ✓ 51s    passed      2h
  |                                         * * * NICE! * * *
  |  j/k move   c cancel   q quit
  |
  |
  |
  |
  |
  |
  |
  |
  |
  :
  :..................aaaaaaaaaaaaaaaaaaaaaaaaaaaaaaa
  :eccdddddddddcccccceeeeeeeeeeeeeeeeeeppppnoeeegggggggggmmmmmmmmmmmdddd
  :...hhhhhhhhhiiiiiijjjjjjjjjjjjjjjjjjjjjjjjjjjjjjjjjjjjjjjjjjjjjjjhhh
  :...hhhhhhhhhiiiiiijjjjjjjjjjjjjjjjjjjjjjjjjjjjjjjjjjjjjjjjjjjjjjjjhh
  :.........................................ooooooooooooooooo
  :kkkkkkkkkkkkkkkkkkkkkkkkkkkkkk
  :
  :
  :
  :
  :
  :
  :
  :
  :
frame 0020 at 100x30
  header 66a2957f
  |
  |                  lint     build    fast     slow
  |▌› 8d552d0  main  ✓ 0.3s   ✓ 1.2s   ✓ 2.5s   ·        PASSED     now
  |   c67191d  main  ✓ 0.3s   ✓ 1.2s   ✓ 1.8s   ✓ 47s    passed     10m
  |   1767828  main  ✓ 0.3s   ✓ 1.2s   ✓ 1.8s   ✓ 51s    passed      2h
  |                                         * * * NICE! * * *
  |  j/k move   c cancel   q quit
  |
  |
  |
  |
  |
  |
  |
  |
  |
  :
  :..................aaaaaaaaaaaaaaaaaaaaaaaaaaaaaaa
  :eccdddddddddcccccceeeeeeeeeeeeeeeeeepppppneeegggggggggmmmmmmmmmmmdddd
  :...hhhhhhhhhiiiiiijjjjjjjjjjjjjjjjjjjjjjjjjjjjjjjjjjjjjjjjjjjjjjjhhh
  :...hhhhhhhhhiiiiiijjjjjjjjjjjjjjjjjjjjjjjjjjjjjjjjjjjjjjjjjjjjjjjjhh
  :.........................................ooooooooooooooooo
  :kkkkkkkkkkkkkkkkkkkkkkkkkkkkkk
  :
  :
  :
  :
  :
  :
  :
  :
  :
frame 0021 at 100x30
  header f33e431f
  |
  |                  lint     build    fast     slow
  |▌› 8d552d0  main  ✓ 0.3s   ✓ 1.2s   ✓ 2.5s   ·        PASSED     now
  |   c67191d  main  ✓ 0.3s   ✓ 1.2s   ✓ 1.8s   ✓ 47s    passed     10m
  |   1767828  main  ✓ 0.3s   ✓ 1.2s   ✓ 1.8s   ✓ 51s    passed      2h
  |                                         * * * NICE! * * *
  |  j/k move   c cancel   q quit
  |
  |
  |
  |
  |
  |
  |
  |
  |
  :
  :..................aaaaaaaaaaaaaaaaaaaaaaaaaaaaaaa
  :eccdddddddddcccccceeeeeeeeeeeeeeeeeeppppppeeegggggggggmmmmmmmmmmmdddd
  :...hhhhhhhhhiiiiiijjjjjjjjjjjjjjjjjjjjjjjjjjjjjjjjjjjjjjjjjjjjjjjhhh
  :...hhhhhhhhhiiiiiijjjjjjjjjjjjjjjjjjjjjjjjjjjjjjjjjjjjjjjjjjjjjjjjhh
  :.........................................ooooooooooooooooo
  :kkkkkkkkkkkkkkkkkkkkkkkkkkkkkk
  :
  :
  :
  :
  :
  :
  :
  :
  :
frame 0022 at 100x30
  header 28a33449
  |
  |                  lint     build    fast     slow
  |▌› 8d552d0  main  ✓ 0.3s   ✓ 1.2s   ✓ 2.5s   ·        PASSED     now
  |   c67191d  main  ✓ 0.3s   ✓ 1.2s   ✓ 1.8s   ✓ 47s    passed     10m
  |   1767828  main  ✓ 0.3s   ✓ 1.2s   ✓ 1.8s   ✓ 51s    passed      2h
  |                                         * * * NICE! * * *
  |  j/k move   c cancel   q quit
  |
  |
  |
  |
  |
  |
  |
  |
  |
  :
  :..................aaaaaaaaaaaaaaaaaaaaaaaaaaaaaaa
  :eccdddddddddcccccceeeeeeeeeeeeeeeeeeeeeeeeeeegggggggggmmmmmmmmmmmdddd
  :...hhhhhhhhhiiiiiijjjjjjjjjjjjjjjjjjjjjjjjjjjjjjjjjjjjjjjjjjjjjjjhhh
  :...hhhhhhhhhiiiiiijjjjjjjjjjjjjjjjjjjjjjjjjjjjjjjjjjjjjjjjjjjjjjjjhh
  :.........................................ooooooooooooooooo
  :kkkkkkkkkkkkkkkkkkkkkkkkkkkkkk
  :
  :
  :
  :
  :
  :
  :
  :
  :
frame 0023 at 100x30
  header 7a2d0e44
  |
  |                  lint     build    fast     slow
  |▌› 8d552d0  main  ✓ 0.3s   ✓ 1.2s   ✓ 2.5s   ·        PASSED     now
  |   c67191d  main  ✓ 0.3s   ✓ 1.2s   ✓ 1.8s   ✓ 47s    passed     10m
  |   1767828  main  ✓ 0.3s   ✓ 1.2s   ✓ 1.8s   ✓ 51s    passed      2h
  |                                         * * * NICE! * * *
  |  j/k move   c cancel   q quit
  |
  |
  |
  |
  |
  |
  |
  |
  |
  :
  :..................aaaaaaaaaaaaaaaaaaaaaaaaaaaaaaa
  :eccdddddddddcccccceeeeeeeeeeeeeeeeeeeeeeeeeeegggggggggmmmmmmmmmmmdddd
  :...hhhhhhhhhiiiiiijjjjjjjjjjjjjjjjjjjjjjjjjjjjjjjjjjjjjjjjjjjjjjjhhh
  :...hhhhhhhhhiiiiiijjjjjjjjjjjjjjjjjjjjjjjjjjjjjjjjjjjjjjjjjjjjjjjjhh
  :.........................................ooooooooooooooooo
  :kkkkkkkkkkkkkkkkkkkkkkkkkkkkkk
  :
  :
  :
  :
  :
  :
  :
  :
  :
frame 0024 at 100x30
  header 661e6e33
  |
  |                  lint     build    fast     slow
  |▌› 8d552d0  main  ✓ 0.3s   ✓ 1.2s   ✓ 2.5s   ·        PASSED     now
  |   c67191d  main  ✓ 0.3s   ✓ 1.2s   ✓ 1.8s   ✓ 47s    passed     10m
  |   1767828  main  ✓ 0.3s   ✓ 1.2s   ✓ 1.8s   ✓ 51s    passed      2h
  |                                         * * * NICE! * * *
  |  j/k move   c cancel   q quit
  |
  |
  |
  |
  |
  |
  |
  |
  |
  :
  :..................aaaaaaaaaaaaaaaaaaaaaaaaaaaaaaa
  :eccdddddddddcccccceeeeeeeeeeeeeeeeeeeeeeeeeeegggggggggmmmmmmmmmmmdddd
  :...hhhhhhhhhiiiiiijjjjjjjjjjjjjjjjjjjjjjjjjjjjjjjjjjjjjjjjjjjjjjjhhh
  :...hhhhhhhhhiiiiiijjjjjjjjjjjjjjjjjjjjjjjjjjjjjjjjjjjjjjjjjjjjjjjjhh
  :.........................................ooooooooooooooooo
  :kkkkkkkkkkkkkkkkkkkkkkkkkkkkkk
  :
  :
  :
  :
  :
  :
  :
  :
  :
frame 0025 at 100x30
  header e1c1b72e
  |
  |                  lint     build    fast     slow
  |▌› 8d552d0  main  ✓ 0.3s   ✓ 1.2s   ✓ 2.5s   ·        PASSED     now
  |   c67191d  main  ✓ 0.3s   ✓ 1.2s   ✓ 1.8s   ✓ 47s    passed     10m
  |   1767828  main  ✓ 0.3s   ✓ 1.2s   ✓ 1.8s   ✓ 51s    passed      2h
  |                                         * * * NICE! * * *
  |  j/k move   c cancel   q quit
  |
  |
  |
  |
  |
  |
  |
  |
  |
  :
  :..................aaaaaaaaaaaaaaaaaaaaaaaaaaaaaaa
  :eccdddddddddcccccceeeeeeeeeeeeeeeeeeeeeeeeeeegggggggggmmmmmmmmmmmdddd
  :...hhhhhhhhhiiiiiijjjjjjjjjjjjjjjjjjjjjjjjjjjjjjjjjjjjjjjjjjjjjjjhhh
  :...hhhhhhhhhiiiiiijjjjjjjjjjjjjjjjjjjjjjjjjjjjjjjjjjjjjjjjjjjjjjjjhh
  :.........................................ooooooooooooooooo
  :kkkkkkkkkkkkkkkkkkkkkkkkkkkkkk
  :
  :
  :
  :
  :
  :
  :
  :
  :
frame 0026 at 100x30
  header a510edb6
  |
  |                  lint     build    fast     slow
  |▌› 8d552d0  main  ✓ 0.3s   ✓ 1.2s   ✓ 2.5s   ·        PASSED     now
  |   c67191d  main  ✓ 0.3s   ✓ 1.2s   ✓ 1.8s   ✓ 47s    passed     10m
  |   1767828  main  ✓ 0.3s   ✓ 1.2s   ✓ 1.8s   ✓ 51s    passed      2h
  |                                         * * * NICE! * * *
  |  j/k move   c cancel   q quit
  |
  |
  |
  |
  |
  |
  |
  |
  |
  :
  :..................aaaaaaaaaaaaaaaaaaaaaaaaaaaaaaa
  :eccdddddddddcccccceeeeeeeeeeeeeeeeeeeeeeeeeeegggggggggmmmmmmmmmmmdddd
  :...hhhhhhhhhiiiiiijjjjjjjjjjjjjjjjjjjjjjjjjjjjjjjjjjjjjjjjjjjjjjjhhh
  :...hhhhhhhhhiiiiiijjjjjjjjjjjjjjjjjjjjjjjjjjjjjjjjjjjjjjjjjjjjjjjjhh
  :.........................................ooooooooooooooooo
  :kkkkkkkkkkkkkkkkkkkkkkkkkkkkkk
  :
  :
  :
  :
  :
  :
  :
  :
  :
frame 0027 at 100x30
  header df828d63
  |
  |                  lint     build    fast     slow
  |▌› 8d552d0  main  ✓ 0.3s   ✓ 1.2s   ✓ 2.5s   ·        PASSED     now
  |   c67191d  main  ✓ 0.3s   ✓ 1.2s   ✓ 1.8s   ✓ 47s    passed     10m
  |   1767828  main  ✓ 0.3s   ✓ 1.2s   ✓ 1.8s   ✓ 51s    passed      2h
  |                                       . + . * NICE! * . + .
  |  j/k move   c cancel   q quit
  |
  |
  |
  |
  |
  |
  |
  |
  |
  :
  :..................aaaaaaaaaaaaaaaaaaaaaaaaaaaaaaa
  :eccdddddddddcccccceeeeeeeeeeeeeeeeeeeeeeeeeeegggggggggmmmmmmmmmmmdddd
  :...hhhhhhhhhiiiiiijjjjjjjjjjjjjjjjjjjjjjjjjjjjjjjjjjjjjjjjjjjjjjjhhh
  :...hhhhhhhhhiiiiiijjjjjjjjjjjjjjjjjjjjjjjjjjjjjjjjjjjjjjjjjjjjjjjjhh
  :.......................................ppppppppppppppppppppp
  :kkkkkkkkkkkkkkkkkkkkkkkkkkkkkk
  :
  :
  :
  :
  :
  :
  :
  :
  :
frame 0028 at 100x30
  header f94d4cad
  |
  |                  lint     build    fast     slow
  |▌› 8d552d0  main  ✓ 0.3s   ✓ 1.2s   ✓ 2.5s   ·        PASSED     now
  |   c67191d  main  ✓ 0.3s   ✓ 1.2s   ✓ 1.8s   ✓ 47s    passed     10m
  |   1767828  main  ✓ 0.3s   ✓ 1.2s   ✓ 1.8s   ✓ 51s    passed      2h
  |                                       . + . * NICE! * . + .
  |  j/k move   c cancel   q quit
  |
  |
  |
  |
  |
  |
  |
  |
  |
  :
  :..................aaaaaaaaaaaaaaaaaaaaaaaaaaaaaaa
  :eccdddddddddcccccceeeeeeeeeeeeeeeeeeeeeeeeeeegggggggggmmmmmmmmmmmdddd
  :...hhhhhhhhhiiiiiijjjjjjjjjjjjjjjjjjjjjjjjjjjjjjjjjjjjjjjjjjjjjjjhhh
  :...hhhhhhhhhiiiiiijjjjjjjjjjjjjjjjjjjjjjjjjjjjjjjjjjjjjjjjjjjjjjjjhh
  :.......................................ppppppppppppppppppppp
  :kkkkkkkkkkkkkkkkkkkkkkkkkkkkkk
  :
  :
  :
  :
  :
  :
  :
  :
  :
frame 0029 at 100x30
  header fd4c6a33
  |
  |                  lint     build    fast     slow
  |▌› 8d552d0  main  ✓ 0.3s   ✓ 1.2s   ✓ 2.5s   ·        PASSED     now
  |   c67191d  main  ✓ 0.3s   ✓ 1.2s   ✓ 1.8s   ✓ 47s    passed     10m
  |   1767828  main  ✓ 0.3s   ✓ 1.2s   ✓ 1.8s   ✓ 51s    passed      2h
  |                                       . + . * NICE! * . + .
  |  j/k move   c cancel   q quit
  |
  |
  |
  |
  |
  |
  |
  |
  |
  :
  :..................aaaaaaaaaaaaaaaaaaaaaaaaaaaaaaa
  :eccdddddddddcccccceeeeeeeeeeeeeeeeeeeeeeeeeeegggggggggmmmmmmmmmmmdddd
  :...hhhhhhhhhiiiiiijjjjjjjjjjjjjjjjjjjjjjjjjjjjjjjjjjjjjjjjjjjjjjjhhh
  :...hhhhhhhhhiiiiiijjjjjjjjjjjjjjjjjjjjjjjjjjjjjjjjjjjjjjjjjjjjjjjjhh
  :.......................................ppppppppppppppppppppp
  :kkkkkkkkkkkkkkkkkkkkkkkkkkkkkk
  :
  :
  :
  :
  :
  :
  :
  :
  :
frame 0030 at 100x30
  header f0374c0d
  |
  |                  lint     build    fast     slow
  |▌› 8d552d0  main  ✓ 0.3s   ✓ 1.2s   ✓ 2.5s   ·        PASSED     now
  |   c67191d  main  ✓ 0.3s   ✓ 1.2s   ✓ 1.8s   ✓ 47s    passed     10m
  |   1767828  main  ✓ 0.3s   ✓ 1.2s   ✓ 1.8s   ✓ 51s    passed      2h
  |                                       . + . * NICE! * . + .
  |  j/k move   c cancel   q quit
  |
  |
  |
  |
  |
  |
  |
  |
  |
  :
  :..................aaaaaaaaaaaaaaaaaaaaaaaaaaaaaaa
  :eccdddddddddcccccceeeeeeeeeeeeeeeeeeeeeeeeeeegggggggggmmmmmmmmmmmdddd
  :...hhhhhhhhhiiiiiijjjjjjjjjjjjjjjjjjjjjjjjjjjjjjjjjjjjjjjjjjjjjjjhhh
  :...hhhhhhhhhiiiiiijjjjjjjjjjjjjjjjjjjjjjjjjjjjjjjjjjjjjjjjjjjjjjjjhh
  :.......................................ppppppppppppppppppppp
  :kkkkkkkkkkkkkkkkkkkkkkkkkkkkkk
  :
  :
  :
  :
  :
  :
  :
  :
  :
frame 0031 at 100x30
  header 48fe7cec
  |
  |                  lint     build    fast     slow
  |▌› 8d552d0  main  ✓ 0.3s   ✓ 1.2s   ✓ 2.5s   ·        PASSED     now
  |   c67191d  main  ✓ 0.3s   ✓ 1.2s   ✓ 1.8s   ✓ 47s    passed     10m
  |   1767828  main  ✓ 0.3s   ✓ 1.2s   ✓ 1.8s   ✓ 51s    passed      2h
  |                                       . + . * NICE! * . + .
  |  j/k move   c cancel   q quit
  |
  |
  |
  |
  |
  |
  |
  |
  |
  :
  :..................aaaaaaaaaaaaaaaaaaaaaaaaaaaaaaa
  :eccdddddddddcccccceeeeeeeeeeeeeeeeeeeeeeeeeeegggggggggmmmmmmmmmmmdddd
  :...hhhhhhhhhiiiiiijjjjjjjjjjjjjjjjjjjjjjjjjjjjjjjjjjjjjjjjjjjjjjjhhh
  :...hhhhhhhhhiiiiiijjjjjjjjjjjjjjjjjjjjjjjjjjjjjjjjjjjjjjjjjjjjjjjjhh
  :.......................................ppppppppppppppppppppp
  :kkkkkkkkkkkkkkkkkkkkkkkkkkkkkk
  :
  :
  :
  :
  :
  :
  :
  :
  :
frame 0032 at 100x30
  header 821fce66
  |
  |                  lint     build    fast     slow
  |▌› 8d552d0  main  ✓ 0.3s   ✓ 1.2s   ✓ 2.5s   ·        PASSED     now
  |   c67191d  main  ✓ 0.3s   ✓ 1.2s   ✓ 1.8s   ✓ 47s    passed     10m
  |   1767828  main  ✓ 0.3s   ✓ 1.2s   ✓ 1.8s   ✓ 51s    passed      2h
  |                                       . + . * NICE! * . + .
  |  j/k move   c cancel   q quit
  |
  |
  |
  |
  |
  |
  |
  |
  |
  :
  :..................aaaaaaaaaaaaaaaaaaaaaaaaaaaaaaa
  :eccdddddddddcccccceeeeeeeeeeeeeeeeeeeeeeeeeeegggggggggmmmmmmmmmmmdddd
  :...hhhhhhhhhiiiiiijjjjjjjjjjjjjjjjjjjjjjjjjjjjjjjjjjjjjjjjjjjjjjjhhh
  :...hhhhhhhhhiiiiiijjjjjjjjjjjjjjjjjjjjjjjjjjjjjjjjjjjjjjjjjjjjjjjjhh
  :.......................................ppppppppppppppppppppp
  :kkkkkkkkkkkkkkkkkkkkkkkkkkkkkk
  :
  :
  :
  :
  :
  :
  :
  :
  :
frame 0033 at 100x30
  header 306525c5
  |
  |                  lint     build    fast     slow
  |▌› 8d552d0  main  ✓ 0.3s   ✓ 1.2s   ✓ 2.5s   ·        PASSED     now
  |   c67191d  main  ✓ 0.3s   ✓ 1.2s   ✓ 1.8s   ✓ 47s    passed     10m
  |   1767828  main  ✓ 0.3s   ✓ 1.2s   ✓ 1.8s   ✓ 51s    passed      2h
  |                                       . + . * NICE! * . + .
  |  j/k move   c cancel   q quit
  |
  |
  |
  |
  |
  |
  |
  |
  |
  :
  :..................aaaaaaaaaaaaaaaaaaaaaaaaaaaaaaa
  :eccdddddddddcccccceeeeeeeeeeeeeeeeeeeeeeeeeeegggggggggmmmmmmmmmmmdddd
  :...hhhhhhhhhiiiiiijjjjjjjjjjjjjjjjjjjjjjjjjjjjjjjjjjjjjjjjjjjjjjjhhh
  :...hhhhhhhhhiiiiiijjjjjjjjjjjjjjjjjjjjjjjjjjjjjjjjjjjjjjjjjjjjjjjjhh
  :.......................................ppppppppppppppppppppp
  :kkkkkkkkkkkkkkkkkkkkkkkkkkkkkk
  :
  :
  :
  :
  :
  :
  :
  :
  :
frame 0034 at 100x30
  header b0c7f364
  |
  |                  lint     build    fast     slow
  |▌› 8d552d0  main  ✓ 0.3s   ✓ 1.2s   ✓ 2.5s   ·        PASSED     now
  |   c67191d  main  ✓ 0.3s   ✓ 1.2s   ✓ 1.8s   ✓ 47s    passed     10m
  |   1767828  main  ✓ 0.3s   ✓ 1.2s   ✓ 1.8s   ✓ 51s    passed      2h
  |                                       . + . * NICE! * . + .
  |  j/k move   c cancel   q quit
  |
  |
  |
  |
  |
  |
  |
  |
  |
  :
  :..................aaaaaaaaaaaaaaaaaaaaaaaaaaaaaaa
  :eccdddddddddcccccceeeeeeeeeeeeeeeeeeeeeeeeeeegggggggggmmmmmmmmmmmdddd
  :...hhhhhhhhhiiiiiijjjjjjjjjjjjjjjjjjjjjjjjjjjjjjjjjjjjjjjjjjjjjjjhhh
  :...hhhhhhhhhiiiiiijjjjjjjjjjjjjjjjjjjjjjjjjjjjjjjjjjjjjjjjjjjjjjjjhh
  :.......................................ppppppppppppppppppppp
  :kkkkkkkkkkkkkkkkkkkkkkkkkkkkkk
  :
  :
  :
  :
  :
  :
  :
  :
  :
frame 0035 at 100x30
  header 6317c1ba
  |
  |                  lint     build    fast     slow
  |▌› 8d552d0  main  ✓ 0.3s   ✓ 1.2s   ✓ 2.5s   ·        PASSED     now
  |   c67191d  main  ✓ 0.3s   ✓ 1.2s   ✓ 1.8s   ✓ 47s    passed     10m
  |   1767828  main  ✓ 0.3s   ✓ 1.2s   ✓ 1.8s   ✓ 51s    passed      2h
  |                                       ' . + .  nice  . + . '
  |  j/k move   c cancel   q quit
  |
  |
  |
  |
  |
  |
  |
  |
  |
  :
  :..................aaaaaaaaaaaaaaaaaaaaaaaaaaaaaaa
  :eccdddddddddcccccceeeeeeeeeeeeeeeeeeeeeeeeeeegggggggggmmmmmmmmmmmdddd
  :...hhhhhhhhhiiiiiijjjjjjjjjjjjjjjjjjjjjjjjjjjjjjjjjjjjjjjjjjjjjjjhhh
  :...hhhhhhhhhiiiiiijjjjjjjjjjjjjjjjjjjjjjjjjjjjjjjjjjjjjjjjjjjjjjjjhh
  :.......................................qqqqqqqqqqqqqqqqqqqqqq
  :kkkkkkkkkkkkkkkkkkkkkkkkkkkkkk
  :
  :
  :
  :
  :
  :
  :
  :
  :
frame 0036 at 100x30
  header 3bfc828c
  |
  |                  lint     build    fast     slow
  |▌› 8d552d0  main  ✓ 0.3s   ✓ 1.2s   ✓ 2.5s   ·        PASSED     now
  |   c67191d  main  ✓ 0.3s   ✓ 1.2s   ✓ 1.8s   ✓ 47s    passed     10m
  |   1767828  main  ✓ 0.3s   ✓ 1.2s   ✓ 1.8s   ✓ 51s    passed      2h
  |                                       ' . + .  nice  . + . '
  |  j/k move   c cancel   q quit
  |
  |
  |
  |
  |
  |
  |
  |
  |
  :
  :..................aaaaaaaaaaaaaaaaaaaaaaaaaaaaaaa
  :eccdddddddddcccccceeeeeeeeeeeeeeeeeeeeeeeeeeegggggggggmmmmmmmmmmmdddd
  :...hhhhhhhhhiiiiiijjjjjjjjjjjjjjjjjjjjjjjjjjjjjjjjjjjjjjjjjjjjjjjhhh
  :...hhhhhhhhhiiiiiijjjjjjjjjjjjjjjjjjjjjjjjjjjjjjjjjjjjjjjjjjjjjjjjhh
  :.......................................qqqqqqqqqqqqqqqqqqqqqq
  :kkkkkkkkkkkkkkkkkkkkkkkkkkkkkk
  :
  :
  :
  :
  :
  :
  :
  :
  :
frame 0037 at 100x30
  header 43b2bf11
  |
  |                  lint     build    fast     slow
  |▌› 8d552d0  main  ✓ 0.3s   ✓ 1.2s   ✓ 2.5s   ·        PASSED     now
  |   c67191d  main  ✓ 0.3s   ✓ 1.2s   ✓ 1.8s   ✓ 47s    passed     10m
  |   1767828  main  ✓ 0.3s   ✓ 1.2s   ✓ 1.8s   ✓ 51s    passed      2h
  |                                       ' . + .  nice  . + . '
  |  j/k move   c cancel   q quit
  |
  |
  |
  |
  |
  |
  |
  |
  |
  :
  :..................aaaaaaaaaaaaaaaaaaaaaaaaaaaaaaa
  :eccdddddddddcccccceeeeeeeeeeeeeeeeeeeeeeeeeeegggggggggmmmmmmmmmmmdddd
  :...hhhhhhhhhiiiiiijjjjjjjjjjjjjjjjjjjjjjjjjjjjjjjjjjjjjjjjjjjjjjjhhh
  :...hhhhhhhhhiiiiiijjjjjjjjjjjjjjjjjjjjjjjjjjjjjjjjjjjjjjjjjjjjjjjjhh
  :.......................................qqqqqqqqqqqqqqqqqqqqqq
  :kkkkkkkkkkkkkkkkkkkkkkkkkkkkkk
  :
  :
  :
  :
  :
  :
  :
  :
  :
frame 0038 at 100x30
  header 046006d8
  |
  |                  lint     build    fast     slow
  |▌› 8d552d0  main  ✓ 0.3s   ✓ 1.2s   ✓ 2.5s   ·        PASSED     now
  |   c67191d  main  ✓ 0.3s   ✓ 1.2s   ✓ 1.8s   ✓ 47s    passed     10m
  |   1767828  main  ✓ 0.3s   ✓ 1.2s   ✓ 1.8s   ✓ 51s    passed      2h
  |                                       ' . + .  nice  . + . '
  |  j/k move   c cancel   q quit
  |
  |
  |
  |
  |
  |
  |
  |
  |
  :
  :..................aaaaaaaaaaaaaaaaaaaaaaaaaaaaaaa
  :eccdddddddddcccccceeeeeeeeeeeeeeeeeeeeeeeeeeegggggggggmmmmmmmmmmmdddd
  :...hhhhhhhhhiiiiiijjjjjjjjjjjjjjjjjjjjjjjjjjjjjjjjjjjjjjjjjjjjjjjhhh
  :...hhhhhhhhhiiiiiijjjjjjjjjjjjjjjjjjjjjjjjjjjjjjjjjjjjjjjjjjjjjjjjhh
  :.......................................qqqqqqqqqqqqqqqqqqqqqq
  :kkkkkkkkkkkkkkkkkkkkkkkkkkkkkk
  :
  :
  :
  :
  :
  :
  :
  :
  :
frame 0039 at 100x30
  header 2c7acb03
  |
  |                  lint     build    fast     slow
  |▌› 8d552d0  main  ✓ 0.3s   ✓ 1.2s   ✓ 2.5s   ·        PASSED     now
  |   c67191d  main  ✓ 0.3s   ✓ 1.2s   ✓ 1.8s   ✓ 47s    passed     10m
  |   1767828  main  ✓ 0.3s   ✓ 1.2s   ✓ 1.8s   ✓ 51s    passed      2h
  |                                       ' . + .  nice  . + . '
  |  j/k move   c cancel   q quit
  |
  |
  |
  |
  |
  |
  |
  |
  |
  :
  :..................aaaaaaaaaaaaaaaaaaaaaaaaaaaaaaa
  :eccdddddddddcccccceeeeeeeeeeeeeeeeeeeeeeeeeeegggggggggmmmmmmmmmmmdddd
  :...hhhhhhhhhiiiiiijjjjjjjjjjjjjjjjjjjjjjjjjjjjjjjjjjjjjjjjjjjjjjjhhh
  :...hhhhhhhhhiiiiiijjjjjjjjjjjjjjjjjjjjjjjjjjjjjjjjjjjjjjjjjjjjjjjjhh
  :.......................................qqqqqqqqqqqqqqqqqqqqqq
  :kkkkkkkkkkkkkkkkkkkkkkkkkkkkkk
  :
  :
  :
  :
  :
  :
  :
  :
  :
frame 0040 at 100x30
  header 8410ecb6
  |
  |                  lint     build    fast     slow
  |▌› 8d552d0  main  ✓ 0.3s   ✓ 1.2s   ✓ 2.5s   ·        PASSED     now
  |   c67191d  main  ✓ 0.3s   ✓ 1.2s   ✓ 1.8s   ✓ 47s    passed     10m
  |   1767828  main  ✓ 0.3s   ✓ 1.2s   ✓ 1.8s   ✓ 51s    passed      2h
  |                                       ' . + .  nice  . + . '
  |  j/k move   c cancel   q quit
  |
  |
  |
  |
  |
  |
  |
  |
  |
  :
  :..................aaaaaaaaaaaaaaaaaaaaaaaaaaaaaaa
  :eccdddddddddcccccceeeeeeeeeeeeeeeeeeeeeeeeeeegggggggggmmmmmmmmmmmdddd
  :...hhhhhhhhhiiiiiijjjjjjjjjjjjjjjjjjjjjjjjjjjjjjjjjjjjjjjjjjjjjjjhhh
  :...hhhhhhhhhiiiiiijjjjjjjjjjjjjjjjjjjjjjjjjjjjjjjjjjjjjjjjjjjjjjjjhh
  :.......................................qqqqqqqqqqqqqqqqqqqqqq
  :kkkkkkkkkkkkkkkkkkkkkkkkkkkkkk
  :
  :
  :
  :
  :
  :
  :
  :
  :
frame 0041 at 100x30
  header a4270a0b
  |
  |                  lint     build    fast     slow
  |▌› 8d552d0  main  ✓ 0.3s   ✓ 1.2s   ✓ 2.5s   ·        PASSED     now
  |   c67191d  main  ✓ 0.3s   ✓ 1.2s   ✓ 1.8s   ✓ 47s    passed     10m
  |   1767828  main  ✓ 0.3s   ✓ 1.2s   ✓ 1.8s   ✓ 51s    passed      2h
  |                                       ' . + .  nice  . + . '
  |  j/k move   c cancel   q quit
  |
  |
  |
  |
  |
  |
  |
  |
  |
  :
  :..................aaaaaaaaaaaaaaaaaaaaaaaaaaaaaaa
  :eccdddddddddcccccceeeeeeeeeeeeeeeeeeeeeeeeeeegggggggggmmmmmmmmmmmdddd
  :...hhhhhhhhhiiiiiijjjjjjjjjjjjjjjjjjjjjjjjjjjjjjjjjjjjjjjjjjjjjjjhhh
  :...hhhhhhhhhiiiiiijjjjjjjjjjjjjjjjjjjjjjjjjjjjjjjjjjjjjjjjjjjjjjjjhh
  :.......................................qqqqqqqqqqqqqqqqqqqqqq
  :kkkkkkkkkkkkkkkkkkkkkkkkkkkkkk
  :
  :
  :
  :
  :
  :
  :
  :
  :
frame 0042 at 100x30
  header d7acb8da
  |
  |                  lint     build    fast     slow
  |▌› 8d552d0  main  ✓ 0.3s   ✓ 1.2s   ✓ 2.5s   ·        PASSED     now
  |   c67191d  main  ✓ 0.3s   ✓ 1.2s   ✓ 1.8s   ✓ 47s    passed     10m
  |   1767828  main  ✓ 0.3s   ✓ 1.2s   ✓ 1.8s   ✓ 51s    passed      2h
  |                                       ' . + .  nice  . + . '
  |  j/k move   c cancel   q quit
  |
  |
  |
  |
  |
  |
  |
  |
  |
  :
  :..................aaaaaaaaaaaaaaaaaaaaaaaaaaaaaaa
  :eccdddddddddcccccceeeeeeeeeeeeeeeeeeeeeeeeeeegggggggggmmmmmmmmmmmdddd
  :...hhhhhhhhhiiiiiijjjjjjjjjjjjjjjjjjjjjjjjjjjjjjjjjjjjjjjjjjjjjjjhhh
  :...hhhhhhhhhiiiiiijjjjjjjjjjjjjjjjjjjjjjjjjjjjjjjjjjjjjjjjjjjjjjjjhh
  :.......................................qqqqqqqqqqqqqqqqqqqqqq
  :kkkkkkkkkkkkkkkkkkkkkkkkkkkkkk
  :
  :
  :
  :
  :
  :
  :
  :
  :
frame 0043 at 100x30
  header b00fa3e2
  |
  |                  lint     build    fast     slow
  |▌› 8d552d0  main  ✓ 0.3s   ✓ 1.2s   ✓ 2.5s   ·        PASSED     now
  |   c67191d  main  ✓ 0.3s   ✓ 1.2s   ✓ 1.8s   ✓ 47s    passed     10m
  |   1767828  main  ✓ 0.3s   ✓ 1.2s   ✓ 1.8s   ✓ 51s    passed      2h
  |
  |  j/k move   c cancel   q quit
  |
  |
  |
  |
  |
  |
  |
  |
  |
  :
  :..................aaaaaaaaaaaaaaaaaaaaaaaaaaaaaaa
  :eccdddddddddcccccceeeeeeeeeeeeeeeeeeeeeeeeeeegggggggggmmmmmmmmmmmdddd
  :...hhhhhhhhhiiiiiijjjjjjjjjjjjjjjjjjjjjjjjjjjjjjjjjjjjjjjjjjjjjjjhhh
  :...hhhhhhhhhiiiiiijjjjjjjjjjjjjjjjjjjjjjjjjjjjjjjjjjjjjjjjjjjjjjjjhh
  :
  :kkkkkkkkkkkkkkkkkkkkkkkkkkkkkk
  :
  :
  :
  :
  :
  :
  :
  :
  :
frame 0044 at 100x30
  header 25b6717a
  |
  |                  lint     build    fast     slow
  |▌› 8d552d0  main  ✓ 0.3s   ✓ 1.2s   ✓ 2.5s   ·        PASSED     now
  |   c67191d  main  ✓ 0.3s   ✓ 1.2s   ✓ 1.8s   ✓ 47s    passed     10m
  |   1767828  main  ✓ 0.3s   ✓ 1.2s   ✓ 1.8s   ✓ 51s    passed      2h
  |
  |  j/k move   c cancel   q quit
  |
  |
  |
  |
  |
  |
  |
  |
  |
  :
  :..................aaaaaaaaaaaaaaaaaaaaaaaaaaaaaaa
  :eccdddddddddcccccceeeeeeeeeeeeeeeeeeeeeeeeeeegggggggggmmmmmmmmmmmdddd
  :...hhhhhhhhhiiiiiijjjjjjjjjjjjjjjjjjjjjjjjjjjjjjjjjjjjjjjjjjjjjjjhhh
  :...hhhhhhhhhiiiiiijjjjjjjjjjjjjjjjjjjjjjjjjjjjjjjjjjjjjjjjjjjjjjjjhh
  :
  :kkkkkkkkkkkkkkkkkkkkkkkkkkkkkk
  :
  :
  :
  :
  :
  :
  :
  :
  :
frame 0045 at 100x30
  header b8d0d3fb
  |
  |                  lint     build    fast     slow
  |▌› 8d552d0  main  ✓ 0.3s   ✓ 1.2s   ✓ 2.5s   ·        PASSED     now
  |   c67191d  main  ✓ 0.3s   ✓ 1.2s   ✓ 1.8s   ✓ 47s    passed     10m
  |   1767828  main  ✓ 0.3s   ✓ 1.2s   ✓ 1.8s   ✓ 51s    passed      2h
  |
  |  j/k move   c cancel   q quit
  |
  |
  |
  |
  |
  |
  |
  |
  |
  :
  :..................aaaaaaaaaaaaaaaaaaaaaaaaaaaaaaa
  :eccdddddddddcccccceeeeeeeeeeeeeeeeeeeeeeeeeeegggggggggmmmmmmmmmmmdddd
  :...hhhhhhhhhiiiiiijjjjjjjjjjjjjjjjjjjjjjjjjjjjjjjjjjjjjjjjjjjjjjjhhh
  :...hhhhhhhhhiiiiiijjjjjjjjjjjjjjjjjjjjjjjjjjjjjjjjjjjjjjjjjjjjjjjjhh
  :
  :kkkkkkkkkkkkkkkkkkkkkkkkkkkkkk
  :
  :
  :
  :
  :
  :
  :
  :
  :
frame 0046 at 100x30
  header 7cb5beeb
  |
  |                  lint     build    fast     slow
  |▌› 8d552d0  main  ✓ 0.3s   ✓ 1.2s   ✓ 2.5s   ·        PASSED     now
  |   c67191d  main  ✓ 0.3s   ✓ 1.2s   ✓ 1.8s   ✓ 47s    passed     10m
  |   1767828  main  ✓ 0.3s   ✓ 1.2s   ✓ 1.8s   ✓ 51s    passed      2h
  |
  |  j/k move   c cancel   q quit
  |
  |
  |
  |
  |
  |
  |
  |
  |
  :
  :..................aaaaaaaaaaaaaaaaaaaaaaaaaaaaaaa
  :eccdddddddddcccccceeeeeeeeeeeeeeeeeeeeeeeeeeegggggggggmmmmmmmmmmmdddd
  :...hhhhhhhhhiiiiiijjjjjjjjjjjjjjjjjjjjjjjjjjjjjjjjjjjjjjjjjjjjjjjhhh
  :...hhhhhhhhhiiiiiijjjjjjjjjjjjjjjjjjjjjjjjjjjjjjjjjjjjjjjjjjjjjjjjhh
  :
  :kkkkkkkkkkkkkkkkkkkkkkkkkkkkkk
  :
  :
  :
  :
  :
  :
  :
  :
  :
frame 0047 at 100x30
  header e41cc2f8
  |
  |                  lint     build    fast     slow
  |▌› 8d552d0  main  ✓ 0.3s   ✓ 1.2s   ✓ 2.5s   ·        PASSED     now
  |   c67191d  main  ✓ 0.3s   ✓ 1.2s   ✓ 1.8s   ✓ 47s    passed     10m
  |   1767828  main  ✓ 0.3s   ✓ 1.2s   ✓ 1.8s   ✓ 51s    passed      2h
  |
  |  j/k move   c cancel   q quit
  |
  |
  |
  |
  |
  |
  |
  |
  |
  :
  :..................aaaaaaaaaaaaaaaaaaaaaaaaaaaaaaa
  :eccdddddddddcccccceeeeeeeeeeeeeeeeeeeeeeeeeeegggggggggmmmmmmmmmmmdddd
  :...hhhhhhhhhiiiiiijjjjjjjjjjjjjjjjjjjjjjjjjjjjjjjjjjjjjjjjjjjjjjjhhh
  :...hhhhhhhhhiiiiiijjjjjjjjjjjjjjjjjjjjjjjjjjjjjjjjjjjjjjjjjjjjjjjjhh
  :
  :kkkkkkkkkkkkkkkkkkkkkkkkkkkkkk
  :
  :
  :
  :
  :
  :
  :
  :
  :
frame 0048 at 100x30
  header d596bd16
  |
  |                  lint     build    fast     slow
  |▌› 8d552d0  main  ✓ 0.3s   ✓ 1.2s   ✓ 2.5s   ·        PASSED     now
  |   c67191d  main  ✓ 0.3s   ✓ 1.2s   ✓ 1.8s   ✓ 47s    passed     10m
  |   1767828  main  ✓ 0.3s   ✓ 1.2s   ✓ 1.8s   ✓ 51s    passed      2h
  |
  |  j/k move   c cancel   q quit
  |
  |
  |
  |
  |
  |
  |
  |
  |
  :
  :..................aaaaaaaaaaaaaaaaaaaaaaaaaaaaaaa
  :eccdddddddddcccccceeeeeeeeeeeeeeeeeeeeeeeeeeegggggggggmmmmmmmmmmmdddd
  :...hhhhhhhhhiiiiiijjjjjjjjjjjjjjjjjjjjjjjjjjjjjjjjjjjjjjjjjjjjjjjhhh
  :...hhhhhhhhhiiiiiijjjjjjjjjjjjjjjjjjjjjjjjjjjjjjjjjjjjjjjjjjjjjjjjhh
  :
  :kkkkkkkkkkkkkkkkkkkkkkkkkkkkkk
  :
  :
  :
  :
  :
  :
  :
  :
  :
frame 0049 at 100x30
  header 8405b347
  |
  |                  lint     build    fast     slow
  |▌› 8d552d0  main  ✓ 0.3s   ✓ 1.2s   ✓ 2.5s   ·        PASSED     now
  |   c67191d  main  ✓ 0.3s   ✓ 1.2s   ✓ 1.8s   ✓ 47s    passed     10m
  |   1767828  main  ✓ 0.3s   ✓ 1.2s   ✓ 1.8s   ✓ 51s    passed      2h
  |
  |  j/k move   c cancel   q quit
  |
  |
  |
  |
  |
  |
  |
  |
  |
  :
  :..................aaaaaaaaaaaaaaaaaaaaaaaaaaaaaaa
  :eccdddddddddcccccceeeeeeeeeeeeeeeeeeeeeeeeeeegggggggggmmmmmmmmmmmdddd
  :...hhhhhhhhhiiiiiijjjjjjjjjjjjjjjjjjjjjjjjjjjjjjjjjjjjjjjjjjjjjjjhhh
  :...hhhhhhhhhiiiiiijjjjjjjjjjjjjjjjjjjjjjjjjjjjjjjjjjjjjjjjjjjjjjjjhh
  :
  :kkkkkkkkkkkkkkkkkkkkkkkkkkkkkk
  :
  :
  :
  :
  :
  :
  :
  :
  :
frame 0050 at 100x30
  header 6972f3c5
  |
  |                  lint     build    fast     slow
  |▌› 8d552d0  main  ✓ 0.3s   ✓ 1.2s   ✓ 2.5s   ·        PASSED     now
  |   c67191d  main  ✓ 0.3s   ✓ 1.2s   ✓ 1.8s   ✓ 47s    passed     10m
  |   1767828  main  ✓ 0.3s   ✓ 1.2s   ✓ 1.8s   ✓ 51s    passed      2h
  |
  |  j/k move   c cancel   q quit
  |
  |
  |
  |
  |
  |
  |
  |
  |
  :
  :..................aaaaaaaaaaaaaaaaaaaaaaaaaaaaaaa
  :eccdddddddddcccccceeeeeeeeeeeeeeeeeeeeeeeeeeegggggggggmmmmmmmmmmmdddd
  :...hhhhhhhhhiiiiiijjjjjjjjjjjjjjjjjjjjjjjjjjjjjjjjjjjjjjjjjjjjjjjhhh
  :...hhhhhhhhhiiiiiijjjjjjjjjjjjjjjjjjjjjjjjjjjjjjjjjjjjjjjjjjjjjjjjhh
  :
  :kkkkkkkkkkkkkkkkkkkkkkkkkkkkkk
  :
  :
  :
  :
  :
  :
  :
  :
  :
frame 0051 at 100x30
  header 80f49b90
  |
  |                  lint     build    fast     slow
  |▌› 8d552d0  main  ✓ 0.3s   ✓ 1.2s   ✓ 2.5s   ·        PASSED     now
  |   c67191d  main  ✓ 0.3s   ✓ 1.2s   ✓ 1.8s   ✓ 47s    passed     10m
  |   1767828  main  ✓ 0.3s   ✓ 1.2s   ✓ 1.8s   ✓ 51s    passed      2h
  |
  |  j/k move   c cancel   q quit
  |
  |
  |
  |
  |
  |
  |
  |
  |
  :
  :..................aaaaaaaaaaaaaaaaaaaaaaaaaaaaaaa
  :eccdddddddddcccccceeeeeeeeeeeeeeeeeeeeeeeeeeegggggggggmmmmmmmmmmmdddd
  :...hhhhhhhhhiiiiiijjjjjjjjjjjjjjjjjjjjjjjjjjjjjjjjjjjjjjjjjjjjjjjhhh
  :...hhhhhhhhhiiiiiijjjjjjjjjjjjjjjjjjjjjjjjjjjjjjjjjjjjjjjjjjjjjjjjhh
  :
  :kkkkkkkkkkkkkkkkkkkkkkkkkkkkkk
  :
  :
  :
  :
  :
  :
  :
  :
  :
frame 0052 at 100x30
  header 55e4dfe7
  |
  |                  lint     build    fast     slow
  |▌› 8d552d0  main  ✓ 0.3s   ✓ 1.2s   ✓ 2.5s   ·        PASSED     now
  |   c67191d  main  ✓ 0.3s   ✓ 1.2s   ✓ 1.8s   ✓ 47s    passed     10m
  |   1767828  main  ✓ 0.3s   ✓ 1.2s   ✓ 1.8s   ✓ 51s    passed      2h
  |
  |  j/k move   c cancel   q quit
  |
  |
  |
  |
  |
  |
  |
  |
  |
  :
  :..................aaaaaaaaaaaaaaaaaaaaaaaaaaaaaaa
  :eccdddddddddcccccceeeeeeeeeeeeeeeeeeeeeeeeeeegggggggggmmmmmmmmmmmdddd
  :...hhhhhhhhhiiiiiijjjjjjjjjjjjjjjjjjjjjjjjjjjjjjjjjjjjjjjjjjjjjjjhhh
  :...hhhhhhhhhiiiiiijjjjjjjjjjjjjjjjjjjjjjjjjjjjjjjjjjjjjjjjjjjjjjjjhh
  :
  :kkkkkkkkkkkkkkkkkkkkkkkkkkkkkk
  :
  :
  :
  :
  :
  :
  :
  :
  :
frame 0053 at 100x30
  header 2de62d32
  |
  |                  lint     build    fast     slow
  |▌› 8d552d0  main  ✓ 0.3s   ✓ 1.2s   ✓ 2.5s   ·        PASSED     now
  |   c67191d  main  ✓ 0.3s   ✓ 1.2s   ✓ 1.8s   ✓ 47s    passed     10m
  |   1767828  main  ✓ 0.3s   ✓ 1.2s   ✓ 1.8s   ✓ 51s    passed      2h
  |
  |  j/k move   c cancel   q quit
  |
  |
  |
  |
  |
  |
  |
  |
  |
  :
  :..................aaaaaaaaaaaaaaaaaaaaaaaaaaaaaaa
  :eccdddddddddcccccceeeeeeeeeeeeeeeeeeeeeeeeeeegggggggggmmmmmmmmmmmdddd
  :...hhhhhhhhhiiiiiijjjjjjjjjjjjjjjjjjjjjjjjjjjjjjjjjjjjjjjjjjjjjjjhhh
  :...hhhhhhhhhiiiiiijjjjjjjjjjjjjjjjjjjjjjjjjjjjjjjjjjjjjjjjjjjjjjjjhh
  :
  :kkkkkkkkkkkkkkkkkkkkkkkkkkkkkk
  :
  :
  :
  :
  :
  :
  :
  :
  :
frame 0054 at 100x30
  header c00c5209
  |
  |                  lint     build    fast     slow
  |▌› 8d552d0  main  ✓ 0.3s   ✓ 1.2s   ✓ 2.5s   ·        PASSED     now
  |   c67191d  main  ✓ 0.3s   ✓ 1.2s   ✓ 1.8s   ✓ 47s    passed     10m
  |   1767828  main  ✓ 0.3s   ✓ 1.2s   ✓ 1.8s   ✓ 51s    passed      2h
  |
  |  j/k move   c cancel   q quit
  |
  |
  |
  |
  |
  |
  |
  |
  |
  :
  :..................aaaaaaaaaaaaaaaaaaaaaaaaaaaaaaa
  :eccdddddddddcccccceeeeeeeeeeeeeeeeeeeeeeeeeeegggggggggmmmmmmmmmmmdddd
  :...hhhhhhhhhiiiiiijjjjjjjjjjjjjjjjjjjjjjjjjjjjjjjjjjjjjjjjjjjjjjjhhh
  :...hhhhhhhhhiiiiiijjjjjjjjjjjjjjjjjjjjjjjjjjjjjjjjjjjjjjjjjjjjjjjjhh
  :
  :kkkkkkkkkkkkkkkkkkkkkkkkkkkkkk
  :
  :
  :
  :
  :
  :
  :
  :
  :
frame 0055 at 100x30
  header 1fb5c4e7
  |
  |                  lint     build    fast     slow
  |▌› 8d552d0  main  ✓ 0.3s   ✓ 1.2s   ✓ 2.5s   ·        PASSED     now
  |   c67191d  main  ✓ 0.3s   ✓ 1.2s   ✓ 1.8s   ✓ 47s    passed     10m
  |   1767828  main  ✓ 0.3s   ✓ 1.2s   ✓ 1.8s   ✓ 51s    passed      2h
  |
  |  j/k move   c cancel   q quit
  |
  |
  |
  |
  |
  |
  |
  |
  |
  :
  :..................aaaaaaaaaaaaaaaaaaaaaaaaaaaaaaa
  :eccdddddddddcccccceeeeeeeeeeeeeeeeeeeeeeeeeeegggggggggmmmmmmmmmmmdddd
  :...hhhhhhhhhiiiiiijjjjjjjjjjjjjjjjjjjjjjjjjjjjjjjjjjjjjjjjjjjjjjjhhh
  :...hhhhhhhhhiiiiiijjjjjjjjjjjjjjjjjjjjjjjjjjjjjjjjjjjjjjjjjjjjjjjjhh
  :
  :kkkkkkkkkkkkkkkkkkkkkkkkkkkkkk
  :
  :
  :
  :
  :
  :
  :
  :
  :
legend
a = fg Rgb(75, 81, 92), bg Default, []
b = fg Rgb(79, 214, 232), bg Rgb(29, 39, 51), []
c = fg Rgb(255, 255, 255), bg Rgb(29, 39, 51), ["bold"]
d = fg Rgb(110, 117, 130), bg Rgb(29, 39, 51), []
e = fg Rgb(95, 211, 141), bg Rgb(29, 39, 51), []
f = fg Rgb(79, 214, 232), bg Rgb(29, 39, 51), ["bold"]
g = fg Rgb(75, 81, 92), bg Rgb(29, 39, 51), []
h = fg Rgb(110, 117, 130), bg Default, []
i = fg Rgb(62, 65, 71), bg Default, []
j = fg Rgb(42, 94, 63), bg Default, []
k = fg Default, bg Default, ["dim"]
l = fg Rgb(30, 90, 98), bg Rgb(29, 39, 51), []
m = fg Rgb(95, 211, 141), bg Rgb(29, 39, 51), ["bold"]
n = fg Idx(3), bg Default, ["bold"]
o = fg Idx(2), bg Default, ["bold"]
p = fg Idx(2), bg Default, []
q = fg Idx(2), bg Default, ["dim"]
