---
source: tests/suite/snapshots.rs
assertion_line: 32
expression: "render(& frames(\"wide-200\"))"
---
frame 0001 at 200x50
  header 243af840
  |
  |                                          lint     build    fast     slow
  |▌  f7cf32d  feature/login  fun-ci         ✓ 0.3s   ✓ 1.1s   ⠙ 5s     ·        RUNNING    now
  |▌  d54ede8  main           agent-tome     ◌        ◌        ◌        ◌        waiting    now
  |▌❯ f731578  fix/crash      intent-record  ✓ 0.3s   ✗ 0.9s   ·        ·        FAILED      4m
  |▌  8d552d0  main           fun-ci         ✓ 0.4s   ✓ 1.3s   ▲ 10s    ·        TIMED OUT  25m
  |   c67191d  spike          agent-tome     ✓ 0.3s   ✓ 1.2s   – 0.7s   –        cancelled   1h
  |▌  1767828  main           intent-record  ✓ 0.3s   ✓ 1.2s   ✓ 1.8s   ✓ 1m02   PASSED      1d
  |
  |  j/k move   c cancel   q quit
  |
  |
  |
  |
  |
  |
  |
  |
  |
  |
  |
  |
  |
  |
  |
  |
  |
  |
  |
  |
  |
  |
  |
  |
  |
  |
  :
  :..........................................aaaaaaaaaaaaaaaaaaaaaaaaaaaaaaa
  :bbbcccccccccdddddddddddddddeeeeeeeeeeeeeeeffffffffffffffffffgggggggggaaaaaaaaagggggggggggccc
  :eeecccccccccdddddddddddddddeeeeeeeeeeeeeeeeeeeeeeeeeeeeeeeeeeeeeeeeeeeeeeeeeeehhhhhhhhhhhccc
  :ijjkkkkkkkkkjjjjjjjjjjjjjjjkkkkkkkkkkkkkkklllllllllmmmmmmmmmnnnnnnnnnnnnnnnnnnmmmmmmmmmmmmkkk
  :ooopppppppppqqqqqqqqqqqqqqqppppppppppppppprrrrrrrrrrrrrrrrrrssssssssstttttttttssssssssssspppp
  :...cccccccccaaaaaaaaaaaaaaaaaaaaaaaaaaaaaaaaaaaaaaaaaaaaaaaaaaaaaaaaaaaaaaaaaaaaaaaaaaaaaacc
  :fffcccccccccdddddddddddddddeeeeeeeeeeeeeeeffffffffffffffffffffffffffffffffffffuuuuuuuuuuuucc
  :
  :vvvvvvvvvvvvvvvvvvvvvvvvvvvvvv
  :
  :
  :
  :
  :
  :
  :
  :
  :
  :
  :
  :
  :
  :
  :
  :
  :
  :
  :
  :
  :
  :
  :
  :
  :
  :
frame 0002 at 200x50
  header 8beb5269
  |
  |                                          lint     build    fast     slow
  |▌  f7cf32d  feature/login  fun-ci         ✓ 0.3s   ✓ 1.1s   ⠹ 5s     ·        RUNNING    now
  |▌  d54ede8  main           agent-tome     ◌        ◌        ◌        ◌        waiting    now
  |▌❯ f731578  fix/crash      intent-record  ✓ 0.3s   ✗ 0.9s   ·        ·        FAILED      4m
  |▌  8d552d0  main           fun-ci         ✓ 0.4s   ✓ 1.3s   ▲ 10s    ·        TIMED OUT  25m
  |   c67191d  spike          agent-tome     ✓ 0.3s   ✓ 1.2s   – 0.7s   –        cancelled   1h
  |▌  1767828  main           intent-record  ✓ 0.3s   ✓ 1.2s   ✓ 1.8s   ✓ 1m02   PASSED      1d
  |
  |  j/k move   c cancel   q quit
  |
  |
  |
  |
  |
  |
  |
  |
  |
  |
  |
  |
  |
  |
  |
  |
  |
  |
  |
  |
  |
  |
  |
  |
  |
  |
  :
  :..........................................aaaaaaaaaaaaaaaaaaaaaaaaaaaaaaa
  :bbbcccccccccdddddddddddddddeeeeeeeeeeeeeeeffffffffffffffffffgggggggggaaaaaaaaagggggggggggccc
  :eeecccccccccdddddddddddddddeeeeeeeeeeeeeeeeeeeeeeeeeeeeeeeeeeeeeeeeeeeeeeeeeeehhhhhhhhhhhccc
  :ijjkkkkkkkkkjjjjjjjjjjjjjjjkkkkkkkkkkkkkkklllllllllmmmmmmmmmnnnnnnnnnnnnnnnnnnmmmmmmmmmmmmkkk
  :ooopppppppppqqqqqqqqqqqqqqqppppppppppppppprrrrrrrrrrrrrrrrrrssssssssstttttttttssssssssssspppp
  :...cccccccccaaaaaaaaaaaaaaaaaaaaaaaaaaaaaaaaaaaaaaaaaaaaaaaaaaaaaaaaaaaaaaaaaaaaaaaaaaaaaacc
  :fffcccccccccdddddddddddddddeeeeeeeeeeeeeeeffffffffffffffffffffffffffffffffffffuuuuuuuuuuuucc
  :
  :vvvvvvvvvvvvvvvvvvvvvvvvvvvvvv
  :
  :
  :
  :
  :
  :
  :
  :
  :
  :
  :
  :
  :
  :
  :
  :
  :
  :
  :
  :
  :
  :
  :
  :
  :
  :
frame 0003 at 200x50
  header 7d53d3d2
  |
  |                                          lint     build    fast     slow
  |▌  f7cf32d  feature/login  fun-ci         ✓ 0.3s   ✓ 1.1s   ⠸ 5s     ·        RUNNING    now
  |▌  d54ede8  main           agent-tome     ◌        ◌        ◌        ◌        waiting    now
  |▌❯ f731578  fix/crash      intent-record  ✓ 0.3s   ✗ 0.9s   ·        ·        FAILED      4m
  |▌  8d552d0  main           fun-ci         ✓ 0.4s   ✓ 1.3s   ▲ 10s    ·        TIMED OUT  25m
  |   c67191d  spike          agent-tome     ✓ 0.3s   ✓ 1.2s   – 0.7s   –        cancelled   1h
  |▌  1767828  main           intent-record  ✓ 0.3s   ✓ 1.2s   ✓ 1.8s   ✓ 1m02   PASSED      1d
  |
  |  j/k move   c cancel   q quit
  |
  |
  |
  |
  |
  |
  |
  |
  |
  |
  |
  |
  |
  |
  |
  |
  |
  |
  |
  |
  |
  |
  |
  |
  |
  |
  :
  :..........................................aaaaaaaaaaaaaaaaaaaaaaaaaaaaaaa
  :bbbcccccccccdddddddddddddddeeeeeeeeeeeeeeeffffffffffffffffffgggggggggaaaaaaaaagggggggggggccc
  :eeecccccccccdddddddddddddddeeeeeeeeeeeeeeeeeeeeeeeeeeeeeeeeeeeeeeeeeeeeeeeeeeehhhhhhhhhhhccc
  :ijjkkkkkkkkkjjjjjjjjjjjjjjjkkkkkkkkkkkkkkklllllllllmmmmmmmmmnnnnnnnnnnnnnnnnnnmmmmmmmmmmmmkkk
  :ooopppppppppqqqqqqqqqqqqqqqppppppppppppppprrrrrrrrrrrrrrrrrrssssssssstttttttttssssssssssspppp
  :...cccccccccaaaaaaaaaaaaaaaaaaaaaaaaaaaaaaaaaaaaaaaaaaaaaaaaaaaaaaaaaaaaaaaaaaaaaaaaaaaaaacc
  :fffcccccccccdddddddddddddddeeeeeeeeeeeeeeeffffffffffffffffffffffffffffffffffffuuuuuuuuuuuucc
  :
  :vvvvvvvvvvvvvvvvvvvvvvvvvvvvvv
  :
  :
  :
  :
  :
  :
  :
  :
  :
  :
  :
  :
  :
  :
  :
  :
  :
  :
  :
  :
  :
  :
  :
  :
  :
  :
legend
a = fg Rgb(75, 81, 92), bg Default, []
b = fg Rgb(79, 214, 232), bg Default, []
c = fg Rgb(110, 117, 130), bg Default, []
d = fg Rgb(201, 206, 214), bg Default, []
e = fg Rgb(138, 145, 158), bg Default, []
f = fg Rgb(95, 211, 141), bg Default, []
g = fg Rgb(79, 214, 232), bg Default, ["bold"]
h = fg Rgb(138, 145, 158), bg Default, ["bold"]
i = fg Rgb(255, 95, 95), bg Rgb(78, 41, 45), []
j = fg Rgb(255, 255, 255), bg Rgb(78, 41, 45), ["bold"]
k = fg Rgb(138, 145, 158), bg Rgb(78, 41, 45), []
l = fg Rgb(95, 211, 141), bg Rgb(78, 41, 45), []
m = fg Rgb(255, 95, 95), bg Rgb(78, 41, 45), ["bold"]
n = fg Rgb(75, 81, 92), bg Rgb(78, 41, 45), []
o = fg Rgb(255, 181, 71), bg Rgb(51, 39, 17), []
p = fg Rgb(138, 145, 158), bg Rgb(51, 39, 17), []
q = fg Rgb(201, 206, 214), bg Rgb(51, 39, 17), []
r = fg Rgb(95, 211, 141), bg Rgb(51, 39, 17), []
s = fg Rgb(255, 181, 71), bg Rgb(51, 39, 17), ["bold"]
t = fg Rgb(75, 81, 92), bg Rgb(51, 39, 17), []
u = fg Rgb(95, 211, 141), bg Default, ["bold"]
v = fg Default, bg Default, ["dim"]
