---
source: tests/suite/snapshots.rs
expression: "render(& frames(\"empty\"))"
---
frame 0001 at 80x24
  |                  *                  .                         .
  |
  |                       .                       *
  |                                   .                          .
  |
  |                .              .                  *
  |
  |                            .                                    .
  |                                        .         .
  |
  |                     *                    .
  |                                .                       .
  |
  |                 .                              .
  |
  |
  |          No runs yet.
  |
  |          Set it up:    fun-ci init --everything
  |          Then commit:  each commit starts a run
  |
  |  q quit
  |
  |
  :..................a..................b.........................a
  :
  :.......................b.......................a
  :...................................a..........................b
  :
  :................b..............b..................a
  :
  :............................a....................................b
  :........................................b.........a
  :
  :.....................a....................b
  :................................b.......................a
  :
  :.................b..............................b
  :
  :
  :
  :
  :
  :
  :
  :cccccccc
  :
  :
frame 0002 at 80x24
  |                  *                  .                         .
  |
  |                       .                       *
  |                                   .                          .
  |
  |                .              .                  *
  |
  |                            .                                    .
  |                                        .         .
  |
  |                     *                    .
  |                                .                       .
  |
  |                 .                              .
  |
  |
  |          No runs yet.
  |
  |          Set it up:    fun-ci init --everything
  |          Then commit:  each commit starts a run
  |
  |  q quit
  |
  |
  :..................a..................b.........................a
  :
  :.......................b.......................a
  :...................................a..........................b
  :
  :................b..............b..................a
  :
  :............................a....................................b
  :........................................b.........a
  :
  :.....................a....................b
  :................................b.......................a
  :
  :.................b..............................b
  :
  :
  :
  :
  :
  :
  :
  :cccccccc
  :
  :
frame 0003 at 80x24
  |                  *                  .                         .
  |
  |                       .                       *
  |                                   .                          .
  |
  |                .              .                  *
  |
  |                            .                                    .
  |                                        .         .
  |
  |                     *                    .
  |                                .                       .
  |
  |                 .                              .
  |
  |
  |          No runs yet.
  |
  |          Set it up:    fun-ci init --everything
  |          Then commit:  each commit starts a run
  |
  |  q quit
  |
  |
  :..................a..................b.........................a
  :
  :.......................b.......................a
  :...................................a..........................b
  :
  :................b..............b..................a
  :
  :............................a....................................b
  :........................................b.........a
  :
  :.....................a....................b
  :................................b.......................a
  :
  :.................b..............................b
  :
  :
  :
  :
  :
  :
  :
  :cccccccc
  :
  :
frame 0004 at 80x24
  |                 .                              .
  |                  *                  .                         .
  |
  |                       .                       *
  |                                   .                          .
  |
  |                .              .                  *
  |
  |                            .                                    .
  |                                        .         .
  |
  |                     *                    .
  |                                .                       .
  |
  |
  |
  |          No runs yet.
  |
  |          Set it up:    fun-ci init --everything
  |          Then commit:  each commit starts a run
  |
  |  q quit
  |
  |
  :.................b..............................b
  :..................a..................b.........................a
  :
  :.......................b.......................a
  :...................................a..........................b
  :
  :................b..............b..................a
  :
  :............................a....................................b
  :........................................b.........a
  :
  :.....................a....................b
  :................................b.......................a
  :
  :
  :
  :
  :
  :
  :
  :
  :cccccccc
  :
  :
frame 0005 at 80x24
  |                 .                              .
  |                  *                  .                         .
  |
  |                       .                       *
  |                                   .                          .
  |
  |                .              .                  *
  |
  |                            .                                    .
  |                                        .         .
  |
  |                     *                    .
  |                                .                       .
  |
  |
  |
  |          No runs yet.
  |
  |          Set it up:    fun-ci init --everything
  |          Then commit:  each commit starts a run
  |
  |  q quit
  |
  |
  :.................b..............................b
  :..................a..................b.........................a
  :
  :.......................b.......................a
  :...................................a..........................b
  :
  :................b..............b..................a
  :
  :............................a....................................b
  :........................................b.........a
  :
  :.....................a....................b
  :................................b.......................a
  :
  :
  :
  :
  :
  :
  :
  :
  :cccccccc
  :
  :
frame 0006 at 80x24
  |                                .                       .
  |
  |                 .                              .
  |                  *                  .                         .
  |
  |                       .                       *
  |                                   .                          .
  |
  |                .              .                  *
  |
  |                            .                                    .
  |                                        .         .
  |
  |                     *                    .
  |
  |
  |          No runs yet.
  |
  |          Set it up:    fun-ci init --everything
  |          Then commit:  each commit starts a run
  |
  |  q quit
  |
  |
  :................................b.......................a
  :
  :.................b..............................b
  :..................a..................b.........................a
  :
  :.......................b.......................a
  :...................................a..........................b
  :
  :................b..............b..................a
  :
  :............................a....................................b
  :........................................b.........a
  :
  :.....................a....................b
  :
  :
  :
  :
  :
  :
  :
  :cccccccc
  :
  :
frame 0007 at 80x24
  |                                .                       .
  |
  |                 .                              .
  |                  *                  .                         .
  |
  |                       .                       *
  |                                   .                          .
  |
  |                .              .                  *
  |
  |                            .                                    .
  |                                        .         .
  |
  |                     *                    .
  |
  |
  |          No runs yet.
  |
  |          Set it up:    fun-ci init --everything
  |          Then commit:  each commit starts a run
  |
  |  q quit
  |
  |
  :................................b.......................a
  :
  :.................b..............................b
  :..................a..................b.........................a
  :
  :.......................b.......................a
  :...................................a..........................b
  :
  :................b..............b..................a
  :
  :............................a....................................b
  :........................................b.........a
  :
  :.....................a....................b
  :
  :
  :
  :
  :
  :
  :
  :cccccccc
  :
  :
frame 0008 at 80x24
  |                                .                       .
  |
  |                 .                              .
  |                  *                  .                         .
  |
  |                       .                       *
  |                                   .                          .
  |
  |                .              .                  *
  |
  |                            .                                    .
  |                                        .         .
  |
  |                     *                    .
  |
  |
  |          No runs yet.
  |
  |          Set it up:    fun-ci init --everything
  |          Then commit:  each commit starts a run
  |
  |  q quit
  |
  |
  :................................b.......................a
  :
  :.................b..............................b
  :..................a..................b.........................a
  :
  :.......................b.......................a
  :...................................a..........................b
  :
  :................b..............b..................a
  :
  :............................a....................................b
  :........................................b.........a
  :
  :.....................a....................b
  :
  :
  :
  :
  :
  :
  :
  :cccccccc
  :
  :
legend
a = fg Idx(6), bg Default, []
b = fg Idx(6), bg Default, ["dim"]
c = fg Default, bg Default, ["dim"]
