---
source: tests/suite/snapshots.rs
expression: "render(& frames(\"success-fireworks\"))"
---
frame 0001 at 100x30
  header 6d42ba03
  |> 8d552d0  main  Lint 0.3s  Build 1.2s  Fast ⠁ 2s  Slow --  RUNNING  just now
  |
  |  c67191d  main  Lint 0.3s  Build 1.2s  Fast 1.8s  Slow 47s  PASSED  10m ago
  |
  |  1767828  main  Lint 0.3s  Build 1.2s  Fast 1.8s  Slow 51s  PASSED  2h ago
  |
  |  j/k move   c cancel   q quit
  |
  |
  |
  |
  |
  |
  |
  |
  |
  :.................aaaaaaaaa..aaaaaaaaaa..bbbbbbbbb..ccccccc..ddddddd..cccccccc
  :
  :.................aaaaaaaaa..aaaaaaaaaa..aaaaaaaaa..aaaaaaaa..eeeeee..ccccccc
  :
  :.................aaaaaaaaa..aaaaaaaaaa..aaaaaaaaa..aaaaaaaa..eeeeee..cccccc
  :
  :cccccccccccccccccccccccccccccc
  :
  :
  :
  :
  :
  :
  :
  :
  :
frame 0002 at 100x30
  header b6775f15
  |> 8d552d0  main  Lint 0.3s  Build 1.2s  Fast ⠃ 2s  Slow --  RUNNING  just now
  |
  |  c67191d  main  Lint 0.3s  Build 1.2s  Fast 1.8s  Slow 47s  PASSED  10m ago
  |
  |  1767828  main  Lint 0.3s  Build 1.2s  Fast 1.8s  Slow 51s  PASSED  2h ago
  |
  |  j/k move   c cancel   q quit
  |
  |
  |
  |
  |
  |
  |
  |
  |
  :.................aaaaaaaaa..aaaaaaaaaa..bbbbbbbbb..ccccccc..ddddddd..cccccccc
  :
  :.................aaaaaaaaa..aaaaaaaaaa..aaaaaaaaa..aaaaaaaa..eeeeee..ccccccc
  :
  :.................aaaaaaaaa..aaaaaaaaaa..aaaaaaaaa..aaaaaaaa..eeeeee..cccccc
  :
  :cccccccccccccccccccccccccccccc
  :
  :
  :
  :
  :
  :
  :
  :
  :
frame 0003 at 100x30
  header 522ec8cf
  |> 8d552d0  main  Lint 0.3s  Build 1.2s  Fast ⠇ 2s  Slow --  RUNNING  just now
  |
  |  c67191d  main  Lint 0.3s  Build 1.2s  Fast 1.8s  Slow 47s  PASSED  10m ago
  |
  |  1767828  main  Lint 0.3s  Build 1.2s  Fast 1.8s  Slow 51s  PASSED  2h ago
  |
  |  j/k move   c cancel   q quit
  |
  |
  |
  |
  |
  |
  |
  |
  |
  :.................aaaaaaaaa..aaaaaaaaaa..bbbbbbbbb..ccccccc..ddddddd..cccccccc
  :
  :.................aaaaaaaaa..aaaaaaaaaa..aaaaaaaaa..aaaaaaaa..eeeeee..ccccccc
  :
  :.................aaaaaaaaa..aaaaaaaaaa..aaaaaaaaa..aaaaaaaa..eeeeee..cccccc
  :
  :cccccccccccccccccccccccccccccc
  :
  :
  :
  :
  :
  :
  :
  :
  :
frame 0004 at 100x30
  header accf857c
  |> 8d552d0  main  Lint 0.3s  Build 1.2s  Fast ⠏ 2s  Slow --  RUNNING  just now
  |
  |  c67191d  main  Lint 0.3s  Build 1.2s  Fast 1.8s  Slow 47s  PASSED  10m ago
  |
  |  1767828  main  Lint 0.3s  Build 1.2s  Fast 1.8s  Slow 51s  PASSED  2h ago
  |
  |  j/k move   c cancel   q quit
  |
  |
  |
  |
  |
  |
  |
  |
  |
  :.................aaaaaaaaa..aaaaaaaaaa..bbbbbbbbb..ccccccc..ddddddd..cccccccc
  :
  :.................aaaaaaaaa..aaaaaaaaaa..aaaaaaaaa..aaaaaaaa..eeeeee..ccccccc
  :
  :.................aaaaaaaaa..aaaaaaaaaa..aaaaaaaaa..aaaaaaaa..eeeeee..cccccc
  :
  :cccccccccccccccccccccccccccccc
  :
  :
  :
  :
  :
  :
  :
  :
  :
frame 0005 at 100x30
  header 133b76df
  |> 8d552d0  main  Lint 0.3s  Build 1.2s  Fast ⠟ 2s  Slow --  RUNNING  just now
  |
  |  c67191d  main  Lint 0.3s  Build 1.2s  Fast 1.8s  Slow 47s  PASSED  10m ago
  |
  |  1767828  main  Lint 0.3s  Build 1.2s  Fast 1.8s  Slow 51s  PASSED  2h ago
  |
  |  j/k move   c cancel   q quit
  |
  |
  |
  |
  |
  |
  |
  |
  |
  :.................aaaaaaaaa..aaaaaaaaaa..bbbbbbbbb..ccccccc..ddddddd..cccccccc
  :
  :.................aaaaaaaaa..aaaaaaaaaa..aaaaaaaaa..aaaaaaaa..eeeeee..ccccccc
  :
  :.................aaaaaaaaa..aaaaaaaaaa..aaaaaaaaa..aaaaaaaa..eeeeee..cccccc
  :
  :cccccccccccccccccccccccccccccc
  :
  :
  :
  :
  :
  :
  :
  :
  :
frame 0006 at 100x30
  header bec183d0
  |> 8d552d0  main  Lint 0.3s  Build 1.2s  Fast ⠿ 2s  Slow --  RUNNING  just now
  |
  |  c67191d  main  Lint 0.3s  Build 1.2s  Fast 1.8s  Slow 47s  PASSED  10m ago
  |
  |  1767828  main  Lint 0.3s  Build 1.2s  Fast 1.8s  Slow 51s  PASSED  2h ago
  |
  |  j/k move   c cancel   q quit
  |
  |
  |
  |
  |
  |
  |
  |
  |
  :.................aaaaaaaaa..aaaaaaaaaa..bbbbbbbbb..ccccccc..ddddddd..cccccccc
  :
  :.................aaaaaaaaa..aaaaaaaaaa..aaaaaaaaa..aaaaaaaa..eeeeee..ccccccc
  :
  :.................aaaaaaaaa..aaaaaaaaaa..aaaaaaaaa..aaaaaaaa..eeeeee..cccccc
  :
  :cccccccccccccccccccccccccccccc
  :
  :
  :
  :
  :
  :
  :
  :
  :
frame 0007 at 100x30
  header 63feebb7
  |> 8d552d0  main  Lint 0.3s  Build 1.2s  Fast ⡿ 2s  Slow --  RUNNING  just now
  |
  |  c67191d  main  Lint 0.3s  Build 1.2s  Fast 1.8s  Slow 47s  PASSED  10m ago
  |
  |  1767828  main  Lint 0.3s  Build 1.2s  Fast 1.8s  Slow 51s  PASSED  2h ago
  |
  |  j/k move   c cancel   q quit
  |
  |
  |
  |
  |
  |
  |
  |
  |
  :.................aaaaaaaaa..aaaaaaaaaa..bbbbbbbbb..ccccccc..ddddddd..cccccccc
  :
  :.................aaaaaaaaa..aaaaaaaaaa..aaaaaaaaa..aaaaaaaa..eeeeee..ccccccc
  :
  :.................aaaaaaaaa..aaaaaaaaaa..aaaaaaaaa..aaaaaaaa..eeeeee..cccccc
  :
  :cccccccccccccccccccccccccccccc
  :
  :
  :
  :
  :
  :
  :
  :
  :
frame 0008 at 100x30
  header 49873264
  |> 8d552d0  main  Lint 0.3s  Build 1.2s  Fast ⠀ 2s  Slow --  RUNNING  just now
  |
  |  c67191d  main  Lint 0.3s  Build 1.2s  Fast 1.8s  Slow 47s  PASSED  10m ago
  |
  |  1767828  main  Lint 0.3s  Build 1.2s  Fast 1.8s  Slow 51s  PASSED  2h ago
  |
  |  j/k move   c cancel   q quit
  |
  |
  |
  |
  |
  |
  |
  |
  |
  :.................aaaaaaaaa..aaaaaaaaaa..bbbbbbbbb..ccccccc..ddddddd..cccccccc
  :
  :.................aaaaaaaaa..aaaaaaaaaa..aaaaaaaaa..aaaaaaaa..eeeeee..ccccccc
  :
  :.................aaaaaaaaa..aaaaaaaaaa..aaaaaaaaa..aaaaaaaa..eeeeee..cccccc
  :
  :cccccccccccccccccccccccccccccc
  :
  :
  :
  :
  :
  :
  :
  :
  :
frame 0009 at 100x30
  header 6ed725d1
  |> 8d552d0  main  Lint 0.3s  Build 1.2s  Fast ⠁ 2s  Slow --  RUNNING  just now
  |
  |  c67191d  main  Lint 0.3s  Build 1.2s  Fast 1.8s  Slow 47s  PASSED  10m ago
  |
  |  1767828  main  Lint 0.3s  Build 1.2s  Fast 1.8s  Slow 51s  PASSED  2h ago
  |
  |  j/k move   c cancel   q quit
  |
  |
  |
  |
  |
  |
  |
  |
  |
  :.................aaaaaaaaa..aaaaaaaaaa..bbbbbbbbb..ccccccc..ddddddd..cccccccc
  :
  :.................aaaaaaaaa..aaaaaaaaaa..aaaaaaaaa..aaaaaaaa..eeeeee..ccccccc
  :
  :.................aaaaaaaaa..aaaaaaaaaa..aaaaaaaaa..aaaaaaaa..eeeeee..cccccc
  :
  :cccccccccccccccccccccccccccccc
  :
  :
  :
  :
  :
  :
  :
  :
  :
frame 0010 at 100x30
  header 67709551
  |> 8d552d0  main  Lint 0.3s  Build 1.2s  Fast ⠃ 3s  Slow --  RUNNING  just now
  |
  |  c67191d  main  Lint 0.3s  Build 1.2s  Fast 1.8s  Slow 47s  PASSED  10m ago
  |
  |  1767828  main  Lint 0.3s  Build 1.2s  Fast 1.8s  Slow 51s  PASSED  2h ago
  |
  |  j/k move   c cancel   q quit
  |
  |
  |
  |
  |
  |
  |
  |
  |
  :.................aaaaaaaaa..aaaaaaaaaa..bbbbbbbbb..ccccccc..ddddddd..cccccccc
  :
  :.................aaaaaaaaa..aaaaaaaaaa..aaaaaaaaa..aaaaaaaa..eeeeee..ccccccc
  :
  :.................aaaaaaaaa..aaaaaaaaaa..aaaaaaaaa..aaaaaaaa..eeeeee..cccccc
  :
  :cccccccccccccccccccccccccccccc
  :
  :
  :
  :
  :
  :
  :
  :
  :
frame 0011 at 100x30
  header 1f11c1bb
  |> 8d552d0  main  Lint 0.3s  Build 1.2s  Fast 2.5s  Slow --  PASSED  just now
  |
  |  c67191d  main  Lint 0.3s  Build 1.2s  Fast 1.8s  Slow 47s  PASSED  10m ago
  |
  |  1767828  main  Lint 0.3s  Build 1.2s  Fast 1.8s  Slow 51s  PASSED  2h ago
  |
  |  j/k move   c cancel   q quit
  |
  |
  |
  |
  |
  |
  |
  |
  |
  :.................aaaaaaaaa..aaaaaaaaaa..aaaaaaaaa..ccccccc..eeeeee..cccccccc
  :
  :.................aaaaaaaaa..aaaaaaaaaa..aaaaaaaaa..aaaaaaaa..eeeeee..ccccccc
  :
  :.................aaaaaaaaa..aaaaaaaaaa..aaaaaaaaa..aaaaaaaa..eeeeee..cccccc
  :
  :cccccccccccccccccccccccccccccc
  :
  :
  :
  :
  :
  :
  :
  :
  :
frame 0012 at 100x30
  header 43b97117
  |> 8d552d0  main  Lint 0.3s  Build 1.2s  Fast 2.5s  Slow --  PASSED  just now
  |
  |  c67191d  main  Lint 0.3s  Build 1.2s  Fast 1.8s  Slow 47s  PASSED  10m ago
  |
  |  1767828  main  Lint 0.3s  Build 1.2s  Fast 1.8s  Slow 51s  PASSED  2h ago
  |
  |  j/k move   c cancel   q quit
  |
  |
  |
  |
  |
  |
  |
  |
  |
  :.................aaaaaaaaa..aaaaaaaaaa..aaaaaaaaa..ccccccc..eeeeee..cccccccc
  :
  :.................aaaaaaaaa..aaaaaaaaaa..aaaaaaaaa..aaaaaaaa..eeeeee..ccccccc
  :
  :.................aaaaaaaaa..aaaaaaaaaa..aaaaaaaaa..aaaaaaaa..eeeeee..cccccc
  :
  :cccccccccccccccccccccccccccccc
  :
  :
  :
  :
  :
  :
  :
  :
  :
frame 0013 at 100x30
  header dbc091ef
  |> 8d552d0  main  Lint 0.3s  Build 1.2s  Fast 2.5s  Slow --  PASSED  just now
  |
  |  c67191d  main  Lint 0.3s  Build 1.2s  Fast 1.8s  Slow 47s  PASSED  10m ago
  |
  |  1767828  main  Lint 0.3s  Build 1.2s  Fast 1.8s  Slow 51s  PASSED  2h ago
  |
  |  j/k move   c cancel   q quit
  |
  |
  |
  |
  |
  |
  |
  |
  |
  :.................aaaaaaaaa..aaaaaaaaaa..aaaaaaaaa..ccccccc..eeeeee..cccccccc
  :
  :.................aaaaaaaaa..aaaaaaaaaa..aaaaaaaaa..aaaaaaaa..eeeeee..ccccccc
  :
  :.................aaaaaaaaa..aaaaaaaaaa..aaaaaaaaa..aaaaaaaa..eeeeee..cccccc
  :
  :cccccccccccccccccccccccccccccc
  :
  :
  :
  :
  :
  :
  :
  :
  :
frame 0014 at 100x30
  header 7eb304c0
  |> 8d552d0  main  Lint 0.3s  Build 1.2s  Fast 2.5s  Slow --  PASSED  just now
  |
  |  c67191d  main  Lint 0.3s  Build 1.2s  Fast 1.8s  Slow 47s  PASSED  10m ago
  |
  |  1767828  main  Lint 0.3s  Build 1.2s  Fast 1.8s  Slow 51s  PASSED  2h ago
  |
  |  j/k move   c cancel   q quit
  |
  |
  |
  |
  |
  |
  |
  |
  |
  :.................aaaaaaaaa..aaaaaaaaaa..aaaaaaaaa..ccccccc..eeeeee..cccccccc
  :
  :.................aaaaaaaaa..aaaaaaaaaa..aaaaaaaaa..aaaaaaaa..eeeeee..ccccccc
  :
  :.................aaaaaaaaa..aaaaaaaaaa..aaaaaaaaa..aaaaaaaa..eeeeee..cccccc
  :
  :cccccccccccccccccccccccccccccc
  :
  :
  :
  :
  :
  :
  :
  :
  :
frame 0015 at 100x30
  header 87813dc7
  |> 8d552d0  main  Lint 0.3s  Build 1.2s  Fast 2.5s  Slow --  PASSED  just now
  |
  |  c67191d  main  Lint 0.3s  Build 1.2s  Fast 1.8s  Slow 47s  PASSED  10m ago
  |
  |  1767828  main  Lint 0.3s  Build 1.2s  Fast 1.8s  Slow 51s  PASSED  2h ago
  |
  |  j/k move   c cancel   q quit
  |
  |
  |
  |
  |
  |
  |
  |
  |
  :.................aaaaaaaaa..aaaaaaaaaa..feeeeeeee..ccccccc..eeeeee..cccccccc
  :
  :.................aaaaaaaaa..aaaaaaaaaa..aaaaaaaaa..aaaaaaaa..eeeeee..ccccccc
  :
  :.................aaaaaaaaa..aaaaaaaaaa..aaaaaaaaa..aaaaaaaa..eeeeee..cccccc
  :
  :cccccccccccccccccccccccccccccc
  :
  :
  :
  :
  :
  :
  :
  :
  :
frame 0016 at 100x30
  header a9a2b691
  |> 8d552d0  main  Lint 0.3s  Build 1.2s  Fast 2.5s  Slow --  PASSED  just now
  |
  |  c67191d  main  Lint 0.3s  Build 1.2s  Fast 1.8s  Slow 47s  PASSED  10m ago
  |
  |  1767828  main  Lint 0.3s  Build 1.2s  Fast 1.8s  Slow 51s  PASSED  2h ago
  |
  |  j/k move   c cancel   q quit
  |
  |
  |
  |
  |
  |
  |
  |
  |
  :.................aaaaaaaaa..aaaaaaaaaa..afeeeeeee..ccccccc..eeeeee..cccccccc
  :
  :.................aaaaaaaaa..aaaaaaaaaa..aaaaaaaaa..aaaaaaaa..eeeeee..ccccccc
  :
  :.................aaaaaaaaa..aaaaaaaaaa..aaaaaaaaa..aaaaaaaa..eeeeee..cccccc
  :
  :cccccccccccccccccccccccccccccc
  :
  :
  :
  :
  :
  :
  :
  :
  :
frame 0017 at 100x30
  header ee53a827
  |> 8d552d0  main  Lint 0.3s  Build 1.2s  Fast 2.5s  Slow --  PASSED  just now
  |
  |  c67191d  main  Lint 0.3s  Build 1.2s  Fast 1.8s  Slow 47s  PASSED  10m ago
  |
  |  1767828  main  Lint 0.3s  Build 1.2s  Fast 1.8s  Slow 51s  PASSED  2h ago
  |
  |  j/k move   c cancel   q quit
  |
  |
  |
  |
  |
  |
  |
  |
  |
  :.................aaaaaaaaa..aaaaaaaaaa..aafeeeeee..ccccccc..eeeeee..cccccccc
  :
  :.................aaaaaaaaa..aaaaaaaaaa..aaaaaaaaa..aaaaaaaa..eeeeee..ccccccc
  :
  :.................aaaaaaaaa..aaaaaaaaaa..aaaaaaaaa..aaaaaaaa..eeeeee..cccccc
  :
  :cccccccccccccccccccccccccccccc
  :
  :
  :
  :
  :
  :
  :
  :
  :
frame 0018 at 100x30
  header 697bb9d7
  |> 8d552d0  main  Lint 0.3s  Build 1.2s  Fast 2.5s  Slow --  PASSED  just now
  |
  |  c67191d  main  Lint 0.3s  Build 1.2s  Fast 1.8s  Slow 47s  PASSED  10m ago
  |
  |  1767828  main  Lint 0.3s  Build 1.2s  Fast 1.8s  Slow 51s  PASSED  2h ago
  |
  |  j/k move   c cancel   q quit
  |
  |
  |
  |
  |
  |
  |
  |
  |
  :.................aaaaaaaaa..aaaaaaaaaa..aaafeeeee..ccccccc..eeeeee..cccccccc
  :
  :.................aaaaaaaaa..aaaaaaaaaa..aaaaaaaaa..aaaaaaaa..eeeeee..ccccccc
  :
  :.................aaaaaaaaa..aaaaaaaaaa..aaaaaaaaa..aaaaaaaa..eeeeee..cccccc
  :
  :cccccccccccccccccccccccccccccc
  :
  :
  :
  :
  :
  :
  :
  :
  :
frame 0019 at 100x30
  header 9c511181
  |> 8d552d0  main  Lint 0.3s  Build 1.2s  Fast 2.5s  Slow --  PASSED  just now
  |
  |  c67191d  main  Lint 0.3s  Build 1.2s  Fast 1.8s  Slow 47s  PASSED  10m ago
  |
  |  1767828  main  Lint 0.3s  Build 1.2s  Fast 1.8s  Slow 51s  PASSED  2h ago
  |
  |                                         * * * NICE! * * *
  |
  |
  |
  |
  |
  |
  |
  |
  |
  :.................aaaaaaaaa..aaaaaaaaaa..aaaafeeee..ccccccc..eeeeee..cccccccc
  :
  :.................aaaaaaaaa..aaaaaaaaaa..aaaaaaaaa..aaaaaaaa..eeeeee..ccccccc
  :
  :.................aaaaaaaaa..aaaaaaaaaa..aaaaaaaaa..aaaaaaaa..eeeeee..cccccc
  :
  :.........................................eeeeeeeeeeeeeeeee
  :
  :
  :
  :
  :
  :
  :
  :
  :
frame 0020 at 100x30
  header 66a2957f
  |> 8d552d0  main  Lint 0.3s  Build 1.2s  Fast 2.5s  Slow --  PASSED  just now
  |
  |  c67191d  main  Lint 0.3s  Build 1.2s  Fast 1.8s  Slow 47s  PASSED  10m ago
  |
  |  1767828  main  Lint 0.3s  Build 1.2s  Fast 1.8s  Slow 51s  PASSED  2h ago
  |
  |                                         * * * NICE! * * *
  |
  |
  |
  |
  |
  |
  |
  |
  |
  :.................aaaaaaaaa..aaaaaaaaaa..aaaaafeee..ccccccc..eeeeee..cccccccc
  :
  :.................aaaaaaaaa..aaaaaaaaaa..aaaaaaaaa..aaaaaaaa..eeeeee..ccccccc
  :
  :.................aaaaaaaaa..aaaaaaaaaa..aaaaaaaaa..aaaaaaaa..eeeeee..cccccc
  :
  :.........................................eeeeeeeeeeeeeeeee
  :
  :
  :
  :
  :
  :
  :
  :
  :
frame 0021 at 100x30
  header f33e431f
  |> 8d552d0  main  Lint 0.3s  Build 1.2s  Fast 2.5s  Slow --  PASSED  just now
  |
  |  c67191d  main  Lint 0.3s  Build 1.2s  Fast 1.8s  Slow 47s  PASSED  10m ago
  |
  |  1767828  main  Lint 0.3s  Build 1.2s  Fast 1.8s  Slow 51s  PASSED  2h ago
  |
  |                                         * * * NICE! * * *
  |
  |
  |
  |
  |
  |
  |
  |
  |
  :.................aaaaaaaaa..aaaaaaaaaa..aaaaaafee..ccccccc..eeeeee..cccccccc
  :
  :.................aaaaaaaaa..aaaaaaaaaa..aaaaaaaaa..aaaaaaaa..eeeeee..ccccccc
  :
  :.................aaaaaaaaa..aaaaaaaaaa..aaaaaaaaa..aaaaaaaa..eeeeee..cccccc
  :
  :.........................................eeeeeeeeeeeeeeeee
  :
  :
  :
  :
  :
  :
  :
  :
  :
frame 0022 at 100x30
  header 28a33449
  |> 8d552d0  main  Lint 0.3s  Build 1.2s  Fast 2.5s  Slow --  PASSED  just now
  |
  |  c67191d  main  Lint 0.3s  Build 1.2s  Fast 1.8s  Slow 47s  PASSED  10m ago
  |
  |  1767828  main  Lint 0.3s  Build 1.2s  Fast 1.8s  Slow 51s  PASSED  2h ago
  |
  |                                         * * * NICE! * * *
  |
  |
  |
  |
  |
  |
  |
  |
  |
  :.................aaaaaaaaa..aaaaaaaaaa..aaaaaaafe..ccccccc..eeeeee..cccccccc
  :
  :.................aaaaaaaaa..aaaaaaaaaa..aaaaaaaaa..aaaaaaaa..eeeeee..ccccccc
  :
  :.................aaaaaaaaa..aaaaaaaaaa..aaaaaaaaa..aaaaaaaa..eeeeee..cccccc
  :
  :.........................................eeeeeeeeeeeeeeeee
  :
  :
  :
  :
  :
  :
  :
  :
  :
frame 0023 at 100x30
  header 7a2d0e44
  |> 8d552d0  main  Lint 0.3s  Build 1.2s  Fast 2.5s  Slow --  PASSED  just now
  |
  |  c67191d  main  Lint 0.3s  Build 1.2s  Fast 1.8s  Slow 47s  PASSED  10m ago
  |
  |  1767828  main  Lint 0.3s  Build 1.2s  Fast 1.8s  Slow 51s  PASSED  2h ago
  |
  |                                         * * * NICE! * * *
  |
  |
  |
  |
  |
  |
  |
  |
  |
  :.................aaaaaaaaa..aaaaaaaaaa..aaaaaaaaf..ccccccc..eeeeee..cccccccc
  :
  :.................aaaaaaaaa..aaaaaaaaaa..aaaaaaaaa..aaaaaaaa..eeeeee..ccccccc
  :
  :.................aaaaaaaaa..aaaaaaaaaa..aaaaaaaaa..aaaaaaaa..eeeeee..cccccc
  :
  :.........................................eeeeeeeeeeeeeeeee
  :
  :
  :
  :
  :
  :
  :
  :
  :
frame 0024 at 100x30
  header 661e6e33
  |> 8d552d0  main  Lint 0.3s  Build 1.2s  Fast 2.5s  Slow --  PASSED  just now
  |
  |  c67191d  main  Lint 0.3s  Build 1.2s  Fast 1.8s  Slow 47s  PASSED  10m ago
  |
  |  1767828  main  Lint 0.3s  Build 1.2s  Fast 1.8s  Slow 51s  PASSED  2h ago
  |
  |                                         * * * NICE! * * *
  |
  |
  |
  |
  |
  |
  |
  |
  |
  :.................aaaaaaaaa..aaaaaaaaaa..aaaaaaaaa..ccccccc..eeeeee..cccccccc
  :
  :.................aaaaaaaaa..aaaaaaaaaa..aaaaaaaaa..aaaaaaaa..eeeeee..ccccccc
  :
  :.................aaaaaaaaa..aaaaaaaaaa..aaaaaaaaa..aaaaaaaa..eeeeee..cccccc
  :
  :.........................................eeeeeeeeeeeeeeeee
  :
  :
  :
  :
  :
  :
  :
  :
  :
frame 0025 at 100x30
  header e1c1b72e
  |> 8d552d0  main  Lint 0.3s  Build 1.2s  Fast 2.5s  Slow --  PASSED  just now
  |
  |  c67191d  main  Lint 0.3s  Build 1.2s  Fast 1.8s  Slow 47s  PASSED  10m ago
  |
  |  1767828  main  Lint 0.3s  Build 1.2s  Fast 1.8s  Slow 51s  PASSED  2h ago
  |
  |                                         * * * NICE! * * *
  |
  |
  |
  |
  |
  |
  |
  |
  |
  :.................aaaaaaaaa..aaaaaaaaaa..aaaaaaaaa..ccccccc..eeeeee..cccccccc
  :
  :.................aaaaaaaaa..aaaaaaaaaa..aaaaaaaaa..aaaaaaaa..eeeeee..ccccccc
  :
  :.................aaaaaaaaa..aaaaaaaaaa..aaaaaaaaa..aaaaaaaa..eeeeee..cccccc
  :
  :.........................................eeeeeeeeeeeeeeeee
  :
  :
  :
  :
  :
  :
  :
  :
  :
frame 0026 at 100x30
  header a510edb6
  |> 8d552d0  main  Lint 0.3s  Build 1.2s  Fast 2.5s  Slow --  PASSED  just now
  |
  |  c67191d  main  Lint 0.3s  Build 1.2s  Fast 1.8s  Slow 47s  PASSED  10m ago
  |
  |  1767828  main  Lint 0.3s  Build 1.2s  Fast 1.8s  Slow 51s  PASSED  2h ago
  |
  |                                         * * * NICE! * * *
  |
  |
  |
  |
  |
  |
  |
  |
  |
  :.................aaaaaaaaa..aaaaaaaaaa..aaaaaaaaa..ccccccc..eeeeee..cccccccc
  :
  :.................aaaaaaaaa..aaaaaaaaaa..aaaaaaaaa..aaaaaaaa..eeeeee..ccccccc
  :
  :.................aaaaaaaaa..aaaaaaaaaa..aaaaaaaaa..aaaaaaaa..eeeeee..cccccc
  :
  :.........................................eeeeeeeeeeeeeeeee
  :
  :
  :
  :
  :
  :
  :
  :
  :
frame 0027 at 100x30
  header df828d63
  |> 8d552d0  main  Lint 0.3s  Build 1.2s  Fast 2.5s  Slow --  PASSED  just now
  |
  |  c67191d  main  Lint 0.3s  Build 1.2s  Fast 1.8s  Slow 47s  PASSED  10m ago
  |
  |  1767828  main  Lint 0.3s  Build 1.2s  Fast 1.8s  Slow 51s  PASSED  2h ago
  |
  |                                       . + . * NICE! * . + .
  |
  |
  |
  |
  |
  |
  |
  |
  |
  :.................aaaaaaaaa..aaaaaaaaaa..aaaaaaaaa..ccccccc..eeeeee..cccccccc
  :
  :.................aaaaaaaaa..aaaaaaaaaa..aaaaaaaaa..aaaaaaaa..eeeeee..ccccccc
  :
  :.................aaaaaaaaa..aaaaaaaaaa..aaaaaaaaa..aaaaaaaa..eeeeee..cccccc
  :
  :.......................................aaaaaaaaaaaaaaaaaaaaa
  :
  :
  :
  :
  :
  :
  :
  :
  :
frame 0028 at 100x30
  header f94d4cad
  |> 8d552d0  main  Lint 0.3s  Build 1.2s  Fast 2.5s  Slow --  PASSED  just now
  |
  |  c67191d  main  Lint 0.3s  Build 1.2s  Fast 1.8s  Slow 47s  PASSED  10m ago
  |
  |  1767828  main  Lint 0.3s  Build 1.2s  Fast 1.8s  Slow 51s  PASSED  2h ago
  |
  |                                       . + . * NICE! * . + .
  |
  |
  |
  |
  |
  |
  |
  |
  |
  :.................aaaaaaaaa..aaaaaaaaaa..aaaaaaaaa..ccccccc..eeeeee..cccccccc
  :
  :.................aaaaaaaaa..aaaaaaaaaa..aaaaaaaaa..aaaaaaaa..eeeeee..ccccccc
  :
  :.................aaaaaaaaa..aaaaaaaaaa..aaaaaaaaa..aaaaaaaa..eeeeee..cccccc
  :
  :.......................................aaaaaaaaaaaaaaaaaaaaa
  :
  :
  :
  :
  :
  :
  :
  :
  :
frame 0029 at 100x30
  header fd4c6a33
  |> 8d552d0  main  Lint 0.3s  Build 1.2s  Fast 2.5s  Slow --  PASSED  just now
  |
  |  c67191d  main  Lint 0.3s  Build 1.2s  Fast 1.8s  Slow 47s  PASSED  10m ago
  |
  |  1767828  main  Lint 0.3s  Build 1.2s  Fast 1.8s  Slow 51s  PASSED  2h ago
  |
  |                                       . + . * NICE! * . + .
  |
  |
  |
  |
  |
  |
  |
  |
  |
  :.................aaaaaaaaa..aaaaaaaaaa..aaaaaaaaa..ccccccc..eeeeee..cccccccc
  :
  :.................aaaaaaaaa..aaaaaaaaaa..aaaaaaaaa..aaaaaaaa..eeeeee..ccccccc
  :
  :.................aaaaaaaaa..aaaaaaaaaa..aaaaaaaaa..aaaaaaaa..eeeeee..cccccc
  :
  :.......................................aaaaaaaaaaaaaaaaaaaaa
  :
  :
  :
  :
  :
  :
  :
  :
  :
frame 0030 at 100x30
  header f0374c0d
  |> 8d552d0  main  Lint 0.3s  Build 1.2s  Fast 2.5s  Slow --  PASSED  just now
  |
  |  c67191d  main  Lint 0.3s  Build 1.2s  Fast 1.8s  Slow 47s  PASSED  10m ago
  |
  |  1767828  main  Lint 0.3s  Build 1.2s  Fast 1.8s  Slow 51s  PASSED  2h ago
  |
  |                                       . + . * NICE! * . + .
  |
  |
  |
  |
  |
  |
  |
  |
  |
  :.................aaaaaaaaa..aaaaaaaaaa..aaaaaaaaa..ccccccc..eeeeee..cccccccc
  :
  :.................aaaaaaaaa..aaaaaaaaaa..aaaaaaaaa..aaaaaaaa..eeeeee..ccccccc
  :
  :.................aaaaaaaaa..aaaaaaaaaa..aaaaaaaaa..aaaaaaaa..eeeeee..cccccc
  :
  :.......................................aaaaaaaaaaaaaaaaaaaaa
  :
  :
  :
  :
  :
  :
  :
  :
  :
frame 0031 at 100x30
  header 48fe7cec
  |> 8d552d0  main  Lint 0.3s  Build 1.2s  Fast 2.5s  Slow --  PASSED  just now
  |
  |  c67191d  main  Lint 0.3s  Build 1.2s  Fast 1.8s  Slow 47s  PASSED  10m ago
  |
  |  1767828  main  Lint 0.3s  Build 1.2s  Fast 1.8s  Slow 51s  PASSED  2h ago
  |
  |                                       . + . * NICE! * . + .
  |
  |
  |
  |
  |
  |
  |
  |
  |
  :.................aaaaaaaaa..aaaaaaaaaa..aaaaaaaaa..ccccccc..eeeeee..cccccccc
  :
  :.................aaaaaaaaa..aaaaaaaaaa..aaaaaaaaa..aaaaaaaa..eeeeee..ccccccc
  :
  :.................aaaaaaaaa..aaaaaaaaaa..aaaaaaaaa..aaaaaaaa..eeeeee..cccccc
  :
  :.......................................aaaaaaaaaaaaaaaaaaaaa
  :
  :
  :
  :
  :
  :
  :
  :
  :
frame 0032 at 100x30
  header 821fce66
  |> 8d552d0  main  Lint 0.3s  Build 1.2s  Fast 2.5s  Slow --  PASSED  just now
  |
  |  c67191d  main  Lint 0.3s  Build 1.2s  Fast 1.8s  Slow 47s  PASSED  10m ago
  |
  |  1767828  main  Lint 0.3s  Build 1.2s  Fast 1.8s  Slow 51s  PASSED  2h ago
  |
  |                                       . + . * NICE! * . + .
  |
  |
  |
  |
  |
  |
  |
  |
  |
  :.................aaaaaaaaa..aaaaaaaaaa..aaaaaaaaa..ccccccc..eeeeee..cccccccc
  :
  :.................aaaaaaaaa..aaaaaaaaaa..aaaaaaaaa..aaaaaaaa..eeeeee..ccccccc
  :
  :.................aaaaaaaaa..aaaaaaaaaa..aaaaaaaaa..aaaaaaaa..eeeeee..cccccc
  :
  :.......................................aaaaaaaaaaaaaaaaaaaaa
  :
  :
  :
  :
  :
  :
  :
  :
  :
frame 0033 at 100x30
  header 306525c5
  |> 8d552d0  main  Lint 0.3s  Build 1.2s  Fast 2.5s  Slow --  PASSED  just now
  |
  |  c67191d  main  Lint 0.3s  Build 1.2s  Fast 1.8s  Slow 47s  PASSED  10m ago
  |
  |  1767828  main  Lint 0.3s  Build 1.2s  Fast 1.8s  Slow 51s  PASSED  2h ago
  |
  |                                       . + . * NICE! * . + .
  |
  |
  |
  |
  |
  |
  |
  |
  |
  :.................aaaaaaaaa..aaaaaaaaaa..aaaaaaaaa..ccccccc..eeeeee..cccccccc
  :
  :.................aaaaaaaaa..aaaaaaaaaa..aaaaaaaaa..aaaaaaaa..eeeeee..ccccccc
  :
  :.................aaaaaaaaa..aaaaaaaaaa..aaaaaaaaa..aaaaaaaa..eeeeee..cccccc
  :
  :.......................................aaaaaaaaaaaaaaaaaaaaa
  :
  :
  :
  :
  :
  :
  :
  :
  :
frame 0034 at 100x30
  header b0c7f364
  |> 8d552d0  main  Lint 0.3s  Build 1.2s  Fast 2.5s  Slow --  PASSED  just now
  |
  |  c67191d  main  Lint 0.3s  Build 1.2s  Fast 1.8s  Slow 47s  PASSED  10m ago
  |
  |  1767828  main  Lint 0.3s  Build 1.2s  Fast 1.8s  Slow 51s  PASSED  2h ago
  |
  |                                       . + . * NICE! * . + .
  |
  |
  |
  |
  |
  |
  |
  |
  |
  :.................aaaaaaaaa..aaaaaaaaaa..aaaaaaaaa..ccccccc..eeeeee..cccccccc
  :
  :.................aaaaaaaaa..aaaaaaaaaa..aaaaaaaaa..aaaaaaaa..eeeeee..ccccccc
  :
  :.................aaaaaaaaa..aaaaaaaaaa..aaaaaaaaa..aaaaaaaa..eeeeee..cccccc
  :
  :.......................................aaaaaaaaaaaaaaaaaaaaa
  :
  :
  :
  :
  :
  :
  :
  :
  :
frame 0035 at 100x30
  header 6317c1ba
  |> 8d552d0  main  Lint 0.3s  Build 1.2s  Fast 2.5s  Slow --  PASSED  just now
  |
  |  c67191d  main  Lint 0.3s  Build 1.2s  Fast 1.8s  Slow 47s  PASSED  10m ago
  |
  |  1767828  main  Lint 0.3s  Build 1.2s  Fast 1.8s  Slow 51s  PASSED  2h ago
  |
  |                                       ' . + .  nice  . + . '
  |
  |
  |
  |
  |
  |
  |
  |
  |
  :.................aaaaaaaaa..aaaaaaaaaa..aaaaaaaaa..ccccccc..eeeeee..cccccccc
  :
  :.................aaaaaaaaa..aaaaaaaaaa..aaaaaaaaa..aaaaaaaa..eeeeee..ccccccc
  :
  :.................aaaaaaaaa..aaaaaaaaaa..aaaaaaaaa..aaaaaaaa..eeeeee..cccccc
  :
  :.......................................gggggggggggggggggggggg
  :
  :
  :
  :
  :
  :
  :
  :
  :
frame 0036 at 100x30
  header 3bfc828c
  |> 8d552d0  main  Lint 0.3s  Build 1.2s  Fast 2.5s  Slow --  PASSED  just now
  |
  |  c67191d  main  Lint 0.3s  Build 1.2s  Fast 1.8s  Slow 47s  PASSED  10m ago
  |
  |  1767828  main  Lint 0.3s  Build 1.2s  Fast 1.8s  Slow 51s  PASSED  2h ago
  |
  |                                       ' . + .  nice  . + . '
  |
  |
  |
  |
  |
  |
  |
  |
  |
  :.................aaaaaaaaa..aaaaaaaaaa..aaaaaaaaa..ccccccc..eeeeee..cccccccc
  :
  :.................aaaaaaaaa..aaaaaaaaaa..aaaaaaaaa..aaaaaaaa..eeeeee..ccccccc
  :
  :.................aaaaaaaaa..aaaaaaaaaa..aaaaaaaaa..aaaaaaaa..eeeeee..cccccc
  :
  :.......................................gggggggggggggggggggggg
  :
  :
  :
  :
  :
  :
  :
  :
  :
frame 0037 at 100x30
  header 43b2bf11
  |> 8d552d0  main  Lint 0.3s  Build 1.2s  Fast 2.5s  Slow --  PASSED  just now
  |
  |  c67191d  main  Lint 0.3s  Build 1.2s  Fast 1.8s  Slow 47s  PASSED  10m ago
  |
  |  1767828  main  Lint 0.3s  Build 1.2s  Fast 1.8s  Slow 51s  PASSED  2h ago
  |
  |                                       ' . + .  nice  . + . '
  |
  |
  |
  |
  |
  |
  |
  |
  |
  :.................aaaaaaaaa..aaaaaaaaaa..aaaaaaaaa..ccccccc..eeeeee..cccccccc
  :
  :.................aaaaaaaaa..aaaaaaaaaa..aaaaaaaaa..aaaaaaaa..eeeeee..ccccccc
  :
  :.................aaaaaaaaa..aaaaaaaaaa..aaaaaaaaa..aaaaaaaa..eeeeee..cccccc
  :
  :.......................................gggggggggggggggggggggg
  :
  :
  :
  :
  :
  :
  :
  :
  :
frame 0038 at 100x30
  header 046006d8
  |> 8d552d0  main  Lint 0.3s  Build 1.2s  Fast 2.5s  Slow --  PASSED  just now
  |
  |  c67191d  main  Lint 0.3s  Build 1.2s  Fast 1.8s  Slow 47s  PASSED  10m ago
  |
  |  1767828  main  Lint 0.3s  Build 1.2s  Fast 1.8s  Slow 51s  PASSED  2h ago
  |
  |                                       ' . + .  nice  . + . '
  |
  |
  |
  |
  |
  |
  |
  |
  |
  :.................aaaaaaaaa..aaaaaaaaaa..aaaaaaaaa..ccccccc..eeeeee..cccccccc
  :
  :.................aaaaaaaaa..aaaaaaaaaa..aaaaaaaaa..aaaaaaaa..eeeeee..ccccccc
  :
  :.................aaaaaaaaa..aaaaaaaaaa..aaaaaaaaa..aaaaaaaa..eeeeee..cccccc
  :
  :.......................................gggggggggggggggggggggg
  :
  :
  :
  :
  :
  :
  :
  :
  :
frame 0039 at 100x30
  header 2c7acb03
  |> 8d552d0  main  Lint 0.3s  Build 1.2s  Fast 2.5s  Slow --  PASSED  just now
  |
  |  c67191d  main  Lint 0.3s  Build 1.2s  Fast 1.8s  Slow 47s  PASSED  10m ago
  |
  |  1767828  main  Lint 0.3s  Build 1.2s  Fast 1.8s  Slow 51s  PASSED  2h ago
  |
  |                                       ' . + .  nice  . + . '
  |
  |
  |
  |
  |
  |
  |
  |
  |
  :.................aaaaaaaaa..aaaaaaaaaa..aaaaaaaaa..ccccccc..eeeeee..cccccccc
  :
  :.................aaaaaaaaa..aaaaaaaaaa..aaaaaaaaa..aaaaaaaa..eeeeee..ccccccc
  :
  :.................aaaaaaaaa..aaaaaaaaaa..aaaaaaaaa..aaaaaaaa..eeeeee..cccccc
  :
  :.......................................gggggggggggggggggggggg
  :
  :
  :
  :
  :
  :
  :
  :
  :
frame 0040 at 100x30
  header 8410ecb6
  |> 8d552d0  main  Lint 0.3s  Build 1.2s  Fast 2.5s  Slow --  PASSED  just now
  |
  |  c67191d  main  Lint 0.3s  Build 1.2s  Fast 1.8s  Slow 47s  PASSED  10m ago
  |
  |  1767828  main  Lint 0.3s  Build 1.2s  Fast 1.8s  Slow 51s  PASSED  2h ago
  |
  |                                       ' . + .  nice  . + . '
  |
  |
  |
  |
  |
  |
  |
  |
  |
  :.................aaaaaaaaa..aaaaaaaaaa..aaaaaaaaa..ccccccc..eeeeee..cccccccc
  :
  :.................aaaaaaaaa..aaaaaaaaaa..aaaaaaaaa..aaaaaaaa..eeeeee..ccccccc
  :
  :.................aaaaaaaaa..aaaaaaaaaa..aaaaaaaaa..aaaaaaaa..eeeeee..cccccc
  :
  :.......................................gggggggggggggggggggggg
  :
  :
  :
  :
  :
  :
  :
  :
  :
frame 0041 at 100x30
  header a4270a0b
  |> 8d552d0  main  Lint 0.3s  Build 1.2s  Fast 2.5s  Slow --  PASSED  just now
  |
  |  c67191d  main  Lint 0.3s  Build 1.2s  Fast 1.8s  Slow 47s  PASSED  10m ago
  |
  |  1767828  main  Lint 0.3s  Build 1.2s  Fast 1.8s  Slow 51s  PASSED  2h ago
  |
  |                                       ' . + .  nice  . + . '
  |
  |
  |
  |
  |
  |
  |
  |
  |
  :.................aaaaaaaaa..aaaaaaaaaa..aaaaaaaaa..ccccccc..eeeeee..cccccccc
  :
  :.................aaaaaaaaa..aaaaaaaaaa..aaaaaaaaa..aaaaaaaa..eeeeee..ccccccc
  :
  :.................aaaaaaaaa..aaaaaaaaaa..aaaaaaaaa..aaaaaaaa..eeeeee..cccccc
  :
  :.......................................gggggggggggggggggggggg
  :
  :
  :
  :
  :
  :
  :
  :
  :
frame 0042 at 100x30
  header d7acb8da
  |> 8d552d0  main  Lint 0.3s  Build 1.2s  Fast 2.5s  Slow --  PASSED  just now
  |
  |  c67191d  main  Lint 0.3s  Build 1.2s  Fast 1.8s  Slow 47s  PASSED  10m ago
  |
  |  1767828  main  Lint 0.3s  Build 1.2s  Fast 1.8s  Slow 51s  PASSED  2h ago
  |
  |                                       ' . + .  nice  . + . '
  |
  |
  |
  |
  |
  |
  |
  |
  |
  :.................aaaaaaaaa..aaaaaaaaaa..aaaaaaaaa..ccccccc..eeeeee..cccccccc
  :
  :.................aaaaaaaaa..aaaaaaaaaa..aaaaaaaaa..aaaaaaaa..eeeeee..ccccccc
  :
  :.................aaaaaaaaa..aaaaaaaaaa..aaaaaaaaa..aaaaaaaa..eeeeee..cccccc
  :
  :.......................................gggggggggggggggggggggg
  :
  :
  :
  :
  :
  :
  :
  :
  :
frame 0043 at 100x30
  header b00fa3e2
  |> 8d552d0  main  Lint 0.3s  Build 1.2s  Fast 2.5s  Slow --  PASSED  just now
  |
  |  c67191d  main  Lint 0.3s  Build 1.2s  Fast 1.8s  Slow 47s  PASSED  10m ago
  |
  |  1767828  main  Lint 0.3s  Build 1.2s  Fast 1.8s  Slow 51s  PASSED  2h ago
  |
  |  j/k move   c cancel   q quit
  |
  |
  |
  |
  |
  |
  |
  |
  |
  :.................aaaaaaaaa..aaaaaaaaaa..aaaaaaaaa..ccccccc..eeeeee..cccccccc
  :
  :.................aaaaaaaaa..aaaaaaaaaa..aaaaaaaaa..aaaaaaaa..eeeeee..ccccccc
  :
  :.................aaaaaaaaa..aaaaaaaaaa..aaaaaaaaa..aaaaaaaa..eeeeee..cccccc
  :
  :cccccccccccccccccccccccccccccc
  :
  :
  :
  :
  :
  :
  :
  :
  :
frame 0044 at 100x30
  header 25b6717a
  |> 8d552d0  main  Lint 0.3s  Build 1.2s  Fast 2.5s  Slow --  PASSED  just now
  |
  |  c67191d  main  Lint 0.3s  Build 1.2s  Fast 1.8s  Slow 47s  PASSED  10m ago
  |
  |  1767828  main  Lint 0.3s  Build 1.2s  Fast 1.8s  Slow 51s  PASSED  2h ago
  |
  |  j/k move   c cancel   q quit
  |
  |
  |
  |
  |
  |
  |
  |
  |
  :.................aaaaaaaaa..aaaaaaaaaa..aaaaaaaaa..ccccccc..eeeeee..cccccccc
  :
  :.................aaaaaaaaa..aaaaaaaaaa..aaaaaaaaa..aaaaaaaa..eeeeee..ccccccc
  :
  :.................aaaaaaaaa..aaaaaaaaaa..aaaaaaaaa..aaaaaaaa..eeeeee..cccccc
  :
  :cccccccccccccccccccccccccccccc
  :
  :
  :
  :
  :
  :
  :
  :
  :
frame 0045 at 100x30
  header b8d0d3fb
  |> 8d552d0  main  Lint 0.3s  Build 1.2s  Fast 2.5s  Slow --  PASSED  just now
  |
  |  c67191d  main  Lint 0.3s  Build 1.2s  Fast 1.8s  Slow 47s  PASSED  10m ago
  |
  |  1767828  main  Lint 0.3s  Build 1.2s  Fast 1.8s  Slow 51s  PASSED  2h ago
  |
  |  j/k move   c cancel   q quit
  |
  |
  |
  |
  |
  |
  |
  |
  |
  :.................aaaaaaaaa..aaaaaaaaaa..aaaaaaaaa..ccccccc..eeeeee..cccccccc
  :
  :.................aaaaaaaaa..aaaaaaaaaa..aaaaaaaaa..aaaaaaaa..eeeeee..ccccccc
  :
  :.................aaaaaaaaa..aaaaaaaaaa..aaaaaaaaa..aaaaaaaa..eeeeee..cccccc
  :
  :cccccccccccccccccccccccccccccc
  :
  :
  :
  :
  :
  :
  :
  :
  :
frame 0046 at 100x30
  header 7cb5beeb
  |> 8d552d0  main  Lint 0.3s  Build 1.2s  Fast 2.5s  Slow --  PASSED  just now
  |
  |  c67191d  main  Lint 0.3s  Build 1.2s  Fast 1.8s  Slow 47s  PASSED  10m ago
  |
  |  1767828  main  Lint 0.3s  Build 1.2s  Fast 1.8s  Slow 51s  PASSED  2h ago
  |
  |  j/k move   c cancel   q quit
  |
  |
  |
  |
  |
  |
  |
  |
  |
  :.................aaaaaaaaa..aaaaaaaaaa..aaaaaaaaa..ccccccc..eeeeee..cccccccc
  :
  :.................aaaaaaaaa..aaaaaaaaaa..aaaaaaaaa..aaaaaaaa..eeeeee..ccccccc
  :
  :.................aaaaaaaaa..aaaaaaaaaa..aaaaaaaaa..aaaaaaaa..eeeeee..cccccc
  :
  :cccccccccccccccccccccccccccccc
  :
  :
  :
  :
  :
  :
  :
  :
  :
frame 0047 at 100x30
  header e41cc2f8
  |> 8d552d0  main  Lint 0.3s  Build 1.2s  Fast 2.5s  Slow --  PASSED  just now
  |
  |  c67191d  main  Lint 0.3s  Build 1.2s  Fast 1.8s  Slow 47s  PASSED  10m ago
  |
  |  1767828  main  Lint 0.3s  Build 1.2s  Fast 1.8s  Slow 51s  PASSED  2h ago
  |
  |  j/k move   c cancel   q quit
  |
  |
  |
  |
  |
  |
  |
  |
  |
  :.................aaaaaaaaa..aaaaaaaaaa..aaaaaaaaa..ccccccc..eeeeee..cccccccc
  :
  :.................aaaaaaaaa..aaaaaaaaaa..aaaaaaaaa..aaaaaaaa..eeeeee..ccccccc
  :
  :.................aaaaaaaaa..aaaaaaaaaa..aaaaaaaaa..aaaaaaaa..eeeeee..cccccc
  :
  :cccccccccccccccccccccccccccccc
  :
  :
  :
  :
  :
  :
  :
  :
  :
frame 0048 at 100x30
  header d596bd16
  |> 8d552d0  main  Lint 0.3s  Build 1.2s  Fast 2.5s  Slow --  PASSED  just now
  |
  |  c67191d  main  Lint 0.3s  Build 1.2s  Fast 1.8s  Slow 47s  PASSED  10m ago
  |
  |  1767828  main  Lint 0.3s  Build 1.2s  Fast 1.8s  Slow 51s  PASSED  2h ago
  |
  |  j/k move   c cancel   q quit
  |
  |
  |
  |
  |
  |
  |
  |
  |
  :.................aaaaaaaaa..aaaaaaaaaa..aaaaaaaaa..ccccccc..eeeeee..cccccccc
  :
  :.................aaaaaaaaa..aaaaaaaaaa..aaaaaaaaa..aaaaaaaa..eeeeee..ccccccc
  :
  :.................aaaaaaaaa..aaaaaaaaaa..aaaaaaaaa..aaaaaaaa..eeeeee..cccccc
  :
  :cccccccccccccccccccccccccccccc
  :
  :
  :
  :
  :
  :
  :
  :
  :
frame 0049 at 100x30
  header 8405b347
  |> 8d552d0  main  Lint 0.3s  Build 1.2s  Fast 2.5s  Slow --  PASSED  just now
  |
  |  c67191d  main  Lint 0.3s  Build 1.2s  Fast 1.8s  Slow 47s  PASSED  10m ago
  |
  |  1767828  main  Lint 0.3s  Build 1.2s  Fast 1.8s  Slow 51s  PASSED  2h ago
  |
  |  j/k move   c cancel   q quit
  |
  |
  |
  |
  |
  |
  |
  |
  |
  :.................aaaaaaaaa..aaaaaaaaaa..aaaaaaaaa..ccccccc..eeeeee..cccccccc
  :
  :.................aaaaaaaaa..aaaaaaaaaa..aaaaaaaaa..aaaaaaaa..eeeeee..ccccccc
  :
  :.................aaaaaaaaa..aaaaaaaaaa..aaaaaaaaa..aaaaaaaa..eeeeee..cccccc
  :
  :cccccccccccccccccccccccccccccc
  :
  :
  :
  :
  :
  :
  :
  :
  :
frame 0050 at 100x30
  header 6972f3c5
  |> 8d552d0  main  Lint 0.3s  Build 1.2s  Fast 2.5s  Slow --  PASSED  just now
  |
  |  c67191d  main  Lint 0.3s  Build 1.2s  Fast 1.8s  Slow 47s  PASSED  10m ago
  |
  |  1767828  main  Lint 0.3s  Build 1.2s  Fast 1.8s  Slow 51s  PASSED  2h ago
  |
  |  j/k move   c cancel   q quit
  |
  |
  |
  |
  |
  |
  |
  |
  |
  :.................aaaaaaaaa..aaaaaaaaaa..aaaaaaaaa..ccccccc..eeeeee..cccccccc
  :
  :.................aaaaaaaaa..aaaaaaaaaa..aaaaaaaaa..aaaaaaaa..eeeeee..ccccccc
  :
  :.................aaaaaaaaa..aaaaaaaaaa..aaaaaaaaa..aaaaaaaa..eeeeee..cccccc
  :
  :cccccccccccccccccccccccccccccc
  :
  :
  :
  :
  :
  :
  :
  :
  :
frame 0051 at 100x30
  header 80f49b90
  |> 8d552d0  main  Lint 0.3s  Build 1.2s  Fast 2.5s  Slow --  PASSED  just now
  |
  |  c67191d  main  Lint 0.3s  Build 1.2s  Fast 1.8s  Slow 47s  PASSED  10m ago
  |
  |  1767828  main  Lint 0.3s  Build 1.2s  Fast 1.8s  Slow 51s  PASSED  2h ago
  |
  |  j/k move   c cancel   q quit
  |
  |
  |
  |
  |
  |
  |
  |
  |
  :.................aaaaaaaaa..aaaaaaaaaa..aaaaaaaaa..ccccccc..eeeeee..cccccccc
  :
  :.................aaaaaaaaa..aaaaaaaaaa..aaaaaaaaa..aaaaaaaa..eeeeee..ccccccc
  :
  :.................aaaaaaaaa..aaaaaaaaaa..aaaaaaaaa..aaaaaaaa..eeeeee..cccccc
  :
  :cccccccccccccccccccccccccccccc
  :
  :
  :
  :
  :
  :
  :
  :
  :
frame 0052 at 100x30
  header 55e4dfe7
  |> 8d552d0  main  Lint 0.3s  Build 1.2s  Fast 2.5s  Slow --  PASSED  just now
  |
  |  c67191d  main  Lint 0.3s  Build 1.2s  Fast 1.8s  Slow 47s  PASSED  10m ago
  |
  |  1767828  main  Lint 0.3s  Build 1.2s  Fast 1.8s  Slow 51s  PASSED  2h ago
  |
  |  j/k move   c cancel   q quit
  |
  |
  |
  |
  |
  |
  |
  |
  |
  :.................aaaaaaaaa..aaaaaaaaaa..aaaaaaaaa..ccccccc..eeeeee..cccccccc
  :
  :.................aaaaaaaaa..aaaaaaaaaa..aaaaaaaaa..aaaaaaaa..eeeeee..ccccccc
  :
  :.................aaaaaaaaa..aaaaaaaaaa..aaaaaaaaa..aaaaaaaa..eeeeee..cccccc
  :
  :cccccccccccccccccccccccccccccc
  :
  :
  :
  :
  :
  :
  :
  :
  :
frame 0053 at 100x30
  header 2b8485b9
  |> 8d552d0  main  Lint 0.3s  Build 1.2s  Fast 2.5s  Slow --  PASSED  just now
  |
  |  c67191d  main  Lint 0.3s  Build 1.2s  Fast 1.8s  Slow 47s  PASSED  10m ago
  |
  |  1767828  main  Lint 0.3s  Build 1.2s  Fast 1.8s  Slow 51s  PASSED  2h ago
  |
  |  j/k move   c cancel   q quit
  |
  |
  |
  |
  |
  |
  |
  |
  |
  :.................aaaaaaaaa..aaaaaaaaaa..aaaaaaaaa..ccccccc..eeeeee..cccccccc
  :
  :.................aaaaaaaaa..aaaaaaaaaa..aaaaaaaaa..aaaaaaaa..eeeeee..ccccccc
  :
  :.................aaaaaaaaa..aaaaaaaaaa..aaaaaaaaa..aaaaaaaa..eeeeee..cccccc
  :
  :cccccccccccccccccccccccccccccc
  :
  :
  :
  :
  :
  :
  :
  :
  :
frame 0054 at 100x30
  header ff6eeb33
  |> 8d552d0  main  Lint 0.3s  Build 1.2s  Fast 2.5s  Slow --  PASSED  just now
  |
  |  c67191d  main  Lint 0.3s  Build 1.2s  Fast 1.8s  Slow 47s  PASSED  10m ago
  |
  |  1767828  main  Lint 0.3s  Build 1.2s  Fast 1.8s  Slow 51s  PASSED  2h ago
  |
  |  j/k move   c cancel   q quit
  |
  |
  |
  |
  |
  |
  |
  |
  |
  :.................aaaaaaaaa..aaaaaaaaaa..aaaaaaaaa..ccccccc..eeeeee..cccccccc
  :
  :.................aaaaaaaaa..aaaaaaaaaa..aaaaaaaaa..aaaaaaaa..eeeeee..ccccccc
  :
  :.................aaaaaaaaa..aaaaaaaaaa..aaaaaaaaa..aaaaaaaa..eeeeee..cccccc
  :
  :cccccccccccccccccccccccccccccc
  :
  :
  :
  :
  :
  :
  :
  :
  :
frame 0055 at 100x30
  header 3249ac5e
  |> 8d552d0  main  Lint 0.3s  Build 1.2s  Fast 2.5s  Slow --  PASSED  just now
  |
  |  c67191d  main  Lint 0.3s  Build 1.2s  Fast 1.8s  Slow 47s  PASSED  10m ago
  |
  |  1767828  main  Lint 0.3s  Build 1.2s  Fast 1.8s  Slow 51s  PASSED  2h ago
  |
  |  j/k move   c cancel   q quit
  |
  |
  |
  |
  |
  |
  |
  |
  |
  :.................aaaaaaaaa..aaaaaaaaaa..aaaaaaaaa..ccccccc..eeeeee..cccccccc
  :
  :.................aaaaaaaaa..aaaaaaaaaa..aaaaaaaaa..aaaaaaaa..eeeeee..ccccccc
  :
  :.................aaaaaaaaa..aaaaaaaaaa..aaaaaaaaa..aaaaaaaa..eeeeee..cccccc
  :
  :cccccccccccccccccccccccccccccc
  :
  :
  :
  :
  :
  :
  :
  :
  :
legend
a = fg Idx(2), bg Default, []
b = fg Idx(6), bg Default, []
c = fg Default, bg Default, ["dim"]
d = fg Idx(6), bg Default, ["bold"]
e = fg Idx(2), bg Default, ["bold"]
f = fg Idx(3), bg Default, ["bold"]
g = fg Idx(2), bg Default, ["dim"]
