---
source: tests/suite/snapshots.rs
expression: "render(& frames(\"fail-explosion\"))"
---
frame 0001 at 100x30
  header 6d42ba03
  |        ▄▄▄▄▄▄▄▄▄▄▄▄▄▄▄▄▄▄▄▄▄▄▄▄▄▄▄▄▄▄▄▄▄▄▄▄▄▄▄▄▄▄▄▄▄▄▄▄▄▄
  |            main    ✓ ✓ ⠙ ·    running fast · 2s     now
  |        ▀▀▀▀▀▀▀▀▀▀▀▀▀▀▀▀▀▀▀▀▀▀▀▀▀▀▀▀▀▀▀▀▀▀▀▀▀▀▀▀▀▀▀▀▀▀▀▀▀▀
  |
  |
  |
  |
  |
  |
  |
  |
  |
  |
  |
  |
  |          j/k move      c cancel      q quit
  :........aaaaaaaaaaaaaaaaaaaaaaaaaaaaaaaaaaaaaaaaaaaaaaaaaa
  :........bbbbccccccccddddeefffffeeeeeeeeeeeeeeeeeeeeeefffff
  :........aaaaaaaaaaaaaaaaaaaaaaaaaaaaaaaaaaaaaaaaaaaaaaaaaa
  :
  :
  :
  :
  :
  :
  :
  :
  :
  :
  :
  :
  :..........gggggggggggggggggggggggggggggggggggggggggggggggggggggggggggggggggggggggggggggggggg
frame 0002 at 100x30
  header b6775f15
  |        ▄▄▄▄▄▄▄▄▄▄▄▄▄▄▄▄▄▄▄▄▄▄▄▄▄▄▄▄▄▄▄▄▄▄▄▄▄▄▄▄▄▄▄▄▄▄▄▄▄▄
  |            main    ✓ ✓ ⠹ ·    running fast · 2s     now
  |        ▀▀▀▀▀▀▀▀▀▀▀▀▀▀▀▀▀▀▀▀▀▀▀▀▀▀▀▀▀▀▀▀▀▀▀▀▀▀▀▀▀▀▀▀▀▀▀▀▀▀
  |
  |
  |
  |
  |
  |
  |
  |
  |
  |
  |
  |
  |          j/k move      c cancel      q quit
  :........aaaaaaaaaaaaaaaaaaaaaaaaaaaaaaaaaaaaaaaaaaaaaaaaaa
  :........bbbbccccccccddddeefffffeeeeeeeeeeeeeeeeeeeeeefffff
  :........aaaaaaaaaaaaaaaaaaaaaaaaaaaaaaaaaaaaaaaaaaaaaaaaaa
  :
  :
  :
  :
  :
  :
  :
  :
  :
  :
  :
  :
  :..........gggggggggggggggggggggggggggggggggggggggggggggggggggggggggggggggggggggggggggggggggg
frame 0003 at 100x30
  header 522ec8cf
  |        ▄▄▄▄▄▄▄▄▄▄▄▄▄▄▄▄▄▄▄▄▄▄▄▄▄▄▄▄▄▄▄▄▄▄▄▄▄▄▄▄▄▄▄▄▄▄▄▄▄▄
  |            main    ✓ ✓ ⠸ ·    running fast · 2s     now
  |        ▀▀▀▀▀▀▀▀▀▀▀▀▀▀▀▀▀▀▀▀▀▀▀▀▀▀▀▀▀▀▀▀▀▀▀▀▀▀▀▀▀▀▀▀▀▀▀▀▀▀
  |
  |
  |
  |
  |
  |
  |
  |
  |
  |
  |
  |
  |          j/k move      c cancel      q quit
  :........aaaaaaaaaaaaaaaaaaaaaaaaaaaaaaaaaaaaaaaaaaaaaaaaaa
  :........bbbbccccccccddddeefffffeeeeeeeeeeeeeeeeeeeeeefffff
  :........aaaaaaaaaaaaaaaaaaaaaaaaaaaaaaaaaaaaaaaaaaaaaaaaaa
  :
  :
  :
  :
  :
  :
  :
  :
  :
  :
  :
  :
  :..........gggggggggggggggggggggggggggggggggggggggggggggggggggggggggggggggggggggggggggggggggg
frame 0004 at 100x30
  header accf857c
  |        ▄▄▄▄▄▄▄▄▄▄▄▄▄▄▄▄▄▄▄▄▄▄▄▄▄▄▄▄▄▄▄▄▄▄▄▄▄▄▄▄▄▄▄▄▄▄▄▄▄▄
  |            main    ✓ ✓ ⠼ ·    running fast · 2s     now
  |        ▀▀▀▀▀▀▀▀▀▀▀▀▀▀▀▀▀▀▀▀▀▀▀▀▀▀▀▀▀▀▀▀▀▀▀▀▀▀▀▀▀▀▀▀▀▀▀▀▀▀
  |
  |
  |
  |
  |
  |
  |
  |
  |
  |
  |
  |
  |          j/k move      c cancel      q quit
  :........aaaaaaaaaaaaaaaaaaaaaaaaaaaaaaaaaaaaaaaaaaaaaaaaaa
  :........bbbbccccccccddddeefffffeeeeeeeeeeeeeeeeeeeeeefffff
  :........aaaaaaaaaaaaaaaaaaaaaaaaaaaaaaaaaaaaaaaaaaaaaaaaaa
  :
  :
  :
  :
  :
  :
  :
  :
  :
  :
  :
  :
  :..........gggggggggggggggggggggggggggggggggggggggggggggggggggggggggggggggggggggggggggggggggg
frame 0005 at 100x30
  header 133b76df
  |        ▄▄▄▄▄▄▄▄▄▄▄▄▄▄▄▄▄▄▄▄▄▄▄▄▄▄▄▄▄▄▄▄▄▄▄▄▄▄▄▄▄▄▄▄▄▄▄▄▄▄
  |            main    ✓ ✓ ⠴ ·    running fast · 2s     now
  |        ▀▀▀▀▀▀▀▀▀▀▀▀▀▀▀▀▀▀▀▀▀▀▀▀▀▀▀▀▀▀▀▀▀▀▀▀▀▀▀▀▀▀▀▀▀▀▀▀▀▀
  |
  |
  |
  |
  |
  |
  |
  |
  |
  |
  |
  |
  |          j/k move      c cancel      q quit
  :........aaaaaaaaaaaaaaaaaaaaaaaaaaaaaaaaaaaaaaaaaaaaaaaaaa
  :........bbbbccccccccddddeefffffeeeeeeeeeeeeeeeeeeeeeefffff
  :........aaaaaaaaaaaaaaaaaaaaaaaaaaaaaaaaaaaaaaaaaaaaaaaaaa
  :
  :
  :
  :
  :
  :
  :
  :
  :
  :
  :
  :
  :..........gggggggggggggggggggggggggggggggggggggggggggggggggggggggggggggggggggggggggggggggggg
frame 0006 at 100x30
  header bec183d0
  |        ▄▄▄▄▄▄▄▄▄▄▄▄▄▄▄▄▄▄▄▄▄▄▄▄▄▄▄▄▄▄▄▄▄▄▄▄▄▄▄▄▄▄▄▄▄▄▄▄▄▄
  |            main    ✓ ✓ ⠦ ·    running fast · 2s     now
  |        ▀▀▀▀▀▀▀▀▀▀▀▀▀▀▀▀▀▀▀▀▀▀▀▀▀▀▀▀▀▀▀▀▀▀▀▀▀▀▀▀▀▀▀▀▀▀▀▀▀▀
  |
  |
  |
  |
  |
  |
  |
  |
  |
  |
  |
  |
  |          j/k move      c cancel      q quit
  :........hhhhhhhhhhhhhhhhhhhhhhhhhhhhhhhhhhhhhhhhhhhhhhhhhh
  :........iiiijjjjjjjjkkkkllmmmmmllllllllllllllllllllllmmmmm
  :........hhhhhhhhhhhhhhhhhhhhhhhhhhhhhhhhhhhhhhhhhhhhhhhhhh
  :
  :
  :
  :
  :
  :
  :
  :
  :
  :
  :
  :
  :..........gggggggggggggggggggggggggggggggggggggggggggggggggggggggggggggggggggggggggggggggggg
frame 0007 at 100x30
  header 63feebb7
  |        ▄▄▄▄▄▄▄▄▄▄▄▄▄▄▄▄▄▄▄▄▄▄▄▄▄▄▄▄▄▄▄▄▄▄▄▄▄▄▄▄▄▄▄▄▄▄▄▄▄▄
  |            main    ✓ ✓ ⠧ ·    running fast · 2s     now
  |        ▀▀▀▀▀▀▀▀▀▀▀▀▀▀▀▀▀▀▀▀▀▀▀▀▀▀▀▀▀▀▀▀▀▀▀▀▀▀▀▀▀▀▀▀▀▀▀▀▀▀
  |
  |
  |
  |
  |
  |
  |
  |
  |
  |
  |
  |
  |          j/k move      c cancel      q quit
  :........hhhhhhhhhhhhhhhhhhhhhhhhhhhhhhhhhhhhhhhhhhhhhhhhhh
  :........iiiijjjjjjjjkkkkllmmmmmllllllllllllllllllllllmmmmm
  :........hhhhhhhhhhhhhhhhhhhhhhhhhhhhhhhhhhhhhhhhhhhhhhhhhh
  :
  :
  :
  :
  :
  :
  :
  :
  :
  :
  :
  :
  :..........gggggggggggggggggggggggggggggggggggggggggggggggggggggggggggggggggggggggggggggggggg
frame 0008 at 100x30
  header 49873264
  |        ▄▄▄▄▄▄▄▄▄▄▄▄▄▄▄▄▄▄▄▄▄▄▄▄▄▄▄▄▄▄▄▄▄▄▄▄▄▄▄▄▄▄▄▄▄▄▄▄▄▄
  |            main    ✓ ✓ ⠇ ·    running fast · 2s     now
  |        ▀▀▀▀▀▀▀▀▀▀▀▀▀▀▀▀▀▀▀▀▀▀▀▀▀▀▀▀▀▀▀▀▀▀▀▀▀▀▀▀▀▀▀▀▀▀▀▀▀▀
  |
  |
  |
  |
  |
  |
  |
  |
  |
  |
  |
  |
  |          j/k move      c cancel      q quit
  :........hhhhhhhhhhhhhhhhhhhhhhhhhhhhhhhhhhhhhhhhhhhhhhhhhh
  :........iiiijjjjjjjjkkkkllmmmmmllllllllllllllllllllllmmmmm
  :........hhhhhhhhhhhhhhhhhhhhhhhhhhhhhhhhhhhhhhhhhhhhhhhhhh
  :
  :
  :
  :
  :
  :
  :
  :
  :
  :
  :
  :
  :..........gggggggggggggggggggggggggggggggggggggggggggggggggggggggggggggggggggggggggggggggggg
frame 0009 at 100x30
  header 6ed725d1
  |        ▄▄▄▄▄▄▄▄▄▄▄▄▄▄▄▄▄▄▄▄▄▄▄▄▄▄▄▄▄▄▄▄▄▄▄▄▄▄▄▄▄▄▄▄▄▄▄▄▄▄
  |            main    ✓ ✓ ⠏ ·    running fast · 2s     now
  |        ▀▀▀▀▀▀▀▀▀▀▀▀▀▀▀▀▀▀▀▀▀▀▀▀▀▀▀▀▀▀▀▀▀▀▀▀▀▀▀▀▀▀▀▀▀▀▀▀▀▀
  |
  |
  |
  |
  |
  |
  |
  |
  |
  |
  |
  |
  |          j/k move      c cancel      q quit
  :........hhhhhhhhhhhhhhhhhhhhhhhhhhhhhhhhhhhhhhhhhhhhhhhhhh
  :........iiiijjjjjjjjkkkkllmmmmmllllllllllllllllllllllmmmmm
  :........hhhhhhhhhhhhhhhhhhhhhhhhhhhhhhhhhhhhhhhhhhhhhhhhhh
  :
  :
  :
  :
  :
  :
  :
  :
  :
  :
  :
  :
  :..........gggggggggggggggggggggggggggggggggggggggggggggggggggggggggggggggggggggggggggggggggg
frame 0010 at 100x30
  header 67709551
  |        ▄▄▄▄▄▄▄▄▄▄▄▄▄▄▄▄▄▄▄▄▄▄▄▄▄▄▄▄▄▄▄▄▄▄▄▄▄▄▄▄▄▄▄▄▄▄▄▄▄▄
  |            main    ✓ ✓ ⠋ ·    running fast · 3s     now
  |        ▀▀▀▀▀▀▀▀▀▀▀▀▀▀▀▀▀▀▀▀▀▀▀▀▀▀▀▀▀▀▀▀▀▀▀▀▀▀▀▀▀▀▀▀▀▀▀▀▀▀
  |
  |
  |
  |
  |
  |
  |
  |
  |
  |
  |
  |
  |          j/k move      c cancel      q quit
  :........nnnnnnnnnnnnnnnnnnnnnnnnnnnnnnnnnnnnnnnnnnnnnnnnnn
  :........ooooppppppppqqqqrrsssssrrrrrrrrrrrrrrrrrrrrrrsssss
  :........nnnnnnnnnnnnnnnnnnnnnnnnnnnnnnnnnnnnnnnnnnnnnnnnnn
  :
  :
  :
  :
  :
  :
  :
  :
  :
  :
  :
  :
  :..........gggggggggggggggggggggggggggggggggggggggggggggggggggggggggggggggggggggggggggggggggg
frame 0011 at 100x30
  header 1029c4af
  |        ▄▄▄▄▄▄▄▄▄▄▄▄▄▄▄▄▄▄▄▄▄▄▄▄▄▄▄▄▄▄▄▄▄▄▄▄▄▄▄▄▄▄▄▄▄▄▄▄▄▄▄▄
  |            main    ✓ ✓ ◆ ·    failed in fast · 3s     now
  |        ▀▀▀▀▀▀▀▀▀▀▀▀▀▀▀▀▀▀▀▀▀▀▀▀▀▀▀▀▀▀▀▀▀▀▀▀▀▀▀▀▀▀▀▀▀▀▀▀▀▀▀▀
  |
  |
  |
  |
  |
  |
  |
  |
  |
  |
  |
  |
  |          j/k move      q quit
  :........nnnnnnnnnnnnnnnnnnnnnnnnnnnnnnnnnnnnnnnnnnnnnnnnnnnn
  :........ooooppppppppqqqqtusssssuuuuuuuuuuuuuuuuuuuuuuuusssss
  :........nnnnnnnnnnnnnnnnnnnnnnnnnnnnnnnnnnnnnnnnnnnnnnnnnnnn
  :
  :
  :
  :
  :
  :
  :
  :
  :
  :
  :
  :
  :..........gggggggggggggggggggggggggggggggggggggggggggggggggggggggggggggggggggggggggggggggggg
frame 0012 at 100x30
  header 5433d382
  |        ▄▄▄▄▄▄▄▄▄▄▄▄▄▄▄▄▄▄▄▄▄▄▄▄▄▄▄▄▄▄▄▄▄▄▄▄▄▄▄▄▄▄▄▄▄▄▄▄▄▄▄▄
  |            main    ✓ ✓ ◆ ·    failed in fast · 3s     now
  |        ▀▀▀▀▀▀▀▀▀▀▀▀▀▀▀▀▀▀▀▀▀▀▀▀▀▀▀▀▀▀▀▀▀▀▀▀▀▀▀▀▀▀▀▀▀▀▀▀▀▀▀▀
  |
  |
  |
  |
  |
  |
  |
  |
  |
  |
  |
  |
  |          j/k move      q quit
  :........nnnnnnnnnnnnnnnnnnnnnnnnnnnnnnnnnnnnnnnnnnnnnnnnnnnn
  :........ooooppppppppqqqqvusssssuuuuuuuuuuuuuuuuuuuuuuuusssss
  :........nnnnnnnnnnnnnnnnnnnnnnnnnnnnnnnnnnnnnnnnnnnnnnnnnnnn
  :
  :
  :
  :
  :
  :
  :
  :
  :
  :
  :
  :
  :..........gggggggggggggggggggggggggggggggggggggggggggggggggggggggggggggggggggggggggggggggggg
frame 0013 at 100x30
  header 34647194
  |        ▄▄▄▄▄▄▄▄▄▄▄▄▄▄▄▄▄▄▄▄▄▄▄▄▄▄▄▄▄▄▄▄▄▄▄▄▄▄▄▄▄▄▄▄▄▄▄▄▄▄▄▄
  |            main    ✓ ✓ ◆ ·    failed in fast · 3s     now
  |        ▀▀▀▀▀▀▀▀▀▀▀▀▀▀▀▀▀▀▀▀▀▀▀▀▀▀▀▀▀▀▀▀▀▀▀▀▀▀▀▀▀▀▀▀▀▀▀▀▀▀▀▀
  |
  |
  |
  |
  |
  |
  |
  |
  |
  |
  |
  |
  |          j/k move      q quit
  :........wwwwwwwwwwwwwwwwwwwwwwwwwwwwwwwwwwwwwwwwwwwwwwwwwwww
  :........xxxxyyyyyyyyzzzzABCCCCCBBBBBBBBBBBBBBBBBBBBBBBBCCCCC
  :........wwwwwwwwwwwwwwwwwwwwwwwwwwwwwwwwwwwwwwwwwwwwwwwwwwww
  :
  :
  :
  :
  :
  :
  :
  :
  :
  :
  :
  :
  :..........gggggggggggggggggggggggggggggggggggggggggggggggggggggggggggggggggggggggggggggggggg
frame 0014 at 100x30
  header ada534de
  |        ▄▄▄▄▄▄▄▄▄▄▄▄▄▄▄▄▄▄▄▄▄▄▄▄▄▄▄▄▄▄▄▄▄▄▄▄▄▄▄▄▄▄▄▄▄▄▄▄▄▄▄▄
  |            main    ✓ ✓ ◆ ·    failed in fast · 3s     now
  |        ▀▀▀▀▀▀▀▀▀▀▀▀▀▀▀▀▀▀▀▀▀▀▀▀▀▀▀▀▀▀▀▀▀▀▀▀▀▀▀▀▀▀▀▀▀▀▀▀▀▀▀▀
  |
  |
  |
  |
  |
  |
  |
  |
  |
  |
  |
  |
  |          j/k move      q quit
  :........wwwwwwwwwwwwwwwwwwwwwwwwwwwwwwwwwwwwwwwwwwwwwwwwwwww
  :........xxxxyyyyyyyyzzzzDBCCCCCBBBBBBBBBBBBBBBBBBBBBBBBCCCCC
  :........wwwwwwwwwwwwwwwwwwwwwwwwwwwwwwwwwwwwwwwwwwwwwwwwwwww
  :
  :
  :
  :
  :
  :
  :
  :
  :
  :
  :
  :
  :..........gggggggggggggggggggggggggggggggggggggggggggggggggggggggggggggggggggggggggggggggggg
frame 0015 at 100x30
  header cacf4f00
  |        ▄▄▄▄▄▄▄▄▄▄▄▄▄▄▄▄▄▄▄▄▄▄▄▄▄▄▄▄▄▄▄▄▄▄▄▄▄▄▄▄▄▄▄▄▄▄▄▄▄▄▄▄
  |            main    ✓ ✓ ◆ ·    failed in fast · 3s     now
  |        ▀▀▀▀▀▀▀▀▀▀▀▀▀▀▀▀▀▀▀▀▀▀▀▀▀▀▀▀▀▀▀▀▀▀▀▀▀▀▀▀▀▀▀▀▀▀▀▀▀▀▀▀
  |
  |
  |
  |
  |
  |
  |
  |
  |
  |
  |
  |
  |          j/k move      q quit
  :........wwwwwwwwwwwwwwwwwwwwwwwwwwwwwwwwwwwwwwwwwwwwwwwwwwww
  :........xxxxyyyyyyyyzzzzEBCCCCCBBBBBBBBBBBBBBBBBBBBBBBBCCCCC
  :........wwwwwwwwwwwwwwwwwwwwwwwwwwwwwwwwwwwwwwwwwwwwwwwwwwww
  :
  :
  :
  :
  :
  :
  :
  :
  :
  :
  :
  :
  :..........gggggggggggggggggggggggggggggggggggggggggggggggggggggggggggggggggggggggggggggggggg
frame 0016 at 100x30
  header b473b490
  |        ▄▄▄▄▄▄▄▄▄▄▄▄▄▄▄▄▄▄▄▄▄▄▄▄▄▄▄▄▄▄▄▄▄▄▄▄▄▄▄▄▄▄▄▄▄▄▄▄▄▄▄▄
  |            main    ✓ ✓ ◆ ·    failed in fast · 3s     now
  |        ▀▀▀▀▀▀▀▀▀▀▀▀▀▀▀▀▀▀▀▀▀▀▀▀▀▀▀▀▀▀▀▀▀▀▀▀▀▀▀▀▀▀▀▀▀▀▀▀▀▀▀▀
  |
  |
  |
  |
  |
  |
  |
  |
  |
  |
  |
  |
  |          j/k move      q quit
  :........wwwwwwwwwwwwwwwwwwwwwwwwwwwwwwwwwwwwwwwwwwwwwwwwwwww
  :........xxxxyyyyyyyyzzzzFBCCCCCBBBBBBBBBBBBBBBBBBBBBBBBCCCCC
  :........wwwwwwwwwwwwwwwwwwwwwwwwwwwwwwwwwwwwwwwwwwwwwwwwwwww
  :
  :
  :
  :
  :
  :
  :
  :
  :
  :
  :
  :
  :..........gggggggggggggggggggggggggggggggggggggggggggggggggggggggggggggggggggggggggggggggggg
frame 0017 at 100x30
  header 8cd23f29
  |        ▄▄▄▄▄▄▄▄▄▄▄▄▄▄▄▄▄▄▄▄▄▄▄▄▄▄▄▄▄▄▄▄▄▄▄▄▄▄▄▄▄▄▄▄▄▄▄▄▄▄▄▄
  |            main    ✓ ✓ ◆ ·    failed in fast · 3s     now
  |        ▀▀▀▀▀▀▀▀▀▀▀▀▀▀▀▀▀▀▀▀▀▀▀▀▀▀▀▀▀▀▀▀▀▀▀▀▀▀▀▀▀▀▀▀▀▀▀▀▀▀▀▀
  |
  |
  |
  |
  |
  |
  |
  |
  |
  |
  |
  |
  |          j/k move      q quit
  :........GGGGGGGGGGGGGGGGGGGGGGGGGGGGGGGGGGGGGGGGGGGGGGGGGGGG
  :........HHHHIIIIIIIIJJJJKKLLLLLKKKKKKKKKKKKKKKKKKKKKKKKLLLLL
  :........GGGGGGGGGGGGGGGGGGGGGGGGGGGGGGGGGGGGGGGGGGGGGGGGGGGG
  :
  :
  :
  :
  :
  :
  :
  :
  :
  :
  :
  :
  :..........gggggggggggggggggggggggggggggggggggggggggggggggggggggggggggggggggggggggggggggggggg
frame 0018 at 100x30
  header 13d06ec5
  |        ▄▄▄▄▄▄▄▄▄▄▄▄▄▄▄▄▄▄▄▄▄▄▄▄▄▄▄▄▄▄▄▄▄▄▄▄▄▄▄▄▄▄▄▄▄▄▄▄▄▄▄▄
  |            main    ✓ ✓ ◆ ·    failed in fast · 3s     now
  |        ▀▀▀▀▀▀▀▀▀▀▀▀▀▀▀▀▀▀▀▀▀▀▀▀▀▀▀▀▀▀▀▀▀▀▀▀▀▀▀▀▀▀▀▀▀▀▀▀▀▀▀▀
  |
  |
  |
  |
  |
  |
  |
  |
  |
  |
  |
  |
  |          j/k move      q quit
  :........GGGGGGGGGGGGGGGGGGGGGGGGGGGGGGGGGGGGGGGGGGGGGGGGGGGG
  :........HHHHIIIIIIIIJJJJKKLLLLLKKKKKKKKKKKKKKKKKKKKKKKKLLLLL
  :........GGGGGGGGGGGGGGGGGGGGGGGGGGGGGGGGGGGGGGGGGGGGGGGGGGGG
  :
  :
  :
  :
  :
  :
  :
  :
  :
  :
  :
  :
  :..........gggggggggggggggggggggggggggggggggggggggggggggggggggggggggggggggggggggggggggggggggg
frame 0019 at 100x30
  header a54d1e7a
  |        ▄▄▄▄▄▄▄▄▄▄▄▄▄▄▄▄▄▄▄▄▄▄▄▄▄▄▄▄▄▄▄▄▄▄▄▄▄▄▄▄▄▄▄▄▄▄▄▄▄▄▄▄
  |            main    ✓ ✓ ◆ ·    failed in fast · 3s     now
  |        ▀▀▀▀▀▀▀▀▀▀▀▀▀▀▀▀▀▀▀▀▀▀▀▀▀▀▀▀▀▀▀▀▀▀▀▀▀▀▀▀▀▀▀▀▀▀▀▀▀▀▀▀
  |                                        >>> FAST FAILED <<<
  |
  |
  |
  |
  |
  |
  |
  |
  |
  |
  |
  |          j/k move      q quit
  :........GGGGGGGGGGGGGGGGGGGGGGGGGGGGGGGGGGGGGGGGGGGGGGGGGGGG
  :........HHHHIIIIIIIIJJJJKKLLLLLKKKKKKKKKKKKKKKKKKKKKKKKLLLLL
  :........GGGGGGGGGGGGGGGGGGGGGGGGGGGGGGGGGGGGGGGGGGGGGGGGGGGG
  :........................................MMMMMMMMMMMMMMMMMMM
  :
  :
  :
  :
  :
  :
  :
  :
  :
  :
  :
  :..........gggggggggggggggggggggggggggggggggggggggggggggggggggggggggggggggggggggggggggggggggg
frame 0020 at 100x30
  header 1fe1c02b
  |        ▄▄▄▄▄▄▄▄▄▄▄▄▄▄▄▄▄▄▄▄▄▄▄▄▄▄▄▄▄▄▄▄▄▄▄▄▄▄▄▄▄▄▄▄▄▄▄▄▄▄▄▄
  |            main    ✓ ✓ ◆ ·    failed in fast · 3s     now
  |        ▀▀▀▀▀▀▀▀▀▀▀▀▀▀▀▀▀▀▀▀▀▀▀▀▀▀▀▀▀▀▀▀▀▀▀▀▀▀▀▀▀▀▀▀▀▀▀▀▀▀▀▀
  |                                        >>> FAST FAILED <<<
  |
  |
  |
  |
  |
  |
  |
  |
  |
  |
  |
  |          j/k move      q quit
  :........GGGGGGGGGGGGGGGGGGGGGGGGGGGGGGGGGGGGGGGGGGGGGGGGGGGG
  :........HHHHIIIIIIIIJJJJKKLLLLLKKKKKKKKKKKKKKKKKKKKKKKKLLLLL
  :........GGGGGGGGGGGGGGGGGGGGGGGGGGGGGGGGGGGGGGGGGGGGGGGGGGGG
  :........................................MMMMMMMMMMMMMMMMMMM
  :
  :
  :
  :
  :
  :
  :
  :
  :
  :
  :
  :..........gggggggggggggggggggggggggggggggggggggggggggggggggggggggggggggggggggggggggggggggggg
frame 0021 at 100x30
  header 2babd383
  |        ▄▄▄▄▄▄▄▄▄▄▄▄▄▄▄▄▄▄▄▄▄▄▄▄▄▄▄▄▄▄▄▄▄▄▄▄▄▄▄▄▄▄▄▄▄▄▄▄▄▄▄▄
  |            main    ✓ ✓ ◆ ·    failed in fast · 3s     now
  |        ▀▀▀▀▀▀▀▀▀▀▀▀▀▀▀▀▀▀▀▀▀▀▀▀▀▀▀▀▀▀▀▀▀▀▀▀▀▀▀▀▀▀▀▀▀▀▀▀▀▀▀▀
  |                                        >>> FAST FAILED <<<
  |
  |
  |
  |
  |
  |
  |
  |
  |
  |
  |
  |          j/k move      q quit
  :........GGGGGGGGGGGGGGGGGGGGGGGGGGGGGGGGGGGGGGGGGGGGGGGGGGGG
  :........HHHHIIIIIIIIJJJJKKLLLLLKKKKKKKKKKKKKKKKKKKKKKKKLLLLL
  :........GGGGGGGGGGGGGGGGGGGGGGGGGGGGGGGGGGGGGGGGGGGGGGGGGGGG
  :........................................MMMMMMMMMMMMMMMMMMM
  :
  :
  :
  :
  :
  :
  :
  :
  :
  :
  :
  :..........gggggggggggggggggggggggggggggggggggggggggggggggggggggggggggggggggggggggggggggggggg
frame 0022 at 100x30
  header de7efa93
  |        ▄▄▄▄▄▄▄▄▄▄▄▄▄▄▄▄▄▄▄▄▄▄▄▄▄▄▄▄▄▄▄▄▄▄▄▄▄▄▄▄▄▄▄▄▄▄▄▄▄▄▄▄
  |            main    ✓ ✓ ◆ ·    failed in fast · 3s     now
  |        ▀▀▀▀▀▀▀▀▀▀▀▀▀▀▀▀▀▀▀▀▀▀▀▀▀▀▀▀▀▀▀▀▀▀▀▀▀▀▀▀▀▀▀▀▀▀▀▀▀▀▀▀
  |                                        >>> FAST FAILED <<<
  |
  |
  |
  |
  |
  |
  |
  |
  |
  |
  |
  |          j/k move      q quit
  :........GGGGGGGGGGGGGGGGGGGGGGGGGGGGGGGGGGGGGGGGGGGGGGGGGGGG
  :........HHHHIIIIIIIIJJJJKKLLLLLKKKKKKKKKKKKKKKKKKKKKKKKLLLLL
  :........GGGGGGGGGGGGGGGGGGGGGGGGGGGGGGGGGGGGGGGGGGGGGGGGGGGG
  :........................................MMMMMMMMMMMMMMMMMMM
  :
  :
  :
  :
  :
  :
  :
  :
  :
  :
  :
  :..........gggggggggggggggggggggggggggggggggggggggggggggggggggggggggggggggggggggggggggggggggg
frame 0023 at 100x30
  header 99878cae
  |        ▄▄▄▄▄▄▄▄▄▄▄▄▄▄▄▄▄▄▄▄▄▄▄▄▄▄▄▄▄▄▄▄▄▄▄▄▄▄▄▄▄▄▄▄▄▄▄▄▄▄▄▄
  |            main    ✓ ✓ ◆ ·    failed in fast · 3s     now
  |        ▀▀▀▀▀▀▀▀▀▀▀▀▀▀▀▀▀▀▀▀▀▀▀▀▀▀▀▀▀▀▀▀▀▀▀▀▀▀▀▀▀▀▀▀▀▀▀▀▀▀▀▀
  |                                        >>> FAST FAILED <<<
  |
  |
  |
  |
  |
  |
  |
  |
  |
  |
  |
  |          j/k move      q quit
  :........GGGGGGGGGGGGGGGGGGGGGGGGGGGGGGGGGGGGGGGGGGGGGGGGGGGG
  :........HHHHIIIIIIIIJJJJKKLLLLLKKKKKKKKKKKKKKKKKKKKKKKKLLLLL
  :........GGGGGGGGGGGGGGGGGGGGGGGGGGGGGGGGGGGGGGGGGGGGGGGGGGGG
  :........................................MMMMMMMMMMMMMMMMMMM
  :
  :
  :
  :
  :
  :
  :
  :
  :
  :
  :
  :..........gggggggggggggggggggggggggggggggggggggggggggggggggggggggggggggggggggggggggggggggggg
frame 0024 at 100x30
  header f745f153
  |        ▄▄▄▄▄▄▄▄▄▄▄▄▄▄▄▄▄▄▄▄▄▄▄▄▄▄▄▄▄▄▄▄▄▄▄▄▄▄▄▄▄▄▄▄▄▄▄▄▄▄▄▄
  |            main    ✓ ✓ ◆ ·    failed in fast · 3s     now
  |        ▀▀▀▀▀▀▀▀▀▀▀▀▀▀▀▀▀▀▀▀▀▀▀▀▀▀▀▀▀▀▀▀▀▀▀▀▀▀▀▀▀▀▀▀▀▀▀▀▀▀▀▀
  |                                        >>> FAST FAILED <<<
  |
  |
  |
  |
  |
  |
  |
  |
  |
  |
  |
  |          j/k move      q quit
  :........GGGGGGGGGGGGGGGGGGGGGGGGGGGGGGGGGGGGGGGGGGGGGGGGGGGG
  :........HHHHIIIIIIIIJJJJKKLLLLLKKKKKKKKKKKKKKKKKKKKKKKKLLLLL
  :........GGGGGGGGGGGGGGGGGGGGGGGGGGGGGGGGGGGGGGGGGGGGGGGGGGGG
  :........................................MMMMMMMMMMMMMMMMMMM
  :
  :
  :
  :
  :
  :
  :
  :
  :
  :
  :
  :..........gggggggggggggggggggggggggggggggggggggggggggggggggggggggggggggggggggggggggggggggggg
frame 0025 at 100x30
  header bbb5156f
  |        ▄▄▄▄▄▄▄▄▄▄▄▄▄▄▄▄▄▄▄▄▄▄▄▄▄▄▄▄▄▄▄▄▄▄▄▄▄▄▄▄▄▄▄▄▄▄▄▄▄▄▄▄
  |            main    ✓ ✓ ◆ ·    failed in fast · 3s     now
  |        ▀▀▀▀▀▀▀▀▀▀▀▀▀▀▀▀▀▀▀▀▀▀▀▀▀▀▀▀▀▀▀▀▀▀▀▀▀▀▀▀▀▀▀▀▀▀▀▀▀▀▀▀
  |                                        >>> FAST FAILED <<<
  |
  |
  |
  |
  |
  |
  |
  |
  |
  |
  |
  |          j/k move      q quit
  :........GGGGGGGGGGGGGGGGGGGGGGGGGGGGGGGGGGGGGGGGGGGGGGGGGGGG
  :........HHHHIIIIIIIIJJJJKKLLLLLKKKKKKKKKKKKKKKKKKKKKKKKLLLLL
  :........GGGGGGGGGGGGGGGGGGGGGGGGGGGGGGGGGGGGGGGGGGGGGGGGGGGG
  :........................................MMMMMMMMMMMMMMMMMMM
  :
  :
  :
  :
  :
  :
  :
  :
  :
  :
  :
  :..........gggggggggggggggggggggggggggggggggggggggggggggggggggggggggggggggggggggggggggggggggg
frame 0026 at 100x30
  header 4572b132
  |        ▄▄▄▄▄▄▄▄▄▄▄▄▄▄▄▄▄▄▄▄▄▄▄▄▄▄▄▄▄▄▄▄▄▄▄▄▄▄▄▄▄▄▄▄▄▄▄▄▄▄▄▄
  |            main    ✓ ✓ ◆ ·    failed in fast · 3s     now
  |        ▀▀▀▀▀▀▀▀▀▀▀▀▀▀▀▀▀▀▀▀▀▀▀▀▀▀▀▀▀▀▀▀▀▀▀▀▀▀▀▀▀▀▀▀▀▀▀▀▀▀▀▀
  |                                        >>> FAST FAILED <<<
  |
  |
  |
  |
  |
  |
  |
  |
  |
  |
  |
  |          j/k move      q quit
  :........wwwwwwwwwwwwwwwwwwwwwwwwwwwwwwwwwwwwwwwwwwwwwwwwwwww
  :........xxxxyyyyyyyyzzzzBBCCCCCBBBBBBBBBBBBBBBBBBBBBBBBCCCCC
  :........wwwwwwwwwwwwwwwwwwwwwwwwwwwwwwwwwwwwwwwwwwwwwwwwwwww
  :........................................MMMMMMMMMMMMMMMMMMM
  :
  :
  :
  :
  :
  :
  :
  :
  :
  :
  :
  :..........gggggggggggggggggggggggggggggggggggggggggggggggggggggggggggggggggggggggggggggggggg
frame 0027 at 100x30
  header 5fc0f476
  |        ▄▄▄▄▄▄▄▄▄▄▄▄▄▄▄▄▄▄▄▄▄▄▄▄▄▄▄▄▄▄▄▄▄▄▄▄▄▄▄▄▄▄▄▄▄▄▄▄▄▄▄▄
  |            main    ✓ ✓ ◆ ·    failed in fast · 3s     now
  |        ▀▀▀▀▀▀▀▀▀▀▀▀▀▀▀▀▀▀▀▀▀▀▀▀▀▀▀▀▀▀▀▀▀▀▀▀▀▀▀▀▀▀▀▀▀▀▀▀▀▀▀▀
  |                                         >> fast failed <<
  |
  |
  |
  |
  |
  |
  |
  |
  |
  |
  |
  |          j/k move      q quit
  :........wwwwwwwwwwwwwwwwwwwwwwwwwwwwwwwwwwwwwwwwwwwwwwwwwwww
  :........xxxxyyyyyyyyzzzzBBCCCCCBBBBBBBBBBBBBBBBBBBBBBBBCCCCC
  :........wwwwwwwwwwwwwwwwwwwwwwwwwwwwwwwwwwwwwwwwwwwwwwwwwwww
  :.........................................NNNNNNNNNNNNNNNNN
  :
  :
  :
  :
  :
  :
  :
  :
  :
  :
  :
  :..........gggggggggggggggggggggggggggggggggggggggggggggggggggggggggggggggggggggggggggggggggg
frame 0028 at 100x30
  header 67497472
  |        ▄▄▄▄▄▄▄▄▄▄▄▄▄▄▄▄▄▄▄▄▄▄▄▄▄▄▄▄▄▄▄▄▄▄▄▄▄▄▄▄▄▄▄▄▄▄▄▄▄▄▄▄
  |            main    ✓ ✓ ◆ ·    failed in fast · 3s     now
  |        ▀▀▀▀▀▀▀▀▀▀▀▀▀▀▀▀▀▀▀▀▀▀▀▀▀▀▀▀▀▀▀▀▀▀▀▀▀▀▀▀▀▀▀▀▀▀▀▀▀▀▀▀
  |                                         >> fast failed <<
  |
  |
  |
  |
  |
  |
  |
  |
  |
  |
  |
  |          j/k move      q quit
  :........wwwwwwwwwwwwwwwwwwwwwwwwwwwwwwwwwwwwwwwwwwwwwwwwwwww
  :........xxxxyyyyyyyyzzzzBBCCCCCBBBBBBBBBBBBBBBBBBBBBBBBCCCCC
  :........wwwwwwwwwwwwwwwwwwwwwwwwwwwwwwwwwwwwwwwwwwwwwwwwwwww
  :.........................................NNNNNNNNNNNNNNNNN
  :
  :
  :
  :
  :
  :
  :
  :
  :
  :
  :
  :..........gggggggggggggggggggggggggggggggggggggggggggggggggggggggggggggggggggggggggggggggggg
frame 0029 at 100x30
  header 1d66c6d8
  |        ▄▄▄▄▄▄▄▄▄▄▄▄▄▄▄▄▄▄▄▄▄▄▄▄▄▄▄▄▄▄▄▄▄▄▄▄▄▄▄▄▄▄▄▄▄▄▄▄▄▄▄▄
  |            main    ✓ ✓ ◆ ·    failed in fast · 3s     now
  |        ▀▀▀▀▀▀▀▀▀▀▀▀▀▀▀▀▀▀▀▀▀▀▀▀▀▀▀▀▀▀▀▀▀▀▀▀▀▀▀▀▀▀▀▀▀▀▀▀▀▀▀▀
  |                                         >> fast failed <<
  |
  |
  |
  |
  |
  |
  |
  |
  |
  |
  |
  |          j/k move      q quit
  :........wwwwwwwwwwwwwwwwwwwwwwwwwwwwwwwwwwwwwwwwwwwwwwwwwwww
  :........xxxxyyyyyyyyzzzzBBCCCCCBBBBBBBBBBBBBBBBBBBBBBBBCCCCC
  :........wwwwwwwwwwwwwwwwwwwwwwwwwwwwwwwwwwwwwwwwwwwwwwwwwwww
  :.........................................NNNNNNNNNNNNNNNNN
  :
  :
  :
  :
  :
  :
  :
  :
  :
  :
  :
  :..........gggggggggggggggggggggggggggggggggggggggggggggggggggggggggggggggggggggggggggggggggg
frame 0030 at 100x30
  header a021d5aa
  |        ▄▄▄▄▄▄▄▄▄▄▄▄▄▄▄▄▄▄▄▄▄▄▄▄▄▄▄▄▄▄▄▄▄▄▄▄▄▄▄▄▄▄▄▄▄▄▄▄▄▄▄▄
  |            main    ✓ ✓ ◆ ·    failed in fast · 3s     now
  |        ▀▀▀▀▀▀▀▀▀▀▀▀▀▀▀▀▀▀▀▀▀▀▀▀▀▀▀▀▀▀▀▀▀▀▀▀▀▀▀▀▀▀▀▀▀▀▀▀▀▀▀▀
  |                                         >> fast failed <<
  |
  |
  |
  |
  |
  |
  |
  |
  |
  |
  |
  |          j/k move      q quit
  :........nnnnnnnnnnnnnnnnnnnnnnnnnnnnnnnnnnnnnnnnnnnnnnnnnnnn
  :........ooooppppppppqqqquusssssuuuuuuuuuuuuuuuuuuuuuuuusssss
  :........nnnnnnnnnnnnnnnnnnnnnnnnnnnnnnnnnnnnnnnnnnnnnnnnnnnn
  :.........................................NNNNNNNNNNNNNNNNN
  :
  :
  :
  :
  :
  :
  :
  :
  :
  :
  :
  :..........gggggggggggggggggggggggggggggggggggggggggggggggggggggggggggggggggggggggggggggggggg
frame 0031 at 100x30
  header 91503a5d
  |        ▄▄▄▄▄▄▄▄▄▄▄▄▄▄▄▄▄▄▄▄▄▄▄▄▄▄▄▄▄▄▄▄▄▄▄▄▄▄▄▄▄▄▄▄▄▄▄▄▄▄▄▄
  |            main    ✓ ✓ ◆ ·    failed in fast · 3s     now
  |        ▀▀▀▀▀▀▀▀▀▀▀▀▀▀▀▀▀▀▀▀▀▀▀▀▀▀▀▀▀▀▀▀▀▀▀▀▀▀▀▀▀▀▀▀▀▀▀▀▀▀▀▀
  |                                         >> fast failed <<
  |
  |
  |
  |
  |
  |
  |
  |
  |
  |
  |
  |          j/k move      q quit
  :........nnnnnnnnnnnnnnnnnnnnnnnnnnnnnnnnnnnnnnnnnnnnnnnnnnnn
  :........ooooppppppppqqqquusssssuuuuuuuuuuuuuuuuuuuuuuuusssss
  :........nnnnnnnnnnnnnnnnnnnnnnnnnnnnnnnnnnnnnnnnnnnnnnnnnnnn
  :.........................................NNNNNNNNNNNNNNNNN
  :
  :
  :
  :
  :
  :
  :
  :
  :
  :
  :
  :..........gggggggggggggggggggggggggggggggggggggggggggggggggggggggggggggggggggggggggggggggggg
frame 0032 at 100x30
  header 0197a838
  |        ▄▄▄▄▄▄▄▄▄▄▄▄▄▄▄▄▄▄▄▄▄▄▄▄▄▄▄▄▄▄▄▄▄▄▄▄▄▄▄▄▄▄▄▄▄▄▄▄▄▄▄▄
  |            main    ✓ ✓ ◆ ·    failed in fast · 3s     now
  |        ▀▀▀▀▀▀▀▀▀▀▀▀▀▀▀▀▀▀▀▀▀▀▀▀▀▀▀▀▀▀▀▀▀▀▀▀▀▀▀▀▀▀▀▀▀▀▀▀▀▀▀▀
  |                                         >> fast failed <<
  |
  |
  |
  |
  |
  |
  |
  |
  |
  |
  |
  |          j/k move      q quit
  :........nnnnnnnnnnnnnnnnnnnnnnnnnnnnnnnnnnnnnnnnnnnnnnnnnnnn
  :........ooooppppppppqqqquusssssuuuuuuuuuuuuuuuuuuuuuuuusssss
  :........nnnnnnnnnnnnnnnnnnnnnnnnnnnnnnnnnnnnnnnnnnnnnnnnnnnn
  :.........................................NNNNNNNNNNNNNNNNN
  :
  :
  :
  :
  :
  :
  :
  :
  :
  :
  :
  :..........gggggggggggggggggggggggggggggggggggggggggggggggggggggggggggggggggggggggggggggggggg
frame 0033 at 100x30
  header 7f9c4b27
  |        ▄▄▄▄▄▄▄▄▄▄▄▄▄▄▄▄▄▄▄▄▄▄▄▄▄▄▄▄▄▄▄▄▄▄▄▄▄▄▄▄▄▄▄▄▄▄▄▄▄▄▄▄
  |            main    ✓ ✓ ◆ ·    failed in fast · 3s     now
  |        ▀▀▀▀▀▀▀▀▀▀▀▀▀▀▀▀▀▀▀▀▀▀▀▀▀▀▀▀▀▀▀▀▀▀▀▀▀▀▀▀▀▀▀▀▀▀▀▀▀▀▀▀
  |                                         >> fast failed <<
  |
  |
  |
  |
  |
  |
  |
  |
  |
  |
  |
  |          j/k move      q quit
  :........hhhhhhhhhhhhhhhhhhhhhhhhhhhhhhhhhhhhhhhhhhhhhhhhhhhh
  :........iiiijjjjjjjjkkkkOOmmmmmOOOOOOOOOOOOOOOOOOOOOOOOmmmmm
  :........hhhhhhhhhhhhhhhhhhhhhhhhhhhhhhhhhhhhhhhhhhhhhhhhhhhh
  :.........................................NNNNNNNNNNNNNNNNN
  :
  :
  :
  :
  :
  :
  :
  :
  :
  :
  :
  :..........gggggggggggggggggggggggggggggggggggggggggggggggggggggggggggggggggggggggggggggggggg
frame 0034 at 100x30
  header abff29b8
  |        ▄▄▄▄▄▄▄▄▄▄▄▄▄▄▄▄▄▄▄▄▄▄▄▄▄▄▄▄▄▄▄▄▄▄▄▄▄▄▄▄▄▄▄▄▄▄▄▄▄▄▄▄
  |            main    ✓ ✓ ◆ ·    failed in fast · 3s     now
  |        ▀▀▀▀▀▀▀▀▀▀▀▀▀▀▀▀▀▀▀▀▀▀▀▀▀▀▀▀▀▀▀▀▀▀▀▀▀▀▀▀▀▀▀▀▀▀▀▀▀▀▀▀
  |                                         >> fast failed <<
  |
  |
  |
  |
  |
  |
  |
  |
  |
  |
  |
  |          j/k move      q quit
  :........hhhhhhhhhhhhhhhhhhhhhhhhhhhhhhhhhhhhhhhhhhhhhhhhhhhh
  :........iiiijjjjjjjjkkkkOOmmmmmOOOOOOOOOOOOOOOOOOOOOOOOmmmmm
  :........hhhhhhhhhhhhhhhhhhhhhhhhhhhhhhhhhhhhhhhhhhhhhhhhhhhh
  :.........................................NNNNNNNNNNNNNNNNN
  :
  :
  :
  :
  :
  :
  :
  :
  :
  :
  :
  :..........gggggggggggggggggggggggggggggggggggggggggggggggggggggggggggggggggggggggggggggggggg
frame 0035 at 100x30
  header 6102ac24
  |        ▄▄▄▄▄▄▄▄▄▄▄▄▄▄▄▄▄▄▄▄▄▄▄▄▄▄▄▄▄▄▄▄▄▄▄▄▄▄▄▄▄▄▄▄▄▄▄▄▄▄▄▄
  |            main    ✓ ✓ ◆ ·    failed in fast · 3s     now
  |        ▀▀▀▀▀▀▀▀▀▀▀▀▀▀▀▀▀▀▀▀▀▀▀▀▀▀▀▀▀▀▀▀▀▀▀▀▀▀▀▀▀▀▀▀▀▀▀▀▀▀▀▀
  |                                          > fast failed <
  |
  |
  |
  |
  |
  |
  |
  |
  |
  |
  |
  |          j/k move      q quit
  :........hhhhhhhhhhhhhhhhhhhhhhhhhhhhhhhhhhhhhhhhhhhhhhhhhhhh
  :........iiiijjjjjjjjkkkkOOmmmmmOOOOOOOOOOOOOOOOOOOOOOOOmmmmm
  :........hhhhhhhhhhhhhhhhhhhhhhhhhhhhhhhhhhhhhhhhhhhhhhhhhhhh
  :..........................................PPPPPPPPPPPPPPP
  :
  :
  :
  :
  :
  :
  :
  :
  :
  :
  :
  :..........gggggggggggggggggggggggggggggggggggggggggggggggggggggggggggggggggggggggggggggggggg
frame 0036 at 100x30
  header c3c043c7
  |        ▄▄▄▄▄▄▄▄▄▄▄▄▄▄▄▄▄▄▄▄▄▄▄▄▄▄▄▄▄▄▄▄▄▄▄▄▄▄▄▄▄▄▄▄▄▄▄▄▄▄▄▄
  |            main    ✓ ✓ ◆ ·    failed in fast · 3s     now
  |        ▀▀▀▀▀▀▀▀▀▀▀▀▀▀▀▀▀▀▀▀▀▀▀▀▀▀▀▀▀▀▀▀▀▀▀▀▀▀▀▀▀▀▀▀▀▀▀▀▀▀▀▀
  |                                          > fast failed <
  |
  |
  |
  |
  |
  |
  |
  |
  |
  |
  |
  |          j/k move      q quit
  :........hhhhhhhhhhhhhhhhhhhhhhhhhhhhhhhhhhhhhhhhhhhhhhhhhhhh
  :........iiiijjjjjjjjkkkkOOmmmmmOOOOOOOOOOOOOOOOOOOOOOOOmmmmm
  :........hhhhhhhhhhhhhhhhhhhhhhhhhhhhhhhhhhhhhhhhhhhhhhhhhhhh
  :..........................................PPPPPPPPPPPPPPP
  :
  :
  :
  :
  :
  :
  :
  :
  :
  :
  :
  :..........gggggggggggggggggggggggggggggggggggggggggggggggggggggggggggggggggggggggggggggggggg
frame 0037 at 100x30
  header 4282b039
  |        ▄▄▄▄▄▄▄▄▄▄▄▄▄▄▄▄▄▄▄▄▄▄▄▄▄▄▄▄▄▄▄▄▄▄▄▄▄▄▄▄▄▄▄▄▄▄▄▄▄▄▄▄
  |            main    ✓ ✓ ◆ ·    failed in fast · 3s     now
  |        ▀▀▀▀▀▀▀▀▀▀▀▀▀▀▀▀▀▀▀▀▀▀▀▀▀▀▀▀▀▀▀▀▀▀▀▀▀▀▀▀▀▀▀▀▀▀▀▀▀▀▀▀
  |                                          > fast failed <
  |
  |
  |
  |
  |
  |
  |
  |
  |
  |
  |
  |          j/k move      q quit
  :........aaaaaaaaaaaaaaaaaaaaaaaaaaaaaaaaaaaaaaaaaaaaaaaaaaaa
  :........bbbbccccccccddddQQfffffQQQQQQQQQQQQQQQQQQQQQQQQfffff
  :........aaaaaaaaaaaaaaaaaaaaaaaaaaaaaaaaaaaaaaaaaaaaaaaaaaaa
  :..........................................PPPPPPPPPPPPPPP
  :
  :
  :
  :
  :
  :
  :
  :
  :
  :
  :
  :..........gggggggggggggggggggggggggggggggggggggggggggggggggggggggggggggggggggggggggggggggggg
frame 0038 at 100x30
  header dbd112f6
  |        ▄▄▄▄▄▄▄▄▄▄▄▄▄▄▄▄▄▄▄▄▄▄▄▄▄▄▄▄▄▄▄▄▄▄▄▄▄▄▄▄▄▄▄▄▄▄▄▄▄▄▄▄
  |            main    ✓ ✓ ◆ ·    failed in fast · 3s     now
  |        ▀▀▀▀▀▀▀▀▀▀▀▀▀▀▀▀▀▀▀▀▀▀▀▀▀▀▀▀▀▀▀▀▀▀▀▀▀▀▀▀▀▀▀▀▀▀▀▀▀▀▀▀
  |                                          > fast failed <
  |
  |
  |
  |
  |
  |
  |
  |
  |
  |
  |
  |          j/k move      q quit
  :........aaaaaaaaaaaaaaaaaaaaaaaaaaaaaaaaaaaaaaaaaaaaaaaaaaaa
  :........bbbbccccccccddddQQfffffQQQQQQQQQQQQQQQQQQQQQQQQfffff
  :........aaaaaaaaaaaaaaaaaaaaaaaaaaaaaaaaaaaaaaaaaaaaaaaaaaaa
  :..........................................PPPPPPPPPPPPPPP
  :
  :
  :
  :
  :
  :
  :
  :
  :
  :
  :
  :..........gggggggggggggggggggggggggggggggggggggggggggggggggggggggggggggggggggggggggggggggggg
frame 0039 at 100x30
  header 40f4d9ec
  |        ▄▄▄▄▄▄▄▄▄▄▄▄▄▄▄▄▄▄▄▄▄▄▄▄▄▄▄▄▄▄▄▄▄▄▄▄▄▄▄▄▄▄▄▄▄▄▄▄▄▄▄▄
  |            main    ✓ ✓ ◆ ·    failed in fast · 3s     now
  |        ▀▀▀▀▀▀▀▀▀▀▀▀▀▀▀▀▀▀▀▀▀▀▀▀▀▀▀▀▀▀▀▀▀▀▀▀▀▀▀▀▀▀▀▀▀▀▀▀▀▀▀▀
  |                                          > fast failed <
  |
  |
  |
  |
  |
  |
  |
  |
  |
  |
  |
  |          j/k move      q quit
  :........aaaaaaaaaaaaaaaaaaaaaaaaaaaaaaaaaaaaaaaaaaaaaaaaaaaa
  :........bbbbccccccccddddQQfffffQQQQQQQQQQQQQQQQQQQQQQQQfffff
  :........aaaaaaaaaaaaaaaaaaaaaaaaaaaaaaaaaaaaaaaaaaaaaaaaaaaa
  :..........................................PPPPPPPPPPPPPPP
  :
  :
  :
  :
  :
  :
  :
  :
  :
  :
  :
  :..........gggggggggggggggggggggggggggggggggggggggggggggggggggggggggggggggggggggggggggggggggg
frame 0040 at 100x30
  header afb993b1
  |        ▄▄▄▄▄▄▄▄▄▄▄▄▄▄▄▄▄▄▄▄▄▄▄▄▄▄▄▄▄▄▄▄▄▄▄▄▄▄▄▄▄▄▄▄▄▄▄▄▄▄▄▄
  |            main    ✓ ✓ ◆ ·    failed in fast · 3s     now
  |        ▀▀▀▀▀▀▀▀▀▀▀▀▀▀▀▀▀▀▀▀▀▀▀▀▀▀▀▀▀▀▀▀▀▀▀▀▀▀▀▀▀▀▀▀▀▀▀▀▀▀▀▀
  |                                          > fast failed <
  |
  |
  |
  |
  |
  |
  |
  |
  |
  |
  |
  |          j/k move      q quit
  :........aaaaaaaaaaaaaaaaaaaaaaaaaaaaaaaaaaaaaaaaaaaaaaaaaaaa
  :........bbbbccccccccddddQQfffffQQQQQQQQQQQQQQQQQQQQQQQQfffff
  :........aaaaaaaaaaaaaaaaaaaaaaaaaaaaaaaaaaaaaaaaaaaaaaaaaaaa
  :..........................................PPPPPPPPPPPPPPP
  :
  :
  :
  :
  :
  :
  :
  :
  :
  :
  :
  :..........gggggggggggggggggggggggggggggggggggggggggggggggggggggggggggggggggggggggggggggggggg
frame 0041 at 100x30
  header da83d00d
  |        ▄▄▄▄▄▄▄▄▄▄▄▄▄▄▄▄▄▄▄▄▄▄▄▄▄▄▄▄▄▄▄▄▄▄▄▄▄▄▄▄▄▄▄▄▄▄▄▄▄▄▄▄
  |            main    ✓ ✓ ◆ ·    failed in fast · 3s     now
  |        ▀▀▀▀▀▀▀▀▀▀▀▀▀▀▀▀▀▀▀▀▀▀▀▀▀▀▀▀▀▀▀▀▀▀▀▀▀▀▀▀▀▀▀▀▀▀▀▀▀▀▀▀
  |                                          > fast failed <
  |
  |
  |
  |
  |
  |
  |
  |
  |
  |
  |
  |          j/k move      q quit
  :........aaaaaaaaaaaaaaaaaaaaaaaaaaaaaaaaaaaaaaaaaaaaaaaaaaaa
  :........bbbbccccccccddddQQfffffQQQQQQQQQQQQQQQQQQQQQQQQfffff
  :........aaaaaaaaaaaaaaaaaaaaaaaaaaaaaaaaaaaaaaaaaaaaaaaaaaaa
  :..........................................PPPPPPPPPPPPPPP
  :
  :
  :
  :
  :
  :
  :
  :
  :
  :
  :
  :..........gggggggggggggggggggggggggggggggggggggggggggggggggggggggggggggggggggggggggggggggggg
frame 0042 at 100x30
  header 6d27a072
  |        ▄▄▄▄▄▄▄▄▄▄▄▄▄▄▄▄▄▄▄▄▄▄▄▄▄▄▄▄▄▄▄▄▄▄▄▄▄▄▄▄▄▄▄▄▄▄▄▄▄▄▄▄
  |            main    ✓ ✓ ◆ ·    failed in fast · 3s     now
  |        ▀▀▀▀▀▀▀▀▀▀▀▀▀▀▀▀▀▀▀▀▀▀▀▀▀▀▀▀▀▀▀▀▀▀▀▀▀▀▀▀▀▀▀▀▀▀▀▀▀▀▀▀
  |                                          > fast failed <
  |
  |
  |
  |
  |
  |
  |
  |
  |
  |
  |
  |          j/k move      q quit
  :........aaaaaaaaaaaaaaaaaaaaaaaaaaaaaaaaaaaaaaaaaaaaaaaaaaaa
  :........bbbbccccccccddddQQfffffQQQQQQQQQQQQQQQQQQQQQQQQfffff
  :........aaaaaaaaaaaaaaaaaaaaaaaaaaaaaaaaaaaaaaaaaaaaaaaaaaaa
  :..........................................PPPPPPPPPPPPPPP
  :
  :
  :
  :
  :
  :
  :
  :
  :
  :
  :
  :..........gggggggggggggggggggggggggggggggggggggggggggggggggggggggggggggggggggggggggggggggggg
frame 0043 at 100x30
  header f06038bf
  |        ▄▄▄▄▄▄▄▄▄▄▄▄▄▄▄▄▄▄▄▄▄▄▄▄▄▄▄▄▄▄▄▄▄▄▄▄▄▄▄▄▄▄▄▄▄▄▄▄▄▄▄▄
  |            main    ✓ ✓ ◆ ·    failed in fast · 3s     now
  |        ▀▀▀▀▀▀▀▀▀▀▀▀▀▀▀▀▀▀▀▀▀▀▀▀▀▀▀▀▀▀▀▀▀▀▀▀▀▀▀▀▀▀▀▀▀▀▀▀▀▀▀▀
  |
  |
  |
  |
  |
  |
  |
  |
  |
  |
  |
  |
  |          j/k move      q quit
  :........aaaaaaaaaaaaaaaaaaaaaaaaaaaaaaaaaaaaaaaaaaaaaaaaaaaa
  :........bbbbccccccccddddQQfffffQQQQQQQQQQQQQQQQQQQQQQQQfffff
  :........aaaaaaaaaaaaaaaaaaaaaaaaaaaaaaaaaaaaaaaaaaaaaaaaaaaa
  :
  :
  :
  :
  :
  :
  :
  :
  :
  :
  :
  :
  :..........gggggggggggggggggggggggggggggggggggggggggggggggggggggggggggggggggggggggggggggggggg
frame 0044 at 100x30
  header 07c0d414
  |        ▄▄▄▄▄▄▄▄▄▄▄▄▄▄▄▄▄▄▄▄▄▄▄▄▄▄▄▄▄▄▄▄▄▄▄▄▄▄▄▄▄▄▄▄▄▄▄▄▄▄▄▄
  |            main    ✓ ✓ ◆ ·    failed in fast · 3s     now
  |        ▀▀▀▀▀▀▀▀▀▀▀▀▀▀▀▀▀▀▀▀▀▀▀▀▀▀▀▀▀▀▀▀▀▀▀▀▀▀▀▀▀▀▀▀▀▀▀▀▀▀▀▀
  |
  |
  |
  |
  |
  |
  |
  |
  |
  |
  |
  |
  |          j/k move      q quit
  :........aaaaaaaaaaaaaaaaaaaaaaaaaaaaaaaaaaaaaaaaaaaaaaaaaaaa
  :........bbbbccccccccddddQQfffffQQQQQQQQQQQQQQQQQQQQQQQQfffff
  :........aaaaaaaaaaaaaaaaaaaaaaaaaaaaaaaaaaaaaaaaaaaaaaaaaaaa
  :
  :
  :
  :
  :
  :
  :
  :
  :
  :
  :
  :
  :..........gggggggggggggggggggggggggggggggggggggggggggggggggggggggggggggggggggggggggggggggggg
frame 0045 at 100x30
  header fba121c3
  |        ▄▄▄▄▄▄▄▄▄▄▄▄▄▄▄▄▄▄▄▄▄▄▄▄▄▄▄▄▄▄▄▄▄▄▄▄▄▄▄▄▄▄▄▄▄▄▄▄▄▄▄▄
  |            main    ✓ ✓ ◆ ·    failed in fast · 3s     now
  |        ▀▀▀▀▀▀▀▀▀▀▀▀▀▀▀▀▀▀▀▀▀▀▀▀▀▀▀▀▀▀▀▀▀▀▀▀▀▀▀▀▀▀▀▀▀▀▀▀▀▀▀▀
  |
  |
  |
  |
  |
  |
  |
  |
  |
  |
  |
  |
  |          j/k move      q quit
  :........aaaaaaaaaaaaaaaaaaaaaaaaaaaaaaaaaaaaaaaaaaaaaaaaaaaa
  :........bbbbccccccccddddQQfffffQQQQQQQQQQQQQQQQQQQQQQQQfffff
  :........aaaaaaaaaaaaaaaaaaaaaaaaaaaaaaaaaaaaaaaaaaaaaaaaaaaa
  :
  :
  :
  :
  :
  :
  :
  :
  :
  :
  :
  :
  :..........gggggggggggggggggggggggggggggggggggggggggggggggggggggggggggggggggggggggggggggggggg
frame 0046 at 100x30
  header 183fc313
  |        ▄▄▄▄▄▄▄▄▄▄▄▄▄▄▄▄▄▄▄▄▄▄▄▄▄▄▄▄▄▄▄▄▄▄▄▄▄▄▄▄▄▄▄▄▄▄▄▄▄▄▄▄
  |            main    ✓ ✓ ◆ ·    failed in fast · 3s     now
  |        ▀▀▀▀▀▀▀▀▀▀▀▀▀▀▀▀▀▀▀▀▀▀▀▀▀▀▀▀▀▀▀▀▀▀▀▀▀▀▀▀▀▀▀▀▀▀▀▀▀▀▀▀
  |
  |
  |
  |
  |
  |
  |
  |
  |
  |
  |
  |
  |          j/k move      q quit
  :........hhhhhhhhhhhhhhhhhhhhhhhhhhhhhhhhhhhhhhhhhhhhhhhhhhhh
  :........iiiijjjjjjjjkkkkOOmmmmmOOOOOOOOOOOOOOOOOOOOOOOOmmmmm
  :........hhhhhhhhhhhhhhhhhhhhhhhhhhhhhhhhhhhhhhhhhhhhhhhhhhhh
  :
  :
  :
  :
  :
  :
  :
  :
  :
  :
  :
  :
  :..........gggggggggggggggggggggggggggggggggggggggggggggggggggggggggggggggggggggggggggggggggg
frame 0047 at 100x30
  header fba121c3
  |        ▄▄▄▄▄▄▄▄▄▄▄▄▄▄▄▄▄▄▄▄▄▄▄▄▄▄▄▄▄▄▄▄▄▄▄▄▄▄▄▄▄▄▄▄▄▄▄▄▄▄▄▄
  |            main    ✓ ✓ ◆ ·    failed in fast · 3s     now
  |        ▀▀▀▀▀▀▀▀▀▀▀▀▀▀▀▀▀▀▀▀▀▀▀▀▀▀▀▀▀▀▀▀▀▀▀▀▀▀▀▀▀▀▀▀▀▀▀▀▀▀▀▀
  |
  |
  |
  |
  |
  |
  |
  |
  |
  |
  |
  |
  |          j/k move      q quit
  :........hhhhhhhhhhhhhhhhhhhhhhhhhhhhhhhhhhhhhhhhhhhhhhhhhhhh
  :........iiiijjjjjjjjkkkkOOmmmmmOOOOOOOOOOOOOOOOOOOOOOOOmmmmm
  :........hhhhhhhhhhhhhhhhhhhhhhhhhhhhhhhhhhhhhhhhhhhhhhhhhhhh
  :
  :
  :
  :
  :
  :
  :
  :
  :
  :
  :
  :
  :..........gggggggggggggggggggggggggggggggggggggggggggggggggggggggggggggggggggggggggggggggggg
frame 0048 at 100x30
  header 07c0d414
  |        ▄▄▄▄▄▄▄▄▄▄▄▄▄▄▄▄▄▄▄▄▄▄▄▄▄▄▄▄▄▄▄▄▄▄▄▄▄▄▄▄▄▄▄▄▄▄▄▄▄▄▄▄
  |            main    ✓ ✓ ◆ ·    failed in fast · 3s     now
  |        ▀▀▀▀▀▀▀▀▀▀▀▀▀▀▀▀▀▀▀▀▀▀▀▀▀▀▀▀▀▀▀▀▀▀▀▀▀▀▀▀▀▀▀▀▀▀▀▀▀▀▀▀
  |
  |
  |
  |
  |
  |
  |
  |
  |
  |
  |
  |
  |          j/k move      q quit
  :........hhhhhhhhhhhhhhhhhhhhhhhhhhhhhhhhhhhhhhhhhhhhhhhhhhhh
  :........iiiijjjjjjjjkkkkOOmmmmmOOOOOOOOOOOOOOOOOOOOOOOOmmmmm
  :........hhhhhhhhhhhhhhhhhhhhhhhhhhhhhhhhhhhhhhhhhhhhhhhhhhhh
  :
  :
  :
  :
  :
  :
  :
  :
  :
  :
  :
  :
  :..........gggggggggggggggggggggggggggggggggggggggggggggggggggggggggggggggggggggggggggggggggg
frame 0049 at 100x30
  header f06038bf
  |        ▄▄▄▄▄▄▄▄▄▄▄▄▄▄▄▄▄▄▄▄▄▄▄▄▄▄▄▄▄▄▄▄▄▄▄▄▄▄▄▄▄▄▄▄▄▄▄▄▄▄▄▄
  |            main    ✓ ✓ ◆ ·    failed in fast · 3s     now
  |        ▀▀▀▀▀▀▀▀▀▀▀▀▀▀▀▀▀▀▀▀▀▀▀▀▀▀▀▀▀▀▀▀▀▀▀▀▀▀▀▀▀▀▀▀▀▀▀▀▀▀▀▀
  |
  |
  |
  |
  |
  |
  |
  |
  |
  |
  |
  |
  |          j/k move      q quit
  :........hhhhhhhhhhhhhhhhhhhhhhhhhhhhhhhhhhhhhhhhhhhhhhhhhhhh
  :........iiiijjjjjjjjkkkkOOmmmmmOOOOOOOOOOOOOOOOOOOOOOOOmmmmm
  :........hhhhhhhhhhhhhhhhhhhhhhhhhhhhhhhhhhhhhhhhhhhhhhhhhhhh
  :
  :
  :
  :
  :
  :
  :
  :
  :
  :
  :
  :
  :..........gggggggggggggggggggggggggggggggggggggggggggggggggggggggggggggggggggggggggggggggggg
frame 0050 at 100x30
  header 0b257e4a
  |        ▄▄▄▄▄▄▄▄▄▄▄▄▄▄▄▄▄▄▄▄▄▄▄▄▄▄▄▄▄▄▄▄▄▄▄▄▄▄▄▄▄▄▄▄▄▄▄▄▄▄▄▄
  |            main    ✓ ✓ ◆ ·    failed in fast · 3s     now
  |        ▀▀▀▀▀▀▀▀▀▀▀▀▀▀▀▀▀▀▀▀▀▀▀▀▀▀▀▀▀▀▀▀▀▀▀▀▀▀▀▀▀▀▀▀▀▀▀▀▀▀▀▀
  |
  |
  |
  |
  |
  |
  |
  |
  |
  |
  |
  |
  |          j/k move      q quit
  :........nnnnnnnnnnnnnnnnnnnnnnnnnnnnnnnnnnnnnnnnnnnnnnnnnnnn
  :........ooooppppppppqqqquusssssuuuuuuuuuuuuuuuuuuuuuuuusssss
  :........nnnnnnnnnnnnnnnnnnnnnnnnnnnnnnnnnnnnnnnnnnnnnnnnnnnn
  :
  :
  :
  :
  :
  :
  :
  :
  :
  :
  :
  :
  :..........gggggggggggggggggggggggggggggggggggggggggggggggggggggggggggggggggggggggggggggggggg
frame 0051 at 100x30
  header 084b4e53
  |        ▄▄▄▄▄▄▄▄▄▄▄▄▄▄▄▄▄▄▄▄▄▄▄▄▄▄▄▄▄▄▄▄▄▄▄▄▄▄▄▄▄▄▄▄▄▄▄▄▄▄▄▄
  |            main    ✓ ✓ ◆ ·    failed in fast · 3s     now
  |        ▀▀▀▀▀▀▀▀▀▀▀▀▀▀▀▀▀▀▀▀▀▀▀▀▀▀▀▀▀▀▀▀▀▀▀▀▀▀▀▀▀▀▀▀▀▀▀▀▀▀▀▀
  |
  |
  |
  |
  |
  |
  |
  |
  |
  |
  |
  |
  |          j/k move      q quit
  :........nnnnnnnnnnnnnnnnnnnnnnnnnnnnnnnnnnnnnnnnnnnnnnnnnnnn
  :........ooooppppppppqqqquusssssuuuuuuuuuuuuuuuuuuuuuuuusssss
  :........nnnnnnnnnnnnnnnnnnnnnnnnnnnnnnnnnnnnnnnnnnnnnnnnnnnn
  :
  :
  :
  :
  :
  :
  :
  :
  :
  :
  :
  :
  :..........gggggggggggggggggggggggggggggggggggggggggggggggggggggggggggggggggggggggggggggggggg
frame 0052 at 100x30
  header 2573a4eb
  |        ▄▄▄▄▄▄▄▄▄▄▄▄▄▄▄▄▄▄▄▄▄▄▄▄▄▄▄▄▄▄▄▄▄▄▄▄▄▄▄▄▄▄▄▄▄▄▄▄▄▄▄▄
  |            main    ✓ ✓ ◆ ·    failed in fast · 3s     now
  |        ▀▀▀▀▀▀▀▀▀▀▀▀▀▀▀▀▀▀▀▀▀▀▀▀▀▀▀▀▀▀▀▀▀▀▀▀▀▀▀▀▀▀▀▀▀▀▀▀▀▀▀▀
  |
  |
  |
  |
  |
  |
  |
  |
  |
  |
  |
  |
  |          j/k move      q quit
  :........nnnnnnnnnnnnnnnnnnnnnnnnnnnnnnnnnnnnnnnnnnnnnnnnnnnn
  :........ooooppppppppqqqquusssssuuuuuuuuuuuuuuuuuuuuuuuusssss
  :........nnnnnnnnnnnnnnnnnnnnnnnnnnnnnnnnnnnnnnnnnnnnnnnnnnnn
  :
  :
  :
  :
  :
  :
  :
  :
  :
  :
  :
  :
  :..........gggggggggggggggggggggggggggggggggggggggggggggggggggggggggggggggggggggggggggggggggg
frame 0053 at 100x30
  header 6e8c536c
  |        ▄▄▄▄▄▄▄▄▄▄▄▄▄▄▄▄▄▄▄▄▄▄▄▄▄▄▄▄▄▄▄▄▄▄▄▄▄▄▄▄▄▄▄▄▄▄▄▄▄▄▄▄
  |            main    ✓ ✓ ◆ ·    failed in fast · 3s     now
  |        ▀▀▀▀▀▀▀▀▀▀▀▀▀▀▀▀▀▀▀▀▀▀▀▀▀▀▀▀▀▀▀▀▀▀▀▀▀▀▀▀▀▀▀▀▀▀▀▀▀▀▀▀
  |
  |
  |
  |
  |
  |
  |
  |
  |
  |
  |
  |
  |          j/k move      q quit
  :........wwwwwwwwwwwwwwwwwwwwwwwwwwwwwwwwwwwwwwwwwwwwwwwwwwww
  :........xxxxyyyyyyyyzzzzBBCCCCCBBBBBBBBBBBBBBBBBBBBBBBBCCCCC
  :........wwwwwwwwwwwwwwwwwwwwwwwwwwwwwwwwwwwwwwwwwwwwwwwwwwww
  :
  :
  :
  :
  :
  :
  :
  :
  :
  :
  :
  :
  :..........gggggggggggggggggggggggggggggggggggggggggggggggggggggggggggggggggggggggggggggggggg
frame 0054 at 100x30
  header 1912f05b
  |        ▄▄▄▄▄▄▄▄▄▄▄▄▄▄▄▄▄▄▄▄▄▄▄▄▄▄▄▄▄▄▄▄▄▄▄▄▄▄▄▄▄▄▄▄▄▄▄▄▄▄▄▄
  |            main    ✓ ✓ ◆ ·    failed in fast · 3s     now
  |        ▀▀▀▀▀▀▀▀▀▀▀▀▀▀▀▀▀▀▀▀▀▀▀▀▀▀▀▀▀▀▀▀▀▀▀▀▀▀▀▀▀▀▀▀▀▀▀▀▀▀▀▀
  |
  |
  |
  |
  |
  |
  |
  |
  |
  |
  |
  |
  |          j/k move      q quit
  :........wwwwwwwwwwwwwwwwwwwwwwwwwwwwwwwwwwwwwwwwwwwwwwwwwwww
  :........xxxxyyyyyyyyzzzzBBCCCCCBBBBBBBBBBBBBBBBBBBBBBBBCCCCC
  :........wwwwwwwwwwwwwwwwwwwwwwwwwwwwwwwwwwwwwwwwwwwwwwwwwwww
  :
  :
  :
  :
  :
  :
  :
  :
  :
  :
  :
  :
  :..........gggggggggggggggggggggggggggggggggggggggggggggggggggggggggggggggggggggggggggggggggg
frame 0055 at 100x30
  header 2207c137
  |        ▄▄▄▄▄▄▄▄▄▄▄▄▄▄▄▄▄▄▄▄▄▄▄▄▄▄▄▄▄▄▄▄▄▄▄▄▄▄▄▄▄▄▄▄▄▄▄▄▄▄▄▄
  |            main    ✓ ✓ ◆ ·    failed in fast · 3s     now
  |        ▀▀▀▀▀▀▀▀▀▀▀▀▀▀▀▀▀▀▀▀▀▀▀▀▀▀▀▀▀▀▀▀▀▀▀▀▀▀▀▀▀▀▀▀▀▀▀▀▀▀▀▀
  |
  |
  |
  |
  |
  |
  |
  |
  |
  |
  |
  |
  |          j/k move      q quit
  :........wwwwwwwwwwwwwwwwwwwwwwwwwwwwwwwwwwwwwwwwwwwwwwwwwwww
  :........xxxxyyyyyyyyzzzzBBCCCCCBBBBBBBBBBBBBBBBBBBBBBBBCCCCC
  :........wwwwwwwwwwwwwwwwwwwwwwwwwwwwwwwwwwwwwwwwwwwwwwwwwwww
  :
  :
  :
  :
  :
  :
  :
  :
  :
  :
  :
  :
  :..........gggggggggggggggggggggggggggggggggggggggggggggggggggggggggggggggggggggggggggggggggg
legend
a = fg Rgb(46, 20, 26), bg Default, []
b = fg Default, bg Rgb(46, 20, 26), []
c = fg Rgb(242, 239, 250), bg Rgb(46, 20, 26), ["bold"]
d = fg Rgb(111, 184, 170), bg Rgb(46, 20, 26), []
e = fg Rgb(143, 184, 222), bg Rgb(46, 20, 26), []
f = fg Rgb(85, 82, 104), bg Rgb(46, 20, 26), []
g = fg Rgb(85, 82, 104), bg Default, []
h = fg Rgb(52, 23, 30), bg Default, []
i = fg Default, bg Rgb(52, 23, 30), []
j = fg Rgb(242, 239, 250), bg Rgb(52, 23, 30), ["bold"]
k = fg Rgb(111, 184, 170), bg Rgb(52, 23, 30), []
l = fg Rgb(143, 184, 222), bg Rgb(52, 23, 30), []
m = fg Rgb(85, 82, 104), bg Rgb(52, 23, 30), []
n = fg Rgb(58, 25, 33), bg Default, []
o = fg Default, bg Rgb(58, 25, 33), []
p = fg Rgb(242, 239, 250), bg Rgb(58, 25, 33), ["bold"]
q = fg Rgb(111, 184, 170), bg Rgb(58, 25, 33), []
r = fg Rgb(143, 184, 222), bg Rgb(58, 25, 33), []
s = fg Rgb(85, 82, 104), bg Rgb(58, 25, 33), []
t = fg Idx(15), bg Idx(196), ["bold"]
u = fg Rgb(220, 132, 118), bg Rgb(58, 25, 33), []
v = fg Idx(15), bg Idx(160), ["bold"]
w = fg Rgb(64, 28, 37), bg Default, []
x = fg Default, bg Rgb(64, 28, 37), []
y = fg Rgb(242, 239, 250), bg Rgb(64, 28, 37), ["bold"]
z = fg Rgb(111, 184, 170), bg Rgb(64, 28, 37), []
A = fg Idx(15), bg Idx(124), ["bold"]
B = fg Rgb(220, 132, 118), bg Rgb(64, 28, 37), []
C = fg Rgb(85, 82, 104), bg Rgb(64, 28, 37), []
D = fg Idx(9), bg Idx(88), ["bold"]
E = fg Idx(9), bg Idx(52), ["bold"]
F = fg Idx(9), bg Rgb(64, 28, 37), ["bold"]
G = fg Rgb(70, 30, 40), bg Default, []
H = fg Default, bg Rgb(70, 30, 40), []
I = fg Rgb(242, 239, 250), bg Rgb(70, 30, 40), ["bold"]
J = fg Rgb(111, 184, 170), bg Rgb(70, 30, 40), []
K = fg Rgb(220, 132, 118), bg Rgb(70, 30, 40), []
L = fg Rgb(85, 82, 104), bg Rgb(70, 30, 40), []
M = fg Idx(1), bg Default, ["bold"]
N = fg Idx(1), bg Default, []
O = fg Rgb(220, 132, 118), bg Rgb(52, 23, 30), []
P = fg Idx(1), bg Default, ["dim"]
Q = fg Rgb(220, 132, 118), bg Rgb(46, 20, 26), []
