---
source: tests/suite/snapshots.rs
assertion_line: 32
expression: "render(& frames(\"resize-mid-animation\"))"
---
frame 0001 at 80x30
  header 6b696585
  |
  |                  lint     build    fast     slow
  |▌› 8d552d0  main  ✓ 0.3s   ✓ 1.2s   ⠙ 2s     ·        RUNNING    now
  |   c67191d  main  ✓ 0.3s   ✓ 1.2s   ✓ 1.8s   ✓ 47s    passed     10m
  |   1767828  main  ✓ 0.3s   ✓ 1.2s   ✓ 1.8s   ✓ 51s    passed      2h
  |
  |  j/k move   c cancel   q quit
  |
  |
  |
  |
  |
  |
  |
  |
  |
  :
  :..................aaaaaaaaaaaaaaaaaaaaaaaaaaaaaaa
  :bccdddddddddcccccceeeeeeeeeeeeeeeeeefffffffffgggggggggfffffffffffdddd
  :...hhhhhhhhhiiiiiijjjjjjjjjjjjjjjjjjjjjjjjjjjjjjjjjjjjjjjjjjjjjjjhhh
  :...hhhhhhhhhiiiiiijjjjjjjjjjjjjjjjjjjjjjjjjjjjjjjjjjjjjjjjjjjjjjjjhh
  :
  :kkkkkkkkkkkkkkkkkkkkkkkkkkkkkk
  :
  :
  :
  :
  :
  :
  :
  :
  :
frame 0002 at 80x30
  header df254129
  |
  |                  lint     build    fast     slow
  |▌› 8d552d0  main  ✓ 0.3s   ✓ 1.2s   ⠹ 2s     ·        RUNNING    now
  |   c67191d  main  ✓ 0.3s   ✓ 1.2s   ✓ 1.8s   ✓ 47s    passed     10m
  |   1767828  main  ✓ 0.3s   ✓ 1.2s   ✓ 1.8s   ✓ 51s    passed      2h
  |
  |  j/k move   c cancel   q quit
  |
  |
  |
  |
  |
  |
  |
  |
  |
  :
  :..................aaaaaaaaaaaaaaaaaaaaaaaaaaaaaaa
  :bccdddddddddcccccceeeeeeeeeeeeeeeeeefffffffffgggggggggfffffffffffdddd
  :...hhhhhhhhhiiiiiijjjjjjjjjjjjjjjjjjjjjjjjjjjjjjjjjjjjjjjjjjjjjjjhhh
  :...hhhhhhhhhiiiiiijjjjjjjjjjjjjjjjjjjjjjjjjjjjjjjjjjjjjjjjjjjjjjjjhh
  :
  :kkkkkkkkkkkkkkkkkkkkkkkkkkkkkk
  :
  :
  :
  :
  :
  :
  :
  :
  :
frame 0003 at 80x30
  header 41536c44
  |
  |                  lint     build    fast     slow
  |▌› 8d552d0  main  ✓ 0.3s   ✓ 1.2s   ⠸ 2s     ·        RUNNING    now
  |   c67191d  main  ✓ 0.3s   ✓ 1.2s   ✓ 1.8s   ✓ 47s    passed     10m
  |   1767828  main  ✓ 0.3s   ✓ 1.2s   ✓ 1.8s   ✓ 51s    passed      2h
  |
  |  j/k move   c cancel   q quit
  |
  |
  |
  |
  |
  |
  |
  |
  |
  :
  :..................aaaaaaaaaaaaaaaaaaaaaaaaaaaaaaa
  :bccdddddddddcccccceeeeeeeeeeeeeeeeeefffffffffgggggggggfffffffffffdddd
  :...hhhhhhhhhiiiiiijjjjjjjjjjjjjjjjjjjjjjjjjjjjjjjjjjjjjjjjjjjjjjjhhh
  :...hhhhhhhhhiiiiiijjjjjjjjjjjjjjjjjjjjjjjjjjjjjjjjjjjjjjjjjjjjjjjjhh
  :
  :kkkkkkkkkkkkkkkkkkkkkkkkkkkkkk
  :
  :
  :
  :
  :
  :
  :
  :
  :
frame 0004 at 80x30
  header 848f2f79
  |
  |                  lint     build    fast     slow
  |▌› 8d552d0  main  ✓ 0.3s   ✓ 1.2s   ⠼ 2s     ·        RUNNING    now
  |   c67191d  main  ✓ 0.3s   ✓ 1.2s   ✓ 1.8s   ✓ 47s    passed     10m
  |   1767828  main  ✓ 0.3s   ✓ 1.2s   ✓ 1.8s   ✓ 51s    passed      2h
  |
  |  j/k move   c cancel   q quit
  |
  |
  |
  |
  |
  |
  |
  |
  |
  :
  :..................aaaaaaaaaaaaaaaaaaaaaaaaaaaaaaa
  :bccdddddddddcccccceeeeeeeeeeeeeeeeeefffffffffgggggggggfffffffffffdddd
  :...hhhhhhhhhiiiiiijjjjjjjjjjjjjjjjjjjjjjjjjjjjjjjjjjjjjjjjjjjjjjjhhh
  :...hhhhhhhhhiiiiiijjjjjjjjjjjjjjjjjjjjjjjjjjjjjjjjjjjjjjjjjjjjjjjjhh
  :
  :kkkkkkkkkkkkkkkkkkkkkkkkkkkkkk
  :
  :
  :
  :
  :
  :
  :
  :
  :
frame 0005 at 80x30
  header 78dc4295
  |
  |                  lint     build    fast     slow
  |▌› 8d552d0  main  ✓ 0.3s   ✓ 1.2s   ⠴ 2s     ·        RUNNING    now
  |   c67191d  main  ✓ 0.3s   ✓ 1.2s   ✓ 1.8s   ✓ 47s    passed     10m
  |   1767828  main  ✓ 0.3s   ✓ 1.2s   ✓ 1.8s   ✓ 51s    passed      2h
  |
  |  j/k move   c cancel   q quit
  |
  |
  |
  |
  |
  |
  |
  |
  |
  :
  :..................aaaaaaaaaaaaaaaaaaaaaaaaaaaaaaa
  :lccdddddddddcccccceeeeeeeeeeeeeeeeeefffffffffgggggggggfffffffffffdddd
  :...hhhhhhhhhiiiiiijjjjjjjjjjjjjjjjjjjjjjjjjjjjjjjjjjjjjjjjjjjjjjjhhh
  :...hhhhhhhhhiiiiiijjjjjjjjjjjjjjjjjjjjjjjjjjjjjjjjjjjjjjjjjjjjjjjjhh
  :
  :kkkkkkkkkkkkkkkkkkkkkkkkkkkkkk
  :
  :
  :
  :
  :
  :
  :
  :
  :
frame 0006 at 80x30
  header 24ec4eca
  |
  |                  lint     build    fast     slow
  |▌› 8d552d0  main  ✓ 0.3s   ✓ 1.2s   ⠦ 2s     ·        RUNNING    now
  |   c67191d  main  ✓ 0.3s   ✓ 1.2s   ✓ 1.8s   ✓ 47s    passed     10m
  |   1767828  main  ✓ 0.3s   ✓ 1.2s   ✓ 1.8s   ✓ 51s    passed      2h
  |
  |  j/k move   c cancel   q quit
  |
  |
  |
  |
  |
  |
  |
  |
  |
  :
  :..................aaaaaaaaaaaaaaaaaaaaaaaaaaaaaaa
  :lccdddddddddcccccceeeeeeeeeeeeeeeeeefffffffffgggggggggfffffffffffdddd
  :...hhhhhhhhhiiiiiijjjjjjjjjjjjjjjjjjjjjjjjjjjjjjjjjjjjjjjjjjjjjjjhhh
  :...hhhhhhhhhiiiiiijjjjjjjjjjjjjjjjjjjjjjjjjjjjjjjjjjjjjjjjjjjjjjjjhh
  :
  :kkkkkkkkkkkkkkkkkkkkkkkkkkkkkk
  :
  :
  :
  :
  :
  :
  :
  :
  :
frame 0007 at 80x30
  header d1db05a8
  |
  |                  lint     build    fast     slow
  |▌› 8d552d0  main  ✓ 0.3s   ✓ 1.2s   ⠧ 2s     ·        RUNNING    now
  |   c67191d  main  ✓ 0.3s   ✓ 1.2s   ✓ 1.8s   ✓ 47s    passed     10m
  |   1767828  main  ✓ 0.3s   ✓ 1.2s   ✓ 1.8s   ✓ 51s    passed      2h
  |
  |  j/k move   c cancel   q quit
  |
  |
  |
  |
  |
  |
  |
  |
  |
  :
  :..................aaaaaaaaaaaaaaaaaaaaaaaaaaaaaaa
  :lccdddddddddcccccceeeeeeeeeeeeeeeeeefffffffffgggggggggfffffffffffdddd
  :...hhhhhhhhhiiiiiijjjjjjjjjjjjjjjjjjjjjjjjjjjjjjjjjjjjjjjjjjjjjjjhhh
  :...hhhhhhhhhiiiiiijjjjjjjjjjjjjjjjjjjjjjjjjjjjjjjjjjjjjjjjjjjjjjjjhh
  :
  :kkkkkkkkkkkkkkkkkkkkkkkkkkkkkk
  :
  :
  :
  :
  :
  :
  :
  :
  :
frame 0008 at 80x30
  header 2d604919
  |
  |                  lint     build    fast     slow
  |▌› 8d552d0  main  ✓ 0.3s   ✓ 1.2s   ⠇ 2s     ·        RUNNING    now
  |   c67191d  main  ✓ 0.3s   ✓ 1.2s   ✓ 1.8s   ✓ 47s    passed     10m
  |   1767828  main  ✓ 0.3s   ✓ 1.2s   ✓ 1.8s   ✓ 51s    passed      2h
  |
  |  j/k move   c cancel   q quit
  |
  |
  |
  |
  |
  |
  |
  |
  |
  :
  :..................aaaaaaaaaaaaaaaaaaaaaaaaaaaaaaa
  :lccdddddddddcccccceeeeeeeeeeeeeeeeeefffffffffgggggggggfffffffffffdddd
  :...hhhhhhhhhiiiiiijjjjjjjjjjjjjjjjjjjjjjjjjjjjjjjjjjjjjjjjjjjjjjjhhh
  :...hhhhhhhhhiiiiiijjjjjjjjjjjjjjjjjjjjjjjjjjjjjjjjjjjjjjjjjjjjjjjjhh
  :
  :kkkkkkkkkkkkkkkkkkkkkkkkkkkkkk
  :
  :
  :
  :
  :
  :
  :
  :
  :
frame 0009 at 80x30
  header df4514df
  |
  |                  lint     build    fast     slow
  |▌› 8d552d0  main  ✓ 0.3s   ✓ 1.2s   ⠏ 2s     ·        RUNNING    now
  |   c67191d  main  ✓ 0.3s   ✓ 1.2s   ✓ 1.8s   ✓ 47s    passed     10m
  |   1767828  main  ✓ 0.3s   ✓ 1.2s   ✓ 1.8s   ✓ 51s    passed      2h
  |
  |  j/k move   c cancel   q quit
  |
  |
  |
  |
  |
  |
  |
  |
  |
  :
  :..................aaaaaaaaaaaaaaaaaaaaaaaaaaaaaaa
  :lccdddddddddcccccceeeeeeeeeeeeeeeeeefffffffffgggggggggfffffffffffdddd
  :...hhhhhhhhhiiiiiijjjjjjjjjjjjjjjjjjjjjjjjjjjjjjjjjjjjjjjjjjjjjjjhhh
  :...hhhhhhhhhiiiiiijjjjjjjjjjjjjjjjjjjjjjjjjjjjjjjjjjjjjjjjjjjjjjjjhh
  :
  :kkkkkkkkkkkkkkkkkkkkkkkkkkkkkk
  :
  :
  :
  :
  :
  :
  :
  :
  :
frame 0010 at 80x30
  header 339fc508
  |
  |                  lint     build    fast     slow
  |▌› 8d552d0  main  ✓ 0.3s   ✓ 1.2s   ⠋ 3s     ·        RUNNING    now
  |   c67191d  main  ✓ 0.3s   ✓ 1.2s   ✓ 1.8s   ✓ 47s    passed     10m
  |   1767828  main  ✓ 0.3s   ✓ 1.2s   ✓ 1.8s   ✓ 51s    passed      2h
  |
  |  j/k move   c cancel   q quit
  |
  |
  |
  |
  |
  |
  |
  |
  |
  :
  :..................aaaaaaaaaaaaaaaaaaaaaaaaaaaaaaa
  :bccdddddddddcccccceeeeeeeeeeeeeeeeeefffffffffgggggggggfffffffffffdddd
  :...hhhhhhhhhiiiiiijjjjjjjjjjjjjjjjjjjjjjjjjjjjjjjjjjjjjjjjjjjjjjjhhh
  :...hhhhhhhhhiiiiiijjjjjjjjjjjjjjjjjjjjjjjjjjjjjjjjjjjjjjjjjjjjjjjjhh
  :
  :kkkkkkkkkkkkkkkkkkkkkkkkkkkkkk
  :
  :
  :
  :
  :
  :
  :
  :
  :
frame 0011 at 80x30
  header d7c18cd6
  |
  |                  lint     build    fast     slow
  |▌› 8d552d0  main  ✓ 0.3s   ✓ 1.2s   ✗ 3s     ·        FAILED     now
  |   c67191d  main  ✓ 0.3s   ✓ 1.2s   ✓ 1.8s   ✓ 47s    passed     10m
  |   1767828  main  ✓ 0.3s   ✓ 1.2s   ✓ 1.8s   ✓ 51s    passed      2h
  |
  |  j/k move   c cancel   q quit
  |
  |
  |
  |
  |
  |
  |
  |
  |
  :
  :..................aaaaaaaaaaaaaaaaaaaaaaaaaaaaaaa
  :mnnooooooooonnnnnnppppppppppppppppppqqqqrrrrrsssssssssrrrrrrrrrrroooo
  :...hhhhhhhhhiiiiiijjjjjjjjjjjjjjjjjjjjjjjjjjjjjjjjjjjjjjjjjjjjjjjhhh
  :...hhhhhhhhhiiiiiijjjjjjjjjjjjjjjjjjjjjjjjjjjjjjjjjjjjjjjjjjjjjjjjhh
  :
  :kkkkkkkkkkkkkkkkkkkkkkkkkkkkkk
  :
  :
  :
  :
  :
  :
  :
  :
  :
frame 0012 at 80x30
  header 6c0fbe65
  |
  |                  lint     build    fast     slow
  |▌› 8d552d0  main  ✓ 0.3s   ✓ 1.2s   ✗ 3s     ·        FAILED     now
  |   c67191d  main  ✓ 0.3s   ✓ 1.2s   ✓ 1.8s   ✓ 47s    passed     10m
  |   1767828  main  ✓ 0.3s   ✓ 1.2s   ✓ 1.8s   ✓ 51s    passed      2h
  |
  |  j/k move   c cancel   q quit
  |
  |
  |
  |
  |
  |
  |
  |
  |
  :
  :..................aaaaaaaaaaaaaaaaaaaaaaaaaaaaaaa
  :mnnooooooooonnnnnnppppppppppppppppppttttrrrrrsssssssssrrrrrrrrrrroooo
  :...hhhhhhhhhiiiiiijjjjjjjjjjjjjjjjjjjjjjjjjjjjjjjjjjjjjjjjjjjjjjjhhh
  :...hhhhhhhhhiiiiiijjjjjjjjjjjjjjjjjjjjjjjjjjjjjjjjjjjjjjjjjjjjjjjjhh
  :
  :kkkkkkkkkkkkkkkkkkkkkkkkkkkkkk
  :
  :
  :
  :
  :
  :
  :
  :
  :
frame 0013 at 80x30
  header af79705f
  |
  |                  lint     build    fast     slow
  |▌› 8d552d0  main  ✓ 0.3s   ✓ 1.2s   ✗ 3s     ·        FAILED     now
  |   c67191d  main  ✓ 0.3s   ✓ 1.2s   ✓ 1.8s   ✓ 47s    passed     10m
  |   1767828  main  ✓ 0.3s   ✓ 1.2s   ✓ 1.8s   ✓ 51s    passed      2h
  |
  |  j/k move   c cancel   q quit
  |
  |
  |
  |
  |
  |
  |
  |
  |
  :
  :..................aaaaaaaaaaaaaaaaaaaaaaaaaaaaaaa
  :mnnooooooooonnnnnnppppppppppppppppppuuuurrrrrsssssssssrrrrrrrrrrroooo
  :...hhhhhhhhhiiiiiijjjjjjjjjjjjjjjjjjjjjjjjjjjjjjjjjjjjjjjjjjjjjjjhhh
  :...hhhhhhhhhiiiiiijjjjjjjjjjjjjjjjjjjjjjjjjjjjjjjjjjjjjjjjjjjjjjjjhh
  :
  :kkkkkkkkkkkkkkkkkkkkkkkkkkkkkk
  :
  :
  :
  :
  :
  :
  :
  :
  :
frame 0014 at 80x30
  header 6dd05436
  |
  |                  lint     build    fast     slow
  |▌› 8d552d0  main  ✓ 0.3s   ✓ 1.2s   ✗ 3s     ·        FAILED     now
  |   c67191d  main  ✓ 0.3s   ✓ 1.2s   ✓ 1.8s   ✓ 47s    passed     10m
  |   1767828  main  ✓ 0.3s   ✓ 1.2s   ✓ 1.8s   ✓ 51s    passed      2h
  |
  |  j/k move   c cancel   q quit
  |
  |
  |
  |
  |
  |
  |
  |
  |
  :
  :..................aaaaaaaaaaaaaaaaaaaaaaaaaaaaaaa
  :mnnooooooooonnnnnnppppppppppppppppppvvvvrrrrrsssssssssrrrrrrrrrrroooo
  :...hhhhhhhhhiiiiiijjjjjjjjjjjjjjjjjjjjjjjjjjjjjjjjjjjjjjjjjjjjjjjhhh
  :...hhhhhhhhhiiiiiijjjjjjjjjjjjjjjjjjjjjjjjjjjjjjjjjjjjjjjjjjjjjjjjhh
  :
  :kkkkkkkkkkkkkkkkkkkkkkkkkkkkkk
  :
  :
  :
  :
  :
  :
  :
  :
  :
frame 0015 at 80x30
  header 57a3a42f
  |
  |                  lint     build    fast     slow
  |▌› 8d552d0  main  ✓ 0.3s   ✓ 1.2s   ✗ 3s     ·        FAILED     now
  |   c67191d  main  ✓ 0.3s   ✓ 1.2s   ✓ 1.8s   ✓ 47s    passed     10m
  |   1767828  main  ✓ 0.3s   ✓ 1.2s   ✓ 1.8s   ✓ 51s    passed      2h
  |
  |  j/k move   c cancel   q quit
  |
  |
  |
  |
  |
  |
  |
  |
  |
  :
  :..................aaaaaaaaaaaaaaaaaaaaaaaaaaaaaaa
  :mnnooooooooonnnnnnppppppppppppppppppwwwwrrrrrsssssssssrrrrrrrrrrroooo
  :...hhhhhhhhhiiiiiijjjjjjjjjjjjjjjjjjjjjjjjjjjjjjjjjjjjjjjjjjjjjjjhhh
  :...hhhhhhhhhiiiiiijjjjjjjjjjjjjjjjjjjjjjjjjjjjjjjjjjjjjjjjjjjjjjjjhh
  :
  :kkkkkkkkkkkkkkkkkkkkkkkkkkkkkk
  :
  :
  :
  :
  :
  :
  :
  :
  :
frame 0016 at 80x30
  header 8136edd9
  |
  |                  lint     build    fast     slow
  |▌› 8d552d0  main  ✓ 0.3s   ✓ 1.2s   ✗ 3s     ·        FAILED     now
  |   c67191d  main  ✓ 0.3s   ✓ 1.2s   ✓ 1.8s   ✓ 47s    passed     10m
  |   1767828  main  ✓ 0.3s   ✓ 1.2s   ✓ 1.8s   ✓ 51s    passed      2h
  |
  |  j/k move   c cancel   q quit
  |
  |
  |
  |
  |
  |
  |
  |
  |
  :
  :..................aaaaaaaaaaaaaaaaaaaaaaaaaaaaaaa
  :mnnooooooooonnnnnnppppppppppppppppppxxxxrrrrrsssssssssrrrrrrrrrrroooo
  :...hhhhhhhhhiiiiiijjjjjjjjjjjjjjjjjjjjjjjjjjjjjjjjjjjjjjjjjjjjjjjhhh
  :...hhhhhhhhhiiiiiijjjjjjjjjjjjjjjjjjjjjjjjjjjjjjjjjjjjjjjjjjjjjjjjhh
  :
  :kkkkkkkkkkkkkkkkkkkkkkkkkkkkkk
  :
  :
  :
  :
  :
  :
  :
  :
  :
frame 0017 at 80x30
  header 47ad910c
  |
  |                  lint     build    fast     slow
  |▌› 8d552d0  main  ✓ 0.3s   ✓ 1.2s   ✗ 3s     ·        FAILED     now
  |   c67191d  main  ✓ 0.3s   ✓ 1.2s   ✓ 1.8s   ✓ 47s    passed     10m
  |   1767828  main  ✓ 0.3s   ✓ 1.2s   ✓ 1.8s   ✓ 51s    passed      2h
  |
  |  j/k move   c cancel   q quit
  |
  |
  |
  |
  |
  |
  |
  |
  |
  :
  :..................aaaaaaaaaaaaaaaaaaaaaaaaaaaaaaa
  :mnnooooooooonnnnnnpppppppppppppppppprrrrrrrrrsssssssssrrrrrrrrrrroooo
  :...hhhhhhhhhiiiiiijjjjjjjjjjjjjjjjjjjjjjjjjjjjjjjjjjjjjjjjjjjjjjjhhh
  :...hhhhhhhhhiiiiiijjjjjjjjjjjjjjjjjjjjjjjjjjjjjjjjjjjjjjjjjjjjjjjjhh
  :
  :kkkkkkkkkkkkkkkkkkkkkkkkkkkkkk
  :
  :
  :
  :
  :
  :
  :
  :
  :
frame 0018 at 80x30
  header d75edd3a
  |
  |                  lint     build    fast     slow
  |▌› 8d552d0  main  ✓ 0.3s   ✓ 1.2s   ✗ 3s     ·        FAILED     now
  |   c67191d  main  ✓ 0.3s   ✓ 1.2s   ✓ 1.8s   ✓ 47s    passed     10m
  |   1767828  main  ✓ 0.3s   ✓ 1.2s   ✓ 1.8s   ✓ 51s    passed      2h
  |
  |  j/k move   c cancel   q quit
  |
  |
  |
  |
  |
  |
  |
  |
  |
  :
  :..................aaaaaaaaaaaaaaaaaaaaaaaaaaaaaaa
  :mnnooooooooonnnnnnpppppppppppppppppprrrrrrrrrsssssssssrrrrrrrrrrroooo
  :...hhhhhhhhhiiiiiijjjjjjjjjjjjjjjjjjjjjjjjjjjjjjjjjjjjjjjjjjjjjjjhhh
  :...hhhhhhhhhiiiiiijjjjjjjjjjjjjjjjjjjjjjjjjjjjjjjjjjjjjjjjjjjjjjjjhh
  :
  :kkkkkkkkkkkkkkkkkkkkkkkkkkkkkk
  :
  :
  :
  :
  :
  :
  :
  :
  :
frame 0019 at 80x30
  header fa8a1f3c
  |
  |                  lint     build    fast     slow
  |▌› 8d552d0  main  ✓ 0.3s   ✓ 1.2s   ✗ 3s     ·        FAILED     now
  |   c67191d  main  ✓ 0.3s   ✓ 1.2s   ✓ 1.8s   ✓ 47s    passed     10m
  |   1767828  main  ✓ 0.3s   ✓ 1.2s   ✓ 1.8s   ✓ 51s    passed      2h
  |                              >>> FAST FAILED <<<
  |  j/k move   c cancel   q quit
  |
  |
  |
  |
  |
  |
  |
  |
  |
  :
  :..................aaaaaaaaaaaaaaaaaaaaaaaaaaaaaaa
  :mnnooooooooonnnnnnpppppppppppppppppprrrrrrrrrsssssssssrrrrrrrrrrroooo
  :...hhhhhhhhhiiiiiijjjjjjjjjjjjjjjjjjjjjjjjjjjjjjjjjjjjjjjjjjjjjjjhhh
  :...hhhhhhhhhiiiiiijjjjjjjjjjjjjjjjjjjjjjjjjjjjjjjjjjjjjjjjjjjjjjjjhh
  :..............................yyyyyyyyyyyyyyyyyyy
  :kkkkkkkkkkkkkkkkkkkkkkkkkkkkkk
  :
  :
  :
  :
  :
  :
  :
  :
  :
frame 0020 at 80x30
  header 7e835637
  |
  |                  lint     build    fast     slow
  |▌› 8d552d0  main  ✓ 0.3s   ✓ 1.2s   ✗ 3s     ·        FAILED     now
  |   c67191d  main  ✓ 0.3s   ✓ 1.2s   ✓ 1.8s   ✓ 47s    passed     10m
  |   1767828  main  ✓ 0.3s   ✓ 1.2s   ✓ 1.8s   ✓ 51s    passed      2h
  |                              >>> FAST FAILED <<<
  |  j/k move   c cancel   q quit
  |
  |
  |
  |
  |
  |
  |
  |
  |
  :
  :..................aaaaaaaaaaaaaaaaaaaaaaaaaaaaaaa
  :mnnooooooooonnnnnnpppppppppppppppppprrrrrrrrrsssssssssrrrrrrrrrrroooo
  :...hhhhhhhhhiiiiiijjjjjjjjjjjjjjjjjjjjjjjjjjjjjjjjjjjjjjjjjjjjjjjhhh
  :...hhhhhhhhhiiiiiijjjjjjjjjjjjjjjjjjjjjjjjjjjjjjjjjjjjjjjjjjjjjjjjhh
  :..............................yyyyyyyyyyyyyyyyyyy
  :kkkkkkkkkkkkkkkkkkkkkkkkkkkkkk
  :
  :
  :
  :
  :
  :
  :
  :
  :
frame 0021 at 120x40
  header 8c68e974
  |
  |                  lint     build    fast     slow
  |▌› 8d552d0  main  ✓ 0.3s   ✓ 1.2s   ✗ 3s     ·        FAILED     now
  |   c67191d  main  ✓ 0.3s   ✓ 1.2s   ✓ 1.8s   ✓ 47s    passed     10m
  |   1767828  main  ✓ 0.3s   ✓ 1.2s   ✓ 1.8s   ✓ 51s    passed      2h
  |                                                  >>> FAST FAILED <<<
  |  j/k move   c cancel   q quit
  |
  |
  |
  |
  |
  |
  |
  |
  |
  |
  |
  |
  |
  |
  |
  |
  |
  |
  |
  :
  :..................aaaaaaaaaaaaaaaaaaaaaaaaaaaaaaa
  :mnnooooooooonnnnnnpppppppppppppppppprrrrrrrrrsssssssssrrrrrrrrrrroooo
  :...hhhhhhhhhiiiiiijjjjjjjjjjjjjjjjjjjjjjjjjjjjjjjjjjjjjjjjjjjjjjjhhh
  :...hhhhhhhhhiiiiiijjjjjjjjjjjjjjjjjjjjjjjjjjjjjjjjjjjjjjjjjjjjjjjjhh
  :..................................................yyyyyyyyyyyyyyyyyyy
  :kkkkkkkkkkkkkkkkkkkkkkkkkkkkkk
  :
  :
  :
  :
  :
  :
  :
  :
  :
  :
  :
  :
  :
  :
  :
  :
  :
  :
  :
frame 0022 at 120x40
  header 4b9d684e
  |
  |                  lint     build    fast     slow
  |▌› 8d552d0  main  ✓ 0.3s   ✓ 1.2s   ✗ 3s     ·        FAILED     now
  |   c67191d  main  ✓ 0.3s   ✓ 1.2s   ✓ 1.8s   ✓ 47s    passed     10m
  |   1767828  main  ✓ 0.3s   ✓ 1.2s   ✓ 1.8s   ✓ 51s    passed      2h
  |                                                  >>> FAST FAILED <<<
  |  j/k move   c cancel   q quit
  |
  |
  |
  |
  |
  |
  |
  |
  |
  |
  |
  |
  |
  |
  |
  |
  |
  |
  |
  :
  :..................aaaaaaaaaaaaaaaaaaaaaaaaaaaaaaa
  :mnnooooooooonnnnnnpppppppppppppppppprrrrrrrrrsssssssssrrrrrrrrrrroooo
  :...hhhhhhhhhiiiiiijjjjjjjjjjjjjjjjjjjjjjjjjjjjjjjjjjjjjjjjjjjjjjjhhh
  :...hhhhhhhhhiiiiiijjjjjjjjjjjjjjjjjjjjjjjjjjjjjjjjjjjjjjjjjjjjjjjjhh
  :..................................................yyyyyyyyyyyyyyyyyyy
  :kkkkkkkkkkkkkkkkkkkkkkkkkkkkkk
  :
  :
  :
  :
  :
  :
  :
  :
  :
  :
  :
  :
  :
  :
  :
  :
  :
  :
  :
frame 0023 at 120x40
  header 738efa74
  |
  |                  lint     build    fast     slow
  |▌› 8d552d0  main  ✓ 0.3s   ✓ 1.2s   ✗ 3s     ·        FAILED     now
  |   c67191d  main  ✓ 0.3s   ✓ 1.2s   ✓ 1.8s   ✓ 47s    passed     10m
  |   1767828  main  ✓ 0.3s   ✓ 1.2s   ✓ 1.8s   ✓ 51s    passed      2h
  |                                                  >>> FAST FAILED <<<
  |  j/k move   c cancel   q quit
  |
  |
  |
  |
  |
  |
  |
  |
  |
  |
  |
  |
  |
  |
  |
  |
  |
  |
  |
  :
  :..................aaaaaaaaaaaaaaaaaaaaaaaaaaaaaaa
  :mnnooooooooonnnnnnpppppppppppppppppprrrrrrrrrsssssssssrrrrrrrrrrroooo
  :...hhhhhhhhhiiiiiijjjjjjjjjjjjjjjjjjjjjjjjjjjjjjjjjjjjjjjjjjjjjjjhhh
  :...hhhhhhhhhiiiiiijjjjjjjjjjjjjjjjjjjjjjjjjjjjjjjjjjjjjjjjjjjjjjjjhh
  :..................................................yyyyyyyyyyyyyyyyyyy
  :kkkkkkkkkkkkkkkkkkkkkkkkkkkkkk
  :
  :
  :
  :
  :
  :
  :
  :
  :
  :
  :
  :
  :
  :
  :
  :
  :
  :
  :
frame 0024 at 120x40
  header 50f19c5b
  |
  |                  lint     build    fast     slow
  |▌› 8d552d0  main  ✓ 0.3s   ✓ 1.2s   ✗ 3s     ·        FAILED     now
  |   c67191d  main  ✓ 0.3s   ✓ 1.2s   ✓ 1.8s   ✓ 47s    passed     10m
  |   1767828  main  ✓ 0.3s   ✓ 1.2s   ✓ 1.8s   ✓ 51s    passed      2h
  |                                                  >>> FAST FAILED <<<
  |  j/k move   c cancel   q quit
  |
  |
  |
  |
  |
  |
  |
  |
  |
  |
  |
  |
  |
  |
  |
  |
  |
  |
  |
  :
  :..................aaaaaaaaaaaaaaaaaaaaaaaaaaaaaaa
  :mnnooooooooonnnnnnpppppppppppppppppprrrrrrrrrsssssssssrrrrrrrrrrroooo
  :...hhhhhhhhhiiiiiijjjjjjjjjjjjjjjjjjjjjjjjjjjjjjjjjjjjjjjjjjjjjjjhhh
  :...hhhhhhhhhiiiiiijjjjjjjjjjjjjjjjjjjjjjjjjjjjjjjjjjjjjjjjjjjjjjjjhh
  :..................................................yyyyyyyyyyyyyyyyyyy
  :kkkkkkkkkkkkkkkkkkkkkkkkkkkkkk
  :
  :
  :
  :
  :
  :
  :
  :
  :
  :
  :
  :
  :
  :
  :
  :
  :
  :
  :
frame 0025 at 120x40
  header 68dae91e
  |
  |                  lint     build    fast     slow
  |▌› 8d552d0  main  ✓ 0.3s   ✓ 1.2s   ✗ 3s     ·        FAILED     now
  |   c67191d  main  ✓ 0.3s   ✓ 1.2s   ✓ 1.8s   ✓ 47s    passed     10m
  |   1767828  main  ✓ 0.3s   ✓ 1.2s   ✓ 1.8s   ✓ 51s    passed      2h
  |                                                  >>> FAST FAILED <<<
  |  j/k move   c cancel   q quit
  |
  |
  |
  |
  |
  |
  |
  |
  |
  |
  |
  |
  |
  |
  |
  |
  |
  |
  |
  :
  :..................aaaaaaaaaaaaaaaaaaaaaaaaaaaaaaa
  :mnnooooooooonnnnnnpppppppppppppppppprrrrrrrrrsssssssssrrrrrrrrrrroooo
  :...hhhhhhhhhiiiiiijjjjjjjjjjjjjjjjjjjjjjjjjjjjjjjjjjjjjjjjjjjjjjjhhh
  :...hhhhhhhhhiiiiiijjjjjjjjjjjjjjjjjjjjjjjjjjjjjjjjjjjjjjjjjjjjjjjjhh
  :..................................................yyyyyyyyyyyyyyyyyyy
  :kkkkkkkkkkkkkkkkkkkkkkkkkkkkkk
  :
  :
  :
  :
  :
  :
  :
  :
  :
  :
  :
  :
  :
  :
  :
  :
  :
  :
  :
frame 0026 at 120x40
  header b3994bbc
  |
  |                  lint     build    fast     slow
  |▌› 8d552d0  main  ✓ 0.3s   ✓ 1.2s   ✗ 3s     ·        FAILED     now
  |   c67191d  main  ✓ 0.3s   ✓ 1.2s   ✓ 1.8s   ✓ 47s    passed     10m
  |   1767828  main  ✓ 0.3s   ✓ 1.2s   ✓ 1.8s   ✓ 51s    passed      2h
  |                                                  >>> FAST FAILED <<<
  |  j/k move   c cancel   q quit
  |
  |
  |
  |
  |
  |
  |
  |
  |
  |
  |
  |
  |
  |
  |
  |
  |
  |
  |
  :
  :..................aaaaaaaaaaaaaaaaaaaaaaaaaaaaaaa
  :mnnooooooooonnnnnnpppppppppppppppppprrrrrrrrrsssssssssrrrrrrrrrrroooo
  :...hhhhhhhhhiiiiiijjjjjjjjjjjjjjjjjjjjjjjjjjjjjjjjjjjjjjjjjjjjjjjhhh
  :...hhhhhhhhhiiiiiijjjjjjjjjjjjjjjjjjjjjjjjjjjjjjjjjjjjjjjjjjjjjjjjhh
  :..................................................yyyyyyyyyyyyyyyyyyy
  :kkkkkkkkkkkkkkkkkkkkkkkkkkkkkk
  :
  :
  :
  :
  :
  :
  :
  :
  :
  :
  :
  :
  :
  :
  :
  :
  :
  :
  :
frame 0027 at 120x40
  header f296fb1a
  |
  |                  lint     build    fast     slow
  |▌› 8d552d0  main  ✓ 0.3s   ✓ 1.2s   ✗ 3s     ·        FAILED     now
  |   c67191d  main  ✓ 0.3s   ✓ 1.2s   ✓ 1.8s   ✓ 47s    passed     10m
  |   1767828  main  ✓ 0.3s   ✓ 1.2s   ✓ 1.8s   ✓ 51s    passed      2h
  |                                                   >> fast failed <<
  |  j/k move   c cancel   q quit
  |
  |
  |
  |
  |
  |
  |
  |
  |
  |
  |
  |
  |
  |
  |
  |
  |
  |
  |
  :
  :..................aaaaaaaaaaaaaaaaaaaaaaaaaaaaaaa
  :mnnooooooooonnnnnnpppppppppppppppppprrrrrrrrrsssssssssrrrrrrrrrrroooo
  :...hhhhhhhhhiiiiiijjjjjjjjjjjjjjjjjjjjjjjjjjjjjjjjjjjjjjjjjjjjjjjhhh
  :...hhhhhhhhhiiiiiijjjjjjjjjjjjjjjjjjjjjjjjjjjjjjjjjjjjjjjjjjjjjjjjhh
  :...................................................zzzzzzzzzzzzzzzzz
  :kkkkkkkkkkkkkkkkkkkkkkkkkkkkkk
  :
  :
  :
  :
  :
  :
  :
  :
  :
  :
  :
  :
  :
  :
  :
  :
  :
  :
  :
frame 0028 at 120x40
  header 54b03916
  |
  |                  lint     build    fast     slow
  |▌› 8d552d0  main  ✓ 0.3s   ✓ 1.2s   ✗ 3s     ·        FAILED     now
  |   c67191d  main  ✓ 0.3s   ✓ 1.2s   ✓ 1.8s   ✓ 47s    passed     10m
  |   1767828  main  ✓ 0.3s   ✓ 1.2s   ✓ 1.8s   ✓ 51s    passed      2h
  |                                                   >> fast failed <<
  |  j/k move   c cancel   q quit
  |
  |
  |
  |
  |
  |
  |
  |
  |
  |
  |
  |
  |
  |
  |
  |
  |
  |
  |
  :
  :..................aaaaaaaaaaaaaaaaaaaaaaaaaaaaaaa
  :mnnooooooooonnnnnnpppppppppppppppppprrrrrrrrrsssssssssrrrrrrrrrrroooo
  :...hhhhhhhhhiiiiiijjjjjjjjjjjjjjjjjjjjjjjjjjjjjjjjjjjjjjjjjjjjjjjhhh
  :...hhhhhhhhhiiiiiijjjjjjjjjjjjjjjjjjjjjjjjjjjjjjjjjjjjjjjjjjjjjjjjhh
  :...................................................zzzzzzzzzzzzzzzzz
  :kkkkkkkkkkkkkkkkkkkkkkkkkkkkkk
  :
  :
  :
  :
  :
  :
  :
  :
  :
  :
  :
  :
  :
  :
  :
  :
  :
  :
  :
frame 0029 at 120x40
  header 7a8ab45e
  |
  |                  lint     build    fast     slow
  |▌› 8d552d0  main  ✓ 0.3s   ✓ 1.2s   ✗ 3s     ·        FAILED     now
  |   c67191d  main  ✓ 0.3s   ✓ 1.2s   ✓ 1.8s   ✓ 47s    passed     10m
  |   1767828  main  ✓ 0.3s   ✓ 1.2s   ✓ 1.8s   ✓ 51s    passed      2h
  |                                                   >> fast failed <<
  |  j/k move   c cancel   q quit
  |
  |
  |
  |
  |
  |
  |
  |
  |
  |
  |
  |
  |
  |
  |
  |
  |
  |
  |
  :
  :..................aaaaaaaaaaaaaaaaaaaaaaaaaaaaaaa
  :mnnooooooooonnnnnnpppppppppppppppppprrrrrrrrrsssssssssrrrrrrrrrrroooo
  :...hhhhhhhhhiiiiiijjjjjjjjjjjjjjjjjjjjjjjjjjjjjjjjjjjjjjjjjjjjjjjhhh
  :...hhhhhhhhhiiiiiijjjjjjjjjjjjjjjjjjjjjjjjjjjjjjjjjjjjjjjjjjjjjjjjhh
  :...................................................zzzzzzzzzzzzzzzzz
  :kkkkkkkkkkkkkkkkkkkkkkkkkkkkkk
  :
  :
  :
  :
  :
  :
  :
  :
  :
  :
  :
  :
  :
  :
  :
  :
  :
  :
  :
frame 0030 at 120x40
  header 5eb49289
  |
  |                  lint     build    fast     slow
  |▌› 8d552d0  main  ✓ 0.3s   ✓ 1.2s   ✗ 3s     ·        FAILED     now
  |   c67191d  main  ✓ 0.3s   ✓ 1.2s   ✓ 1.8s   ✓ 47s    passed     10m
  |   1767828  main  ✓ 0.3s   ✓ 1.2s   ✓ 1.8s   ✓ 51s    passed      2h
  |                                                   >> fast failed <<
  |  j/k move   c cancel   q quit
  |
  |
  |
  |
  |
  |
  |
  |
  |
  |
  |
  |
  |
  |
  |
  |
  |
  |
  |
  :
  :..................aaaaaaaaaaaaaaaaaaaaaaaaaaaaaaa
  :mnnooooooooonnnnnnpppppppppppppppppprrrrrrrrrsssssssssrrrrrrrrrrroooo
  :...hhhhhhhhhiiiiiijjjjjjjjjjjjjjjjjjjjjjjjjjjjjjjjjjjjjjjjjjjjjjjhhh
  :...hhhhhhhhhiiiiiijjjjjjjjjjjjjjjjjjjjjjjjjjjjjjjjjjjjjjjjjjjjjjjjhh
  :...................................................zzzzzzzzzzzzzzzzz
  :kkkkkkkkkkkkkkkkkkkkkkkkkkkkkk
  :
  :
  :
  :
  :
  :
  :
  :
  :
  :
  :
  :
  :
  :
  :
  :
  :
  :
  :
frame 0031 at 120x40
  header f2659b30
  |
  |                  lint     build    fast     slow
  |▌› 8d552d0  main  ✓ 0.3s   ✓ 1.2s   ✗ 3s     ·        FAILED     now
  |   c67191d  main  ✓ 0.3s   ✓ 1.2s   ✓ 1.8s   ✓ 47s    passed     10m
  |   1767828  main  ✓ 0.3s   ✓ 1.2s   ✓ 1.8s   ✓ 51s    passed      2h
  |                                                   >> fast failed <<
  |  j/k move   c cancel   q quit
  |
  |
  |
  |
  |
  |
  |
  |
  |
  |
  |
  |
  |
  |
  |
  |
  |
  |
  |
  :
  :..................aaaaaaaaaaaaaaaaaaaaaaaaaaaaaaa
  :mnnooooooooonnnnnnpppppppppppppppppprrrrrrrrrsssssssssrrrrrrrrrrroooo
  :...hhhhhhhhhiiiiiijjjjjjjjjjjjjjjjjjjjjjjjjjjjjjjjjjjjjjjjjjjjjjjhhh
  :...hhhhhhhhhiiiiiijjjjjjjjjjjjjjjjjjjjjjjjjjjjjjjjjjjjjjjjjjjjjjjjhh
  :...................................................zzzzzzzzzzzzzzzzz
  :kkkkkkkkkkkkkkkkkkkkkkkkkkkkkk
  :
  :
  :
  :
  :
  :
  :
  :
  :
  :
  :
  :
  :
  :
  :
  :
  :
  :
  :
frame 0032 at 120x40
  header 489de145
  |
  |                  lint     build    fast     slow
  |▌› 8d552d0  main  ✓ 0.3s   ✓ 1.2s   ✗ 3s     ·        FAILED     now
  |   c67191d  main  ✓ 0.3s   ✓ 1.2s   ✓ 1.8s   ✓ 47s    passed     10m
  |   1767828  main  ✓ 0.3s   ✓ 1.2s   ✓ 1.8s   ✓ 51s    passed      2h
  |                                                   >> fast failed <<
  |  j/k move   c cancel   q quit
  |
  |
  |
  |
  |
  |
  |
  |
  |
  |
  |
  |
  |
  |
  |
  |
  |
  |
  |
  :
  :..................aaaaaaaaaaaaaaaaaaaaaaaaaaaaaaa
  :mnnooooooooonnnnnnpppppppppppppppppprrrrrrrrrsssssssssrrrrrrrrrrroooo
  :...hhhhhhhhhiiiiiijjjjjjjjjjjjjjjjjjjjjjjjjjjjjjjjjjjjjjjjjjjjjjjhhh
  :...hhhhhhhhhiiiiiijjjjjjjjjjjjjjjjjjjjjjjjjjjjjjjjjjjjjjjjjjjjjjjjhh
  :...................................................zzzzzzzzzzzzzzzzz
  :kkkkkkkkkkkkkkkkkkkkkkkkkkkkkk
  :
  :
  :
  :
  :
  :
  :
  :
  :
  :
  :
  :
  :
  :
  :
  :
  :
  :
  :
frame 0033 at 120x40
  header 31509850
  |
  |                  lint     build    fast     slow
  |▌› 8d552d0  main  ✓ 0.3s   ✓ 1.2s   ✗ 3s     ·        FAILED     now
  |   c67191d  main  ✓ 0.3s   ✓ 1.2s   ✓ 1.8s   ✓ 47s    passed     10m
  |   1767828  main  ✓ 0.3s   ✓ 1.2s   ✓ 1.8s   ✓ 51s    passed      2h
  |                                                   >> fast failed <<
  |  j/k move   c cancel   q quit
  |
  |
  |
  |
  |
  |
  |
  |
  |
  |
  |
  |
  |
  |
  |
  |
  |
  |
  |
  :
  :..................aaaaaaaaaaaaaaaaaaaaaaaaaaaaaaa
  :mnnooooooooonnnnnnpppppppppppppppppprrrrrrrrrsssssssssrrrrrrrrrrroooo
  :...hhhhhhhhhiiiiiijjjjjjjjjjjjjjjjjjjjjjjjjjjjjjjjjjjjjjjjjjjjjjjhhh
  :...hhhhhhhhhiiiiiijjjjjjjjjjjjjjjjjjjjjjjjjjjjjjjjjjjjjjjjjjjjjjjjhh
  :...................................................zzzzzzzzzzzzzzzzz
  :kkkkkkkkkkkkkkkkkkkkkkkkkkkkkk
  :
  :
  :
  :
  :
  :
  :
  :
  :
  :
  :
  :
  :
  :
  :
  :
  :
  :
  :
frame 0034 at 120x40
  header e97029a9
  |
  |                  lint     build    fast     slow
  |▌› 8d552d0  main  ✓ 0.3s   ✓ 1.2s   ✗ 3s     ·        FAILED     now
  |   c67191d  main  ✓ 0.3s   ✓ 1.2s   ✓ 1.8s   ✓ 47s    passed     10m
  |   1767828  main  ✓ 0.3s   ✓ 1.2s   ✓ 1.8s   ✓ 51s    passed      2h
  |                                                   >> fast failed <<
  |  j/k move   c cancel   q quit
  |
  |
  |
  |
  |
  |
  |
  |
  |
  |
  |
  |
  |
  |
  |
  |
  |
  |
  |
  :
  :..................aaaaaaaaaaaaaaaaaaaaaaaaaaaaaaa
  :mnnooooooooonnnnnnpppppppppppppppppprrrrrrrrrsssssssssrrrrrrrrrrroooo
  :...hhhhhhhhhiiiiiijjjjjjjjjjjjjjjjjjjjjjjjjjjjjjjjjjjjjjjjjjjjjjjhhh
  :...hhhhhhhhhiiiiiijjjjjjjjjjjjjjjjjjjjjjjjjjjjjjjjjjjjjjjjjjjjjjjjhh
  :...................................................zzzzzzzzzzzzzzzzz
  :kkkkkkkkkkkkkkkkkkkkkkkkkkkkkk
  :
  :
  :
  :
  :
  :
  :
  :
  :
  :
  :
  :
  :
  :
  :
  :
  :
  :
  :
frame 0035 at 120x40
  header af6380c4
  |
  |                  lint     build    fast     slow
  |▌› 8d552d0  main  ✓ 0.3s   ✓ 1.2s   ✗ 3s     ·        FAILED     now
  |   c67191d  main  ✓ 0.3s   ✓ 1.2s   ✓ 1.8s   ✓ 47s    passed     10m
  |   1767828  main  ✓ 0.3s   ✓ 1.2s   ✓ 1.8s   ✓ 51s    passed      2h
  |                                                    > fast failed <
  |  j/k move   c cancel   q quit
  |
  |
  |
  |
  |
  |
  |
  |
  |
  |
  |
  |
  |
  |
  |
  |
  |
  |
  |
  :
  :..................aaaaaaaaaaaaaaaaaaaaaaaaaaaaaaa
  :mnnooooooooonnnnnnpppppppppppppppppprrrrrrrrrsssssssssrrrrrrrrrrroooo
  :...hhhhhhhhhiiiiiijjjjjjjjjjjjjjjjjjjjjjjjjjjjjjjjjjjjjjjjjjjjjjjhhh
  :...hhhhhhhhhiiiiiijjjjjjjjjjjjjjjjjjjjjjjjjjjjjjjjjjjjjjjjjjjjjjjjhh
  :....................................................AAAAAAAAAAAAAAA
  :kkkkkkkkkkkkkkkkkkkkkkkkkkkkkk
  :
  :
  :
  :
  :
  :
  :
  :
  :
  :
  :
  :
  :
  :
  :
  :
  :
  :
  :
frame 0036 at 120x40
  header f1cc6dba
  |
  |                  lint     build    fast     slow
  |▌› 8d552d0  main  ✓ 0.3s   ✓ 1.2s   ✗ 3s     ·        FAILED     now
  |   c67191d  main  ✓ 0.3s   ✓ 1.2s   ✓ 1.8s   ✓ 47s    passed     10m
  |   1767828  main  ✓ 0.3s   ✓ 1.2s   ✓ 1.8s   ✓ 51s    passed      2h
  |                                                    > fast failed <
  |  j/k move   c cancel   q quit
  |
  |
  |
  |
  |
  |
  |
  |
  |
  |
  |
  |
  |
  |
  |
  |
  |
  |
  |
  :
  :..................aaaaaaaaaaaaaaaaaaaaaaaaaaaaaaa
  :mnnooooooooonnnnnnpppppppppppppppppprrrrrrrrrsssssssssrrrrrrrrrrroooo
  :...hhhhhhhhhiiiiiijjjjjjjjjjjjjjjjjjjjjjjjjjjjjjjjjjjjjjjjjjjjjjjhhh
  :...hhhhhhhhhiiiiiijjjjjjjjjjjjjjjjjjjjjjjjjjjjjjjjjjjjjjjjjjjjjjjjhh
  :....................................................AAAAAAAAAAAAAAA
  :kkkkkkkkkkkkkkkkkkkkkkkkkkkkkk
  :
  :
  :
  :
  :
  :
  :
  :
  :
  :
  :
  :
  :
  :
  :
  :
  :
  :
  :
frame 0037 at 120x40
  header 94ccf453
  |
  |                  lint     build    fast     slow
  |▌› 8d552d0  main  ✓ 0.3s   ✓ 1.2s   ✗ 3s     ·        FAILED     now
  |   c67191d  main  ✓ 0.3s   ✓ 1.2s   ✓ 1.8s   ✓ 47s    passed     10m
  |   1767828  main  ✓ 0.3s   ✓ 1.2s   ✓ 1.8s   ✓ 51s    passed      2h
  |                                                    > fast failed <
  |  j/k move   c cancel   q quit
  |
  |
  |
  |
  |
  |
  |
  |
  |
  |
  |
  |
  |
  |
  |
  |
  |
  |
  |
  :
  :..................aaaaaaaaaaaaaaaaaaaaaaaaaaaaaaa
  :mnnooooooooonnnnnnpppppppppppppppppprrrrrrrrrsssssssssrrrrrrrrrrroooo
  :...hhhhhhhhhiiiiiijjjjjjjjjjjjjjjjjjjjjjjjjjjjjjjjjjjjjjjjjjjjjjjhhh
  :...hhhhhhhhhiiiiiijjjjjjjjjjjjjjjjjjjjjjjjjjjjjjjjjjjjjjjjjjjjjjjjhh
  :....................................................AAAAAAAAAAAAAAA
  :kkkkkkkkkkkkkkkkkkkkkkkkkkkkkk
  :
  :
  :
  :
  :
  :
  :
  :
  :
  :
  :
  :
  :
  :
  :
  :
  :
  :
  :
frame 0038 at 120x40
  header 4096f3dc
  |
  |                  lint     build    fast     slow
  |▌› 8d552d0  main  ✓ 0.3s   ✓ 1.2s   ✗ 3s     ·        FAILED     now
  |   c67191d  main  ✓ 0.3s   ✓ 1.2s   ✓ 1.8s   ✓ 47s    passed     10m
  |   1767828  main  ✓ 0.3s   ✓ 1.2s   ✓ 1.8s   ✓ 51s    passed      2h
  |                                                    > fast failed <
  |  j/k move   c cancel   q quit
  |
  |
  |
  |
  |
  |
  |
  |
  |
  |
  |
  |
  |
  |
  |
  |
  |
  |
  |
  :
  :..................aaaaaaaaaaaaaaaaaaaaaaaaaaaaaaa
  :mnnooooooooonnnnnnpppppppppppppppppprrrrrrrrrsssssssssrrrrrrrrrrroooo
  :...hhhhhhhhhiiiiiijjjjjjjjjjjjjjjjjjjjjjjjjjjjjjjjjjjjjjjjjjjjjjjhhh
  :...hhhhhhhhhiiiiiijjjjjjjjjjjjjjjjjjjjjjjjjjjjjjjjjjjjjjjjjjjjjjjjhh
  :....................................................AAAAAAAAAAAAAAA
  :kkkkkkkkkkkkkkkkkkkkkkkkkkkkkk
  :
  :
  :
  :
  :
  :
  :
  :
  :
  :
  :
  :
  :
  :
  :
  :
  :
  :
  :
frame 0039 at 120x40
  header 9c78f812
  |
  |                  lint     build    fast     slow
  |▌› 8d552d0  main  ✓ 0.3s   ✓ 1.2s   ✗ 3s     ·        FAILED     now
  |   c67191d  main  ✓ 0.3s   ✓ 1.2s   ✓ 1.8s   ✓ 47s    passed     10m
  |   1767828  main  ✓ 0.3s   ✓ 1.2s   ✓ 1.8s   ✓ 51s    passed      2h
  |                                                    > fast failed <
  |  j/k move   c cancel   q quit
  |
  |
  |
  |
  |
  |
  |
  |
  |
  |
  |
  |
  |
  |
  |
  |
  |
  |
  |
  :
  :..................aaaaaaaaaaaaaaaaaaaaaaaaaaaaaaa
  :mnnooooooooonnnnnnpppppppppppppppppprrrrrrrrrsssssssssrrrrrrrrrrroooo
  :...hhhhhhhhhiiiiiijjjjjjjjjjjjjjjjjjjjjjjjjjjjjjjjjjjjjjjjjjjjjjjhhh
  :...hhhhhhhhhiiiiiijjjjjjjjjjjjjjjjjjjjjjjjjjjjjjjjjjjjjjjjjjjjjjjjhh
  :....................................................AAAAAAAAAAAAAAA
  :kkkkkkkkkkkkkkkkkkkkkkkkkkkkkk
  :
  :
  :
  :
  :
  :
  :
  :
  :
  :
  :
  :
  :
  :
  :
  :
  :
  :
  :
frame 0040 at 120x40
  header a87e9d0c
  |
  |                  lint     build    fast     slow
  |▌› 8d552d0  main  ✓ 0.3s   ✓ 1.2s   ✗ 3s     ·        FAILED     now
  |   c67191d  main  ✓ 0.3s   ✓ 1.2s   ✓ 1.8s   ✓ 47s    passed     10m
  |   1767828  main  ✓ 0.3s   ✓ 1.2s   ✓ 1.8s   ✓ 51s    passed      2h
  |                                                    > fast failed <
  |  j/k move   c cancel   q quit
  |
  |
  |
  |
  |
  |
  |
  |
  |
  |
  |
  |
  |
  |
  |
  |
  |
  |
  |
  :
  :..................aaaaaaaaaaaaaaaaaaaaaaaaaaaaaaa
  :mnnooooooooonnnnnnpppppppppppppppppprrrrrrrrrsssssssssrrrrrrrrrrroooo
  :...hhhhhhhhhiiiiiijjjjjjjjjjjjjjjjjjjjjjjjjjjjjjjjjjjjjjjjjjjjjjjhhh
  :...hhhhhhhhhiiiiiijjjjjjjjjjjjjjjjjjjjjjjjjjjjjjjjjjjjjjjjjjjjjjjjhh
  :....................................................AAAAAAAAAAAAAAA
  :kkkkkkkkkkkkkkkkkkkkkkkkkkkkkk
  :
  :
  :
  :
  :
  :
  :
  :
  :
  :
  :
  :
  :
  :
  :
  :
  :
  :
  :
frame 0041 at 120x40
  header 59d937ef
  |
  |                  lint     build    fast     slow
  |▌› 8d552d0  main  ✓ 0.3s   ✓ 1.2s   ✗ 3s     ·        FAILED     now
  |   c67191d  main  ✓ 0.3s   ✓ 1.2s   ✓ 1.8s   ✓ 47s    passed     10m
  |   1767828  main  ✓ 0.3s   ✓ 1.2s   ✓ 1.8s   ✓ 51s    passed      2h
  |                                                    > fast failed <
  |  j/k move   c cancel   q quit
  |
  |
  |
  |
  |
  |
  |
  |
  |
  |
  |
  |
  |
  |
  |
  |
  |
  |
  |
  :
  :..................aaaaaaaaaaaaaaaaaaaaaaaaaaaaaaa
  :mnnooooooooonnnnnnpppppppppppppppppprrrrrrrrrsssssssssrrrrrrrrrrroooo
  :...hhhhhhhhhiiiiiijjjjjjjjjjjjjjjjjjjjjjjjjjjjjjjjjjjjjjjjjjjjjjjhhh
  :...hhhhhhhhhiiiiiijjjjjjjjjjjjjjjjjjjjjjjjjjjjjjjjjjjjjjjjjjjjjjjjhh
  :....................................................AAAAAAAAAAAAAAA
  :kkkkkkkkkkkkkkkkkkkkkkkkkkkkkk
  :
  :
  :
  :
  :
  :
  :
  :
  :
  :
  :
  :
  :
  :
  :
  :
  :
  :
  :
frame 0042 at 120x40
  header a87aa022
  |
  |                  lint     build    fast     slow
  |▌› 8d552d0  main  ✓ 0.3s   ✓ 1.2s   ✗ 3s     ·        FAILED     now
  |   c67191d  main  ✓ 0.3s   ✓ 1.2s   ✓ 1.8s   ✓ 47s    passed     10m
  |   1767828  main  ✓ 0.3s   ✓ 1.2s   ✓ 1.8s   ✓ 51s    passed      2h
  |                                                    > fast failed <
  |  j/k move   c cancel   q quit
  |
  |
  |
  |
  |
  |
  |
  |
  |
  |
  |
  |
  |
  |
  |
  |
  |
  |
  |
  :
  :..................aaaaaaaaaaaaaaaaaaaaaaaaaaaaaaa
  :mnnooooooooonnnnnnpppppppppppppppppprrrrrrrrrsssssssssrrrrrrrrrrroooo
  :...hhhhhhhhhiiiiiijjjjjjjjjjjjjjjjjjjjjjjjjjjjjjjjjjjjjjjjjjjjjjjhhh
  :...hhhhhhhhhiiiiiijjjjjjjjjjjjjjjjjjjjjjjjjjjjjjjjjjjjjjjjjjjjjjjjhh
  :....................................................AAAAAAAAAAAAAAA
  :kkkkkkkkkkkkkkkkkkkkkkkkkkkkkk
  :
  :
  :
  :
  :
  :
  :
  :
  :
  :
  :
  :
  :
  :
  :
  :
  :
  :
  :
frame 0043 at 120x40
  header 83aaa07c
  |
  |                  lint     build    fast     slow
  |▌› 8d552d0  main  ✓ 0.3s   ✓ 1.2s   ✗ 3s     ·        FAILED     now
  |   c67191d  main  ✓ 0.3s   ✓ 1.2s   ✓ 1.8s   ✓ 47s    passed     10m
  |   1767828  main  ✓ 0.3s   ✓ 1.2s   ✓ 1.8s   ✓ 51s    passed      2h
  |
  |  j/k move   c cancel   q quit
  |
  |
  |
  |
  |
  |
  |
  |
  |
  |
  |
  |
  |
  |
  |
  |
  |
  |
  |
  :
  :..................aaaaaaaaaaaaaaaaaaaaaaaaaaaaaaa
  :mnnooooooooonnnnnnpppppppppppppppppprrrrrrrrrsssssssssrrrrrrrrrrroooo
  :...hhhhhhhhhiiiiiijjjjjjjjjjjjjjjjjjjjjjjjjjjjjjjjjjjjjjjjjjjjjjjhhh
  :...hhhhhhhhhiiiiiijjjjjjjjjjjjjjjjjjjjjjjjjjjjjjjjjjjjjjjjjjjjjjjjhh
  :
  :kkkkkkkkkkkkkkkkkkkkkkkkkkkkkk
  :
  :
  :
  :
  :
  :
  :
  :
  :
  :
  :
  :
  :
  :
  :
  :
  :
  :
  :
frame 0044 at 120x40
  header 7e02528a
  |
  |                  lint     build    fast     slow
  |▌› 8d552d0  main  ✓ 0.3s   ✓ 1.2s   ✗ 3s     ·        FAILED     now
  |   c67191d  main  ✓ 0.3s   ✓ 1.2s   ✓ 1.8s   ✓ 47s    passed     10m
  |   1767828  main  ✓ 0.3s   ✓ 1.2s   ✓ 1.8s   ✓ 51s    passed      2h
  |
  |  j/k move   c cancel   q quit
  |
  |
  |
  |
  |
  |
  |
  |
  |
  |
  |
  |
  |
  |
  |
  |
  |
  |
  |
  :
  :..................aaaaaaaaaaaaaaaaaaaaaaaaaaaaaaa
  :mnnooooooooonnnnnnpppppppppppppppppprrrrrrrrrsssssssssrrrrrrrrrrroooo
  :...hhhhhhhhhiiiiiijjjjjjjjjjjjjjjjjjjjjjjjjjjjjjjjjjjjjjjjjjjjjjjhhh
  :...hhhhhhhhhiiiiiijjjjjjjjjjjjjjjjjjjjjjjjjjjjjjjjjjjjjjjjjjjjjjjjhh
  :
  :kkkkkkkkkkkkkkkkkkkkkkkkkkkkkk
  :
  :
  :
  :
  :
  :
  :
  :
  :
  :
  :
  :
  :
  :
  :
  :
  :
  :
  :
frame 0045 at 120x40
  header 30cfeeed
  |
  |                  lint     build    fast     slow
  |▌› 8d552d0  main  ✓ 0.3s   ✓ 1.2s   ✗ 3s     ·        FAILED     now
  |   c67191d  main  ✓ 0.3s   ✓ 1.2s   ✓ 1.8s   ✓ 47s    passed     10m
  |   1767828  main  ✓ 0.3s   ✓ 1.2s   ✓ 1.8s   ✓ 51s    passed      2h
  |
  |  j/k move   c cancel   q quit
  |
  |
  |
  |
  |
  |
  |
  |
  |
  |
  |
  |
  |
  |
  |
  |
  |
  |
  |
  :
  :..................aaaaaaaaaaaaaaaaaaaaaaaaaaaaaaa
  :mnnooooooooonnnnnnpppppppppppppppppprrrrrrrrrsssssssssrrrrrrrrrrroooo
  :...hhhhhhhhhiiiiiijjjjjjjjjjjjjjjjjjjjjjjjjjjjjjjjjjjjjjjjjjjjjjjhhh
  :...hhhhhhhhhiiiiiijjjjjjjjjjjjjjjjjjjjjjjjjjjjjjjjjjjjjjjjjjjjjjjjhh
  :
  :kkkkkkkkkkkkkkkkkkkkkkkkkkkkkk
  :
  :
  :
  :
  :
  :
  :
  :
  :
  :
  :
  :
  :
  :
  :
  :
  :
  :
  :
frame 0046 at 120x40
  header 83100601
  |
  |                  lint     build    fast     slow
  |▌› 8d552d0  main  ✓ 0.3s   ✓ 1.2s   ✗ 3s     ·        FAILED     now
  |   c67191d  main  ✓ 0.3s   ✓ 1.2s   ✓ 1.8s   ✓ 47s    passed     10m
  |   1767828  main  ✓ 0.3s   ✓ 1.2s   ✓ 1.8s   ✓ 51s    passed      2h
  |
  |  j/k move   c cancel   q quit
  |
  |
  |
  |
  |
  |
  |
  |
  |
  |
  |
  |
  |
  |
  |
  |
  |
  |
  |
  :
  :..................aaaaaaaaaaaaaaaaaaaaaaaaaaaaaaa
  :mnnooooooooonnnnnnpppppppppppppppppprrrrrrrrrsssssssssrrrrrrrrrrroooo
  :...hhhhhhhhhiiiiiijjjjjjjjjjjjjjjjjjjjjjjjjjjjjjjjjjjjjjjjjjjjjjjhhh
  :...hhhhhhhhhiiiiiijjjjjjjjjjjjjjjjjjjjjjjjjjjjjjjjjjjjjjjjjjjjjjjjhh
  :
  :kkkkkkkkkkkkkkkkkkkkkkkkkkkkkk
  :
  :
  :
  :
  :
  :
  :
  :
  :
  :
  :
  :
  :
  :
  :
  :
  :
  :
  :
frame 0047 at 120x40
  header 30cfeeed
  |
  |                  lint     build    fast     slow
  |▌› 8d552d0  main  ✓ 0.3s   ✓ 1.2s   ✗ 3s     ·        FAILED     now
  |   c67191d  main  ✓ 0.3s   ✓ 1.2s   ✓ 1.8s   ✓ 47s    passed     10m
  |   1767828  main  ✓ 0.3s   ✓ 1.2s   ✓ 1.8s   ✓ 51s    passed      2h
  |
  |  j/k move   c cancel   q quit
  |
  |
  |
  |
  |
  |
  |
  |
  |
  |
  |
  |
  |
  |
  |
  |
  |
  |
  |
  :
  :..................aaaaaaaaaaaaaaaaaaaaaaaaaaaaaaa
  :mnnooooooooonnnnnnpppppppppppppppppprrrrrrrrrsssssssssrrrrrrrrrrroooo
  :...hhhhhhhhhiiiiiijjjjjjjjjjjjjjjjjjjjjjjjjjjjjjjjjjjjjjjjjjjjjjjhhh
  :...hhhhhhhhhiiiiiijjjjjjjjjjjjjjjjjjjjjjjjjjjjjjjjjjjjjjjjjjjjjjjjhh
  :
  :kkkkkkkkkkkkkkkkkkkkkkkkkkkkkk
  :
  :
  :
  :
  :
  :
  :
  :
  :
  :
  :
  :
  :
  :
  :
  :
  :
  :
  :
frame 0048 at 120x40
  header 7e02528a
  |
  |                  lint     build    fast     slow
  |▌› 8d552d0  main  ✓ 0.3s   ✓ 1.2s   ✗ 3s     ·        FAILED     now
  |   c67191d  main  ✓ 0.3s   ✓ 1.2s   ✓ 1.8s   ✓ 47s    passed     10m
  |   1767828  main  ✓ 0.3s   ✓ 1.2s   ✓ 1.8s   ✓ 51s    passed      2h
  |
  |  j/k move   c cancel   q quit
  |
  |
  |
  |
  |
  |
  |
  |
  |
  |
  |
  |
  |
  |
  |
  |
  |
  |
  |
  :
  :..................aaaaaaaaaaaaaaaaaaaaaaaaaaaaaaa
  :mnnooooooooonnnnnnpppppppppppppppppprrrrrrrrrsssssssssrrrrrrrrrrroooo
  :...hhhhhhhhhiiiiiijjjjjjjjjjjjjjjjjjjjjjjjjjjjjjjjjjjjjjjjjjjjjjjhhh
  :...hhhhhhhhhiiiiiijjjjjjjjjjjjjjjjjjjjjjjjjjjjjjjjjjjjjjjjjjjjjjjjhh
  :
  :kkkkkkkkkkkkkkkkkkkkkkkkkkkkkk
  :
  :
  :
  :
  :
  :
  :
  :
  :
  :
  :
  :
  :
  :
  :
  :
  :
  :
  :
frame 0049 at 120x40
  header 83aaa07c
  |
  |                  lint     build    fast     slow
  |▌› 8d552d0  main  ✓ 0.3s   ✓ 1.2s   ✗ 3s     ·        FAILED     now
  |   c67191d  main  ✓ 0.3s   ✓ 1.2s   ✓ 1.8s   ✓ 47s    passed     10m
  |   1767828  main  ✓ 0.3s   ✓ 1.2s   ✓ 1.8s   ✓ 51s    passed      2h
  |
  |  j/k move   c cancel   q quit
  |
  |
  |
  |
  |
  |
  |
  |
  |
  |
  |
  |
  |
  |
  |
  |
  |
  |
  |
  :
  :..................aaaaaaaaaaaaaaaaaaaaaaaaaaaaaaa
  :mnnooooooooonnnnnnpppppppppppppppppprrrrrrrrrsssssssssrrrrrrrrrrroooo
  :...hhhhhhhhhiiiiiijjjjjjjjjjjjjjjjjjjjjjjjjjjjjjjjjjjjjjjjjjjjjjjhhh
  :...hhhhhhhhhiiiiiijjjjjjjjjjjjjjjjjjjjjjjjjjjjjjjjjjjjjjjjjjjjjjjjhh
  :
  :kkkkkkkkkkkkkkkkkkkkkkkkkkkkkk
  :
  :
  :
  :
  :
  :
  :
  :
  :
  :
  :
  :
  :
  :
  :
  :
  :
  :
  :
frame 0050 at 120x40
  header 05eb6f9d
  |
  |                  lint     build    fast     slow
  |▌› 8d552d0  main  ✓ 0.3s   ✓ 1.2s   ✗ 3s     ·        FAILED     now
  |   c67191d  main  ✓ 0.3s   ✓ 1.2s   ✓ 1.8s   ✓ 47s    passed     10m
  |   1767828  main  ✓ 0.3s   ✓ 1.2s   ✓ 1.8s   ✓ 51s    passed      2h
  |
  |  j/k move   c cancel   q quit
  |
  |
  |
  |
  |
  |
  |
  |
  |
  |
  |
  |
  |
  |
  |
  |
  |
  |
  |
  :
  :..................aaaaaaaaaaaaaaaaaaaaaaaaaaaaaaa
  :mnnooooooooonnnnnnpppppppppppppppppprrrrrrrrrsssssssssrrrrrrrrrrroooo
  :...hhhhhhhhhiiiiiijjjjjjjjjjjjjjjjjjjjjjjjjjjjjjjjjjjjjjjjjjjjjjjhhh
  :...hhhhhhhhhiiiiiijjjjjjjjjjjjjjjjjjjjjjjjjjjjjjjjjjjjjjjjjjjjjjjjhh
  :
  :kkkkkkkkkkkkkkkkkkkkkkkkkkkkkk
  :
  :
  :
  :
  :
  :
  :
  :
  :
  :
  :
  :
  :
  :
  :
  :
  :
  :
  :
frame 0051 at 120x40
  header 037b9997
  |
  |                  lint     build    fast     slow
  |▌› 8d552d0  main  ✓ 0.3s   ✓ 1.2s   ✗ 3s     ·        FAILED     now
  |   c67191d  main  ✓ 0.3s   ✓ 1.2s   ✓ 1.8s   ✓ 47s    passed     10m
  |   1767828  main  ✓ 0.3s   ✓ 1.2s   ✓ 1.8s   ✓ 51s    passed      2h
  |
  |  j/k move   c cancel   q quit
  |
  |
  |
  |
  |
  |
  |
  |
  |
  |
  |
  |
  |
  |
  |
  |
  |
  |
  |
  :
  :..................aaaaaaaaaaaaaaaaaaaaaaaaaaaaaaa
  :mnnooooooooonnnnnnpppppppppppppppppprrrrrrrrrsssssssssrrrrrrrrrrroooo
  :...hhhhhhhhhiiiiiijjjjjjjjjjjjjjjjjjjjjjjjjjjjjjjjjjjjjjjjjjjjjjjhhh
  :...hhhhhhhhhiiiiiijjjjjjjjjjjjjjjjjjjjjjjjjjjjjjjjjjjjjjjjjjjjjjjjhh
  :
  :kkkkkkkkkkkkkkkkkkkkkkkkkkkkkk
  :
  :
  :
  :
  :
  :
  :
  :
  :
  :
  :
  :
  :
  :
  :
  :
  :
  :
  :
frame 0052 at 120x40
  header 785f8aaf
  |
  |                  lint     build    fast     slow
  |▌› 8d552d0  main  ✓ 0.3s   ✓ 1.2s   ✗ 3s     ·        FAILED     now
  |   c67191d  main  ✓ 0.3s   ✓ 1.2s   ✓ 1.8s   ✓ 47s    passed     10m
  |   1767828  main  ✓ 0.3s   ✓ 1.2s   ✓ 1.8s   ✓ 51s    passed      2h
  |
  |  j/k move   c cancel   q quit
  |
  |
  |
  |
  |
  |
  |
  |
  |
  |
  |
  |
  |
  |
  |
  |
  |
  |
  |
  :
  :..................aaaaaaaaaaaaaaaaaaaaaaaaaaaaaaa
  :mnnooooooooonnnnnnpppppppppppppppppprrrrrrrrrsssssssssrrrrrrrrrrroooo
  :...hhhhhhhhhiiiiiijjjjjjjjjjjjjjjjjjjjjjjjjjjjjjjjjjjjjjjjjjjjjjjhhh
  :...hhhhhhhhhiiiiiijjjjjjjjjjjjjjjjjjjjjjjjjjjjjjjjjjjjjjjjjjjjjjjjhh
  :
  :kkkkkkkkkkkkkkkkkkkkkkkkkkkkkk
  :
  :
  :
  :
  :
  :
  :
  :
  :
  :
  :
  :
  :
  :
  :
  :
  :
  :
  :
frame 0053 at 120x40
  header cabf8dde
  |
  |                  lint     build    fast     slow
  |▌› 8d552d0  main  ✓ 0.3s   ✓ 1.2s   ✗ 3s     ·        FAILED     now
  |   c67191d  main  ✓ 0.3s   ✓ 1.2s   ✓ 1.8s   ✓ 47s    passed     10m
  |   1767828  main  ✓ 0.3s   ✓ 1.2s   ✓ 1.8s   ✓ 51s    passed      2h
  |
  |  j/k move   c cancel   q quit
  |
  |
  |
  |
  |
  |
  |
  |
  |
  |
  |
  |
  |
  |
  |
  |
  |
  |
  |
  :
  :..................aaaaaaaaaaaaaaaaaaaaaaaaaaaaaaa
  :mnnooooooooonnnnnnpppppppppppppppppprrrrrrrrrsssssssssrrrrrrrrrrroooo
  :...hhhhhhhhhiiiiiijjjjjjjjjjjjjjjjjjjjjjjjjjjjjjjjjjjjjjjjjjjjjjjhhh
  :...hhhhhhhhhiiiiiijjjjjjjjjjjjjjjjjjjjjjjjjjjjjjjjjjjjjjjjjjjjjjjjhh
  :
  :kkkkkkkkkkkkkkkkkkkkkkkkkkkkkk
  :
  :
  :
  :
  :
  :
  :
  :
  :
  :
  :
  :
  :
  :
  :
  :
  :
  :
  :
frame 0054 at 120x40
  header 70ccbfc5
  |
  |                  lint     build    fast     slow
  |▌› 8d552d0  main  ✓ 0.3s   ✓ 1.2s   ✗ 3s     ·        FAILED     now
  |   c67191d  main  ✓ 0.3s   ✓ 1.2s   ✓ 1.8s   ✓ 47s    passed     10m
  |   1767828  main  ✓ 0.3s   ✓ 1.2s   ✓ 1.8s   ✓ 51s    passed      2h
  |
  |  j/k move   c cancel   q quit
  |
  |
  |
  |
  |
  |
  |
  |
  |
  |
  |
  |
  |
  |
  |
  |
  |
  |
  |
  :
  :..................aaaaaaaaaaaaaaaaaaaaaaaaaaaaaaa
  :mnnooooooooonnnnnnpppppppppppppppppprrrrrrrrrsssssssssrrrrrrrrrrroooo
  :...hhhhhhhhhiiiiiijjjjjjjjjjjjjjjjjjjjjjjjjjjjjjjjjjjjjjjjjjjjjjjhhh
  :...hhhhhhhhhiiiiiijjjjjjjjjjjjjjjjjjjjjjjjjjjjjjjjjjjjjjjjjjjjjjjjhh
  :
  :kkkkkkkkkkkkkkkkkkkkkkkkkkkkkk
  :
  :
  :
  :
  :
  :
  :
  :
  :
  :
  :
  :
  :
  :
  :
  :
  :
  :
  :
frame 0055 at 120x40
  header 79b0d06f
  |
  |                  lint     build    fast     slow
  |▌› 8d552d0  main  ✓ 0.3s   ✓ 1.2s   ✗ 3s     ·        FAILED     now
  |   c67191d  main  ✓ 0.3s   ✓ 1.2s   ✓ 1.8s   ✓ 47s    passed     10m
  |   1767828  main  ✓ 0.3s   ✓ 1.2s   ✓ 1.8s   ✓ 51s    passed      2h
  |
  |  j/k move   c cancel   q quit
  |
  |
  |
  |
  |
  |
  |
  |
  |
  |
  |
  |
  |
  |
  |
  |
  |
  |
  |
  :
  :..................aaaaaaaaaaaaaaaaaaaaaaaaaaaaaaa
  :mnnooooooooonnnnnnpppppppppppppppppprrrrrrrrrsssssssssrrrrrrrrrrroooo
  :...hhhhhhhhhiiiiiijjjjjjjjjjjjjjjjjjjjjjjjjjjjjjjjjjjjjjjjjjjjjjjhhh
  :...hhhhhhhhhiiiiiijjjjjjjjjjjjjjjjjjjjjjjjjjjjjjjjjjjjjjjjjjjjjjjjhh
  :
  :kkkkkkkkkkkkkkkkkkkkkkkkkkkkkk
  :
  :
  :
  :
  :
  :
  :
  :
  :
  :
  :
  :
  :
  :
  :
  :
  :
  :
  :
legend
a = fg Rgb(75, 81, 92), bg Default, []
b = fg Rgb(79, 214, 232), bg Rgb(29, 39, 51), []
c = fg Rgb(255, 255, 255), bg Rgb(29, 39, 51), ["bold"]
d = fg Rgb(110, 117, 130), bg Rgb(29, 39, 51), []
e = fg Rgb(95, 211, 141), bg Rgb(29, 39, 51), []
f = fg Rgb(79, 214, 232), bg Rgb(29, 39, 51), ["bold"]
g = fg Rgb(75, 81, 92), bg Rgb(29, 39, 51), []
h = fg Rgb(110, 117, 130), bg Default, []
i = fg Rgb(62, 65, 71), bg Default, []
j = fg Rgb(42, 94, 63), bg Default, []
k = fg Default, bg Default, ["dim"]
l = fg Rgb(30, 90, 98), bg Rgb(29, 39, 51), []
m = fg Rgb(255, 95, 95), bg Rgb(68, 31, 35), []
n = fg Rgb(255, 255, 255), bg Rgb(68, 31, 35), ["bold"]
o = fg Rgb(138, 145, 158), bg Rgb(68, 31, 35), []
p = fg Rgb(95, 211, 141), bg Rgb(68, 31, 35), []
q = fg Idx(15), bg Idx(196), ["bold"]
r = fg Rgb(255, 95, 95), bg Rgb(68, 31, 35), ["bold"]
s = fg Rgb(75, 81, 92), bg Rgb(68, 31, 35), []
t = fg Idx(15), bg Idx(160), ["bold"]
u = fg Idx(15), bg Idx(124), ["bold"]
v = fg Idx(9), bg Idx(88), ["bold"]
w = fg Idx(9), bg Idx(52), ["bold"]
x = fg Idx(9), bg Default, ["bold"]
y = fg Idx(1), bg Default, ["bold"]
z = fg Idx(1), bg Default, []
A = fg Idx(1), bg Default, ["dim"]
