---
source: tests/suite/snapshots.rs
expression: "render(& frames(\"resize-mid-animation\"))"
---
frame 0001 at 80x30
  header 6b696585
  |> 8d552d0  main  Lint 0.3s  Build 1.2s  Fast ⠁ 2s  Slow --  RUNNING  just now
  |
  |  c67191d  main  Lint 0.3s  Build 1.2s  Fast 1.8s  Slow 47s  PASSED  10m ago
  |
  |  1767828  main  Lint 0.3s  Build 1.2s  Fast 1.8s  Slow 51s  PASSED  2h ago
  |
  |  j/k move   c cancel   q quit
  |
  |
  |
  |
  |
  |
  |
  |
  |
  :.................aaaaaaaaa..aaaaaaaaaa..bbbbbbbbb..ccccccc..ddddddd..cccccccc
  :
  :.................aaaaaaaaa..aaaaaaaaaa..aaaaaaaaa..aaaaaaaa..eeeeee..ccccccc
  :
  :.................aaaaaaaaa..aaaaaaaaaa..aaaaaaaaa..aaaaaaaa..eeeeee..cccccc
  :
  :cccccccccccccccccccccccccccccc
  :
  :
  :
  :
  :
  :
  :
  :
  :
frame 0002 at 80x30
  header df254129
  |> 8d552d0  main  Lint 0.3s  Build 1.2s  Fast ⠃ 2s  Slow --  RUNNING  just now
  |
  |  c67191d  main  Lint 0.3s  Build 1.2s  Fast 1.8s  Slow 47s  PASSED  10m ago
  |
  |  1767828  main  Lint 0.3s  Build 1.2s  Fast 1.8s  Slow 51s  PASSED  2h ago
  |
  |  j/k move   c cancel   q quit
  |
  |
  |
  |
  |
  |
  |
  |
  |
  :.................aaaaaaaaa..aaaaaaaaaa..bbbbbbbbb..ccccccc..ddddddd..cccccccc
  :
  :.................aaaaaaaaa..aaaaaaaaaa..aaaaaaaaa..aaaaaaaa..eeeeee..ccccccc
  :
  :.................aaaaaaaaa..aaaaaaaaaa..aaaaaaaaa..aaaaaaaa..eeeeee..cccccc
  :
  :cccccccccccccccccccccccccccccc
  :
  :
  :
  :
  :
  :
  :
  :
  :
frame 0003 at 80x30
  header 41536c44
  |> 8d552d0  main  Lint 0.3s  Build 1.2s  Fast ⠇ 2s  Slow --  RUNNING  just now
  |
  |  c67191d  main  Lint 0.3s  Build 1.2s  Fast 1.8s  Slow 47s  PASSED  10m ago
  |
  |  1767828  main  Lint 0.3s  Build 1.2s  Fast 1.8s  Slow 51s  PASSED  2h ago
  |
  |  j/k move   c cancel   q quit
  |
  |
  |
  |
  |
  |
  |
  |
  |
  :.................aaaaaaaaa..aaaaaaaaaa..bbbbbbbbb..ccccccc..ddddddd..cccccccc
  :
  :.................aaaaaaaaa..aaaaaaaaaa..aaaaaaaaa..aaaaaaaa..eeeeee..ccccccc
  :
  :.................aaaaaaaaa..aaaaaaaaaa..aaaaaaaaa..aaaaaaaa..eeeeee..cccccc
  :
  :cccccccccccccccccccccccccccccc
  :
  :
  :
  :
  :
  :
  :
  :
  :
frame 0004 at 80x30
  header 848f2f79
  |> 8d552d0  main  Lint 0.3s  Build 1.2s  Fast ⠏ 2s  Slow --  RUNNING  just now
  |
  |  c67191d  main  Lint 0.3s  Build 1.2s  Fast 1.8s  Slow 47s  PASSED  10m ago
  |
  |  1767828  main  Lint 0.3s  Build 1.2s  Fast 1.8s  Slow 51s  PASSED  2h ago
  |
  |  j/k move   c cancel   q quit
  |
  |
  |
  |
  |
  |
  |
  |
  |
  :.................aaaaaaaaa..aaaaaaaaaa..bbbbbbbbb..ccccccc..ddddddd..cccccccc
  :
  :.................aaaaaaaaa..aaaaaaaaaa..aaaaaaaaa..aaaaaaaa..eeeeee..ccccccc
  :
  :.................aaaaaaaaa..aaaaaaaaaa..aaaaaaaaa..aaaaaaaa..eeeeee..cccccc
  :
  :cccccccccccccccccccccccccccccc
  :
  :
  :
  :
  :
  :
  :
  :
  :
frame 0005 at 80x30
  header 78dc4295
  |> 8d552d0  main  Lint 0.3s  Build 1.2s  Fast ⠟ 2s  Slow --  RUNNING  just now
  |
  |  c67191d  main  Lint 0.3s  Build 1.2s  Fast 1.8s  Slow 47s  PASSED  10m ago
  |
  |  1767828  main  Lint 0.3s  Build 1.2s  Fast 1.8s  Slow 51s  PASSED  2h ago
  |
  |  j/k move   c cancel   q quit
  |
  |
  |
  |
  |
  |
  |
  |
  |
  :.................aaaaaaaaa..aaaaaaaaaa..bbbbbbbbb..ccccccc..ddddddd..cccccccc
  :
  :.................aaaaaaaaa..aaaaaaaaaa..aaaaaaaaa..aaaaaaaa..eeeeee..ccccccc
  :
  :.................aaaaaaaaa..aaaaaaaaaa..aaaaaaaaa..aaaaaaaa..eeeeee..cccccc
  :
  :cccccccccccccccccccccccccccccc
  :
  :
  :
  :
  :
  :
  :
  :
  :
frame 0006 at 80x30
  header 24ec4eca
  |> 8d552d0  main  Lint 0.3s  Build 1.2s  Fast ⠿ 2s  Slow --  RUNNING  just now
  |
  |  c67191d  main  Lint 0.3s  Build 1.2s  Fast 1.8s  Slow 47s  PASSED  10m ago
  |
  |  1767828  main  Lint 0.3s  Build 1.2s  Fast 1.8s  Slow 51s  PASSED  2h ago
  |
  |  j/k move   c cancel   q quit
  |
  |
  |
  |
  |
  |
  |
  |
  |
  :.................aaaaaaaaa..aaaaaaaaaa..bbbbbbbbb..ccccccc..ddddddd..cccccccc
  :
  :.................aaaaaaaaa..aaaaaaaaaa..aaaaaaaaa..aaaaaaaa..eeeeee..ccccccc
  :
  :.................aaaaaaaaa..aaaaaaaaaa..aaaaaaaaa..aaaaaaaa..eeeeee..cccccc
  :
  :cccccccccccccccccccccccccccccc
  :
  :
  :
  :
  :
  :
  :
  :
  :
frame 0007 at 80x30
  header d1db05a8
  |> 8d552d0  main  Lint 0.3s  Build 1.2s  Fast ⡿ 2s  Slow --  RUNNING  just now
  |
  |  c67191d  main  Lint 0.3s  Build 1.2s  Fast 1.8s  Slow 47s  PASSED  10m ago
  |
  |  1767828  main  Lint 0.3s  Build 1.2s  Fast 1.8s  Slow 51s  PASSED  2h ago
  |
  |  j/k move   c cancel   q quit
  |
  |
  |
  |
  |
  |
  |
  |
  |
  :.................aaaaaaaaa..aaaaaaaaaa..bbbbbbbbb..ccccccc..ddddddd..cccccccc
  :
  :.................aaaaaaaaa..aaaaaaaaaa..aaaaaaaaa..aaaaaaaa..eeeeee..ccccccc
  :
  :.................aaaaaaaaa..aaaaaaaaaa..aaaaaaaaa..aaaaaaaa..eeeeee..cccccc
  :
  :cccccccccccccccccccccccccccccc
  :
  :
  :
  :
  :
  :
  :
  :
  :
frame 0008 at 80x30
  header 2d604919
  |> 8d552d0  main  Lint 0.3s  Build 1.2s  Fast ⠀ 2s  Slow --  RUNNING  just now
  |
  |  c67191d  main  Lint 0.3s  Build 1.2s  Fast 1.8s  Slow 47s  PASSED  10m ago
  |
  |  1767828  main  Lint 0.3s  Build 1.2s  Fast 1.8s  Slow 51s  PASSED  2h ago
  |
  |  j/k move   c cancel   q quit
  |
  |
  |
  |
  |
  |
  |
  |
  |
  :.................aaaaaaaaa..aaaaaaaaaa..bbbbbbbbb..ccccccc..ddddddd..cccccccc
  :
  :.................aaaaaaaaa..aaaaaaaaaa..aaaaaaaaa..aaaaaaaa..eeeeee..ccccccc
  :
  :.................aaaaaaaaa..aaaaaaaaaa..aaaaaaaaa..aaaaaaaa..eeeeee..cccccc
  :
  :cccccccccccccccccccccccccccccc
  :
  :
  :
  :
  :
  :
  :
  :
  :
frame 0009 at 80x30
  header df4514df
  |> 8d552d0  main  Lint 0.3s  Build 1.2s  Fast ⠁ 2s  Slow --  RUNNING  just now
  |
  |  c67191d  main  Lint 0.3s  Build 1.2s  Fast 1.8s  Slow 47s  PASSED  10m ago
  |
  |  1767828  main  Lint 0.3s  Build 1.2s  Fast 1.8s  Slow 51s  PASSED  2h ago
  |
  |  j/k move   c cancel   q quit
  |
  |
  |
  |
  |
  |
  |
  |
  |
  :.................aaaaaaaaa..aaaaaaaaaa..bbbbbbbbb..ccccccc..ddddddd..cccccccc
  :
  :.................aaaaaaaaa..aaaaaaaaaa..aaaaaaaaa..aaaaaaaa..eeeeee..ccccccc
  :
  :.................aaaaaaaaa..aaaaaaaaaa..aaaaaaaaa..aaaaaaaa..eeeeee..cccccc
  :
  :cccccccccccccccccccccccccccccc
  :
  :
  :
  :
  :
  :
  :
  :
  :
frame 0010 at 80x30
  header 339fc508
  |> 8d552d0  main  Lint 0.3s  Build 1.2s  Fast ⠃ 3s  Slow --  RUNNING  just now
  |
  |  c67191d  main  Lint 0.3s  Build 1.2s  Fast 1.8s  Slow 47s  PASSED  10m ago
  |
  |  1767828  main  Lint 0.3s  Build 1.2s  Fast 1.8s  Slow 51s  PASSED  2h ago
  |
  |  j/k move   c cancel   q quit
  |
  |
  |
  |
  |
  |
  |
  |
  |
  :.................aaaaaaaaa..aaaaaaaaaa..bbbbbbbbb..ccccccc..ddddddd..cccccccc
  :
  :.................aaaaaaaaa..aaaaaaaaaa..aaaaaaaaa..aaaaaaaa..eeeeee..ccccccc
  :
  :.................aaaaaaaaa..aaaaaaaaaa..aaaaaaaaa..aaaaaaaa..eeeeee..cccccc
  :
  :cccccccccccccccccccccccccccccc
  :
  :
  :
  :
  :
  :
  :
  :
  :
frame 0011 at 80x30
  header d7c18cd6
  |> 8d552d0  main  Lint 0.3s  Build 1.2s  * Fast FAIL 3s *ow --  FAILED  just now
  |
  |  c67191d  main  Lint 0.3s  Build 1.2s  Fast 1.8s  Slow 47s  PASSED  10m ago
  |
  |  1767828  main  Lint 0.3s  Build 1.2s  Fast 1.8s  Slow 51s  PASSED  2h ago
  |
  |  j/k move   c cancel   q quit
  |
  |
  |
  |
  |
  |
  |
  |
  |
  :.................aaaaaaaaa..aaaaaaaaaa..f.ffffffffffff.fccccc..ffffff..cccccccc
  :
  :.................aaaaaaaaa..aaaaaaaaaa..aaaaaaaaa..aaaaaaaa..eeeeee..ccccccc
  :
  :.................aaaaaaaaa..aaaaaaaaaa..aaaaaaaaa..aaaaaaaa..eeeeee..cccccc
  :
  :cccccccccccccccccccccccccccccc
  :
  :
  :
  :
  :
  :
  :
  :
  :
frame 0012 at 80x30
  header 6c0fbe65
  |> 8d552d0  main  Lint 0.3s  Build 1.2s  *. Fast FAIL 3s .* --  FAILED  just now
  |
  |  c67191d  main  Lint 0.3s  Build 1.2s  Fast 1.8s  Slow 47s  PASSED  10m ago
  |
  |  1767828  main  Lint 0.3s  Build 1.2s  Fast 1.8s  Slow 51s  PASSED  2h ago
  |
  |  j/k move   c cancel   q quit
  |
  |
  |
  |
  |
  |
  |
  |
  |
  :.................aaaaaaaaa..aaaaaaaaaa..ff.ffffffffffff.ffccc..ffffff..cccccccc
  :
  :.................aaaaaaaaa..aaaaaaaaaa..aaaaaaaaa..aaaaaaaa..eeeeee..ccccccc
  :
  :.................aaaaaaaaa..aaaaaaaaaa..aaaaaaaaa..aaaaaaaa..eeeeee..cccccc
  :
  :cccccccccccccccccccccccccccccc
  :
  :
  :
  :
  :
  :
  :
  :
  :
frame 0013 at 80x30
  header af79705f
  |> 8d552d0  main  Lint 0.3s  Build 1.2s  .*+. Fast FAIL 3s .+*. FAILED  just now
  |
  |  c67191d  main  Lint 0.3s  Build 1.2s  Fast 1.8s  Slow 47s  PASSED  10m ago
  |
  |  1767828  main  Lint 0.3s  Build 1.2s  Fast 1.8s  Slow 51s  PASSED  2h ago
  |
  |  j/k move   c cancel   q quit
  |
  |
  |
  |
  |
  |
  |
  |
  |
  :.................aaaaaaaaa..aaaaaaaaaa..gggg.ffffffffffff.gggg.ffffff..cccccccc
  :
  :.................aaaaaaaaa..aaaaaaaaaa..aaaaaaaaa..aaaaaaaa..eeeeee..ccccccc
  :
  :.................aaaaaaaaa..aaaaaaaaaa..aaaaaaaaa..aaaaaaaa..eeeeee..cccccc
  :
  :cccccccccccccccccccccccccccccc
  :
  :
  :
  :
  :
  :
  :
  :
  :
frame 0014 at 80x30
  header 6dd05436
  |> 8d552d0  main  Lint 0.3s  Build 1.2s  '+.* Fast FAIL 3s *.+' FAILED  just now
  |
  |  c67191d  main  Lint 0.3s  Build 1.2s  Fast 1.8s  Slow 47s  PASSED  10m ago
  |
  |  1767828  main  Lint 0.3s  Build 1.2s  Fast 1.8s  Slow 51s  PASSED  2h ago
  |
  |  j/k move   c cancel   q quit
  |
  |
  |
  |
  |
  |
  |
  |
  |
  :.................aaaaaaaaa..aaaaaaaaaa..gggg.ffffffffffff.gggg.ffffff..cccccccc
  :
  :.................aaaaaaaaa..aaaaaaaaaa..aaaaaaaaa..aaaaaaaa..eeeeee..ccccccc
  :
  :.................aaaaaaaaa..aaaaaaaaaa..aaaaaaaaa..aaaaaaaa..eeeeee..cccccc
  :
  :cccccccccccccccccccccccccccccc
  :
  :
  :
  :
  :
  :
  :
  :
  :
frame 0015 at 80x30
  header 57a3a42f
  |> 8d552d0  main  Lint 0.3s  Build 1.2s  . ' Fast FAIL 3s ' .-  FAILED  just now
  |
  |  c67191d  main  Lint 0.3s  Build 1.2s  Fast 1.8s  Slow 47s  PASSED  10m ago
  |
  |  1767828  main  Lint 0.3s  Build 1.2s  Fast 1.8s  Slow 51s  PASSED  2h ago
  |
  |  j/k move   c cancel   q quit
  |
  |
  |
  |
  |
  |
  |
  |
  |
  :.................aaaaaaaaa..aaaaaaaaaa..hhh.ffffffffffff.hhhc..ffffff..cccccccc
  :
  :.................aaaaaaaaa..aaaaaaaaaa..aaaaaaaaa..aaaaaaaa..eeeeee..ccccccc
  :
  :.................aaaaaaaaa..aaaaaaaaaa..aaaaaaaaa..aaaaaaaa..eeeeee..cccccc
  :
  :cccccccccccccccccccccccccccccc
  :
  :
  :
  :
  :
  :
  :
  :
  :
frame 0016 at 80x30
  header 8136edd9
  |> 8d552d0  main  Lint 0.3s  Build 1.2s  . Fast FAIL 3s .ow --  FAILED  just now
  |
  |  c67191d  main  Lint 0.3s  Build 1.2s  Fast 1.8s  Slow 47s  PASSED  10m ago
  |
  |  1767828  main  Lint 0.3s  Build 1.2s  Fast 1.8s  Slow 51s  PASSED  2h ago
  |
  |  j/k move   c cancel   q quit
  |
  |
  |
  |
  |
  |
  |
  |
  |
  :.................aaaaaaaaa..aaaaaaaaaa..h.ffffffffffff.hccccc..ffffff..cccccccc
  :
  :.................aaaaaaaaa..aaaaaaaaaa..aaaaaaaaa..aaaaaaaa..eeeeee..ccccccc
  :
  :.................aaaaaaaaa..aaaaaaaaaa..aaaaaaaaa..aaaaaaaa..eeeeee..cccccc
  :
  :cccccccccccccccccccccccccccccc
  :
  :
  :
  :
  :
  :
  :
  :
  :
frame 0017 at 80x30
  header 47ad910c
  |> 8d552d0  main  Lint 0.3s  Build 1.2s  Fast FAIL 3s  Slow --  FAILED  just now
  |
  |  c67191d  main  Lint 0.3s  Build 1.2s  Fast 1.8s  Slow 47s  PASSED  10m ago
  |
  |  1767828  main  Lint 0.3s  Build 1.2s  Fast 1.8s  Slow 51s  PASSED  2h ago
  |
  |  j/k move   c cancel   q quit
  |
  |
  |
  |
  |
  |
  |
  |
  |
  :.................aaaaaaaaa..aaaaaaaaaa................ccccccc..ffffff..cccccccc
  :
  :.................aaaaaaaaa..aaaaaaaaaa..aaaaaaaaa..aaaaaaaa..eeeeee..ccccccc
  :
  :.................aaaaaaaaa..aaaaaaaaaa..aaaaaaaaa..aaaaaaaa..eeeeee..cccccc
  :
  :cccccccccccccccccccccccccccccc
  :
  :
  :
  :
  :
  :
  :
  :
  :
frame 0018 at 80x30
  header d75edd3a
  |> 8d552d0  main  Lint 0.3s  Build 1.2s  Fast FAIL 3s  Slow --  FAILED  just now
  |
  |  c67191d  main  Lint 0.3s  Build 1.2s  Fast 1.8s  Slow 47s  PASSED  10m ago
  |
  |  1767828  main  Lint 0.3s  Build 1.2s  Fast 1.8s  Slow 51s  PASSED  2h ago
  |
  |  j/k move   c cancel   q quit
  |
  |
  |
  |
  |
  |
  |
  |
  |
  :.................aaaaaaaaa..aaaaaaaaaa..ffffffffffff..ccccccc..ffffff..cccccccc
  :
  :.................aaaaaaaaa..aaaaaaaaaa..aaaaaaaaa..aaaaaaaa..eeeeee..ccccccc
  :
  :.................aaaaaaaaa..aaaaaaaaaa..aaaaaaaaa..aaaaaaaa..eeeeee..cccccc
  :
  :cccccccccccccccccccccccccccccc
  :
  :
  :
  :
  :
  :
  :
  :
  :
frame 0019 at 80x30
  header fa8a1f3c
  |> 8d552d0  main  Lint 0.3s  Build 1.2s  Fast FAIL 3s  Slow --  FAILED  just now
  |
  |  c67191d  main  Lint 0.3s  Build 1.2s  Fast 1.8s  Slow 47s  PASSED  10m ago
  |
  |  1767828  main  Lint 0.3s  Build 1.2s  Fast 1.8s  Slow 51s  PASSED  2h ago
  |
  |                              >>> FAST FAILED <<<
  |
  |
  |
  |
  |
  |
  |
  |
  |
  :.................aaaaaaaaa..aaaaaaaaaa..ffffffffffff..ccccccc..ffffff..cccccccc
  :
  :.................aaaaaaaaa..aaaaaaaaaa..aaaaaaaaa..aaaaaaaa..eeeeee..ccccccc
  :
  :.................aaaaaaaaa..aaaaaaaaaa..aaaaaaaaa..aaaaaaaa..eeeeee..cccccc
  :
  :..............................fffffffffffffffffff
  :
  :
  :
  :
  :
  :
  :
  :
  :
frame 0020 at 80x30
  header 7e835637
  |> 8d552d0  main  Lint 0.3s  Build 1.2s  Fast FAIL 3s  Slow --  FAILED  just now
  |
  |  c67191d  main  Lint 0.3s  Build 1.2s  Fast 1.8s  Slow 47s  PASSED  10m ago
  |
  |  1767828  main  Lint 0.3s  Build 1.2s  Fast 1.8s  Slow 51s  PASSED  2h ago
  |
  |                              >>> FAST FAILED <<<
  |
  |
  |
  |
  |
  |
  |
  |
  |
  :.................aaaaaaaaa..aaaaaaaaaa..ffffffffffff..ccccccc..ffffff..cccccccc
  :
  :.................aaaaaaaaa..aaaaaaaaaa..aaaaaaaaa..aaaaaaaa..eeeeee..ccccccc
  :
  :.................aaaaaaaaa..aaaaaaaaaa..aaaaaaaaa..aaaaaaaa..eeeeee..cccccc
  :
  :..............................fffffffffffffffffff
  :
  :
  :
  :
  :
  :
  :
  :
  :
frame 0021 at 120x40
  header 8c68e974
  |> 8d552d0  main  Lint 0.3s  Build 1.2s  Fast FAIL 3s  Slow --  FAILED  just now
  |
  |  c67191d  main  Lint 0.3s  Build 1.2s  Fast 1.8s  Slow 47s  PASSED  10m ago
  |
  |  1767828  main  Lint 0.3s  Build 1.2s  Fast 1.8s  Slow 51s  PASSED  2h ago
  |
  |                                                  >>> FAST FAILED <<<
  |
  |
  |
  |
  |
  |
  |
  |
  |
  |
  |
  |
  |
  |
  |
  |
  |
  |
  |
  :.................aaaaaaaaa..aaaaaaaaaa..ffffffffffff..ccccccc..ffffff..cccccccc
  :
  :.................aaaaaaaaa..aaaaaaaaaa..aaaaaaaaa..aaaaaaaa..eeeeee..ccccccc
  :
  :.................aaaaaaaaa..aaaaaaaaaa..aaaaaaaaa..aaaaaaaa..eeeeee..cccccc
  :
  :..................................................fffffffffffffffffff
  :
  :
  :
  :
  :
  :
  :
  :
  :
  :
  :
  :
  :
  :
  :
  :
  :
  :
  :
frame 0022 at 120x40
  header 4b9d684e
  |> 8d552d0  main  Lint 0.3s  Build 1.2s  Fast FAIL 3s  Slow --  FAILED  just now
  |
  |  c67191d  main  Lint 0.3s  Build 1.2s  Fast 1.8s  Slow 47s  PASSED  10m ago
  |
  |  1767828  main  Lint 0.3s  Build 1.2s  Fast 1.8s  Slow 51s  PASSED  2h ago
  |
  |                                                  >>> FAST FAILED <<<
  |
  |
  |
  |
  |
  |
  |
  |
  |
  |
  |
  |
  |
  |
  |
  |
  |
  |
  |
  :.................aaaaaaaaa..aaaaaaaaaa..ffffffffffff..ccccccc..ffffff..cccccccc
  :
  :.................aaaaaaaaa..aaaaaaaaaa..aaaaaaaaa..aaaaaaaa..eeeeee..ccccccc
  :
  :.................aaaaaaaaa..aaaaaaaaaa..aaaaaaaaa..aaaaaaaa..eeeeee..cccccc
  :
  :..................................................fffffffffffffffffff
  :
  :
  :
  :
  :
  :
  :
  :
  :
  :
  :
  :
  :
  :
  :
  :
  :
  :
  :
frame 0023 at 120x40
  header 738efa74
  |> 8d552d0  main  Lint 0.3s  Build 1.2s  Fast FAIL 3s  Slow --  FAILED  just now
  |
  |  c67191d  main  Lint 0.3s  Build 1.2s  Fast 1.8s  Slow 47s  PASSED  10m ago
  |
  |  1767828  main  Lint 0.3s  Build 1.2s  Fast 1.8s  Slow 51s  PASSED  2h ago
  |
  |                                                  >>> FAST FAILED <<<
  |
  |
  |
  |
  |
  |
  |
  |
  |
  |
  |
  |
  |
  |
  |
  |
  |
  |
  |
  :.................aaaaaaaaa..aaaaaaaaaa..ffffffffffff..ccccccc..ffffff..cccccccc
  :
  :.................aaaaaaaaa..aaaaaaaaaa..aaaaaaaaa..aaaaaaaa..eeeeee..ccccccc
  :
  :.................aaaaaaaaa..aaaaaaaaaa..aaaaaaaaa..aaaaaaaa..eeeeee..cccccc
  :
  :..................................................fffffffffffffffffff
  :
  :
  :
  :
  :
  :
  :
  :
  :
  :
  :
  :
  :
  :
  :
  :
  :
  :
  :
frame 0024 at 120x40
  header 50f19c5b
  |> 8d552d0  main  Lint 0.3s  Build 1.2s  Fast FAIL 3s  Slow --  FAILED  just now
  |
  |  c67191d  main  Lint 0.3s  Build 1.2s  Fast 1.8s  Slow 47s  PASSED  10m ago
  |
  |  1767828  main  Lint 0.3s  Build 1.2s  Fast 1.8s  Slow 51s  PASSED  2h ago
  |
  |                                                  >>> FAST FAILED <<<
  |
  |
  |
  |
  |
  |
  |
  |
  |
  |
  |
  |
  |
  |
  |
  |
  |
  |
  |
  :.................aaaaaaaaa..aaaaaaaaaa..ffffffffffff..ccccccc..ffffff..cccccccc
  :
  :.................aaaaaaaaa..aaaaaaaaaa..aaaaaaaaa..aaaaaaaa..eeeeee..ccccccc
  :
  :.................aaaaaaaaa..aaaaaaaaaa..aaaaaaaaa..aaaaaaaa..eeeeee..cccccc
  :
  :..................................................fffffffffffffffffff
  :
  :
  :
  :
  :
  :
  :
  :
  :
  :
  :
  :
  :
  :
  :
  :
  :
  :
  :
frame 0025 at 120x40
  header 68dae91e
  |> 8d552d0  main  Lint 0.3s  Build 1.2s  Fast FAIL 3s  Slow --  FAILED  just now
  |
  |  c67191d  main  Lint 0.3s  Build 1.2s  Fast 1.8s  Slow 47s  PASSED  10m ago
  |
  |  1767828  main  Lint 0.3s  Build 1.2s  Fast 1.8s  Slow 51s  PASSED  2h ago
  |
  |                                                  >>> FAST FAILED <<<
  |
  |
  |
  |
  |
  |
  |
  |
  |
  |
  |
  |
  |
  |
  |
  |
  |
  |
  |
  :.................aaaaaaaaa..aaaaaaaaaa..ffffffffffff..ccccccc..ffffff..cccccccc
  :
  :.................aaaaaaaaa..aaaaaaaaaa..aaaaaaaaa..aaaaaaaa..eeeeee..ccccccc
  :
  :.................aaaaaaaaa..aaaaaaaaaa..aaaaaaaaa..aaaaaaaa..eeeeee..cccccc
  :
  :..................................................fffffffffffffffffff
  :
  :
  :
  :
  :
  :
  :
  :
  :
  :
  :
  :
  :
  :
  :
  :
  :
  :
  :
frame 0026 at 120x40
  header b3994bbc
  |> 8d552d0  main  Lint 0.3s  Build 1.2s  Fast FAIL 3s  Slow --  FAILED  just now
  |
  |  c67191d  main  Lint 0.3s  Build 1.2s  Fast 1.8s  Slow 47s  PASSED  10m ago
  |
  |  1767828  main  Lint 0.3s  Build 1.2s  Fast 1.8s  Slow 51s  PASSED  2h ago
  |
  |                                                  >>> FAST FAILED <<<
  |
  |
  |
  |
  |
  |
  |
  |
  |
  |
  |
  |
  |
  |
  |
  |
  |
  |
  |
  :.................aaaaaaaaa..aaaaaaaaaa..ffffffffffff..ccccccc..ffffff..cccccccc
  :
  :.................aaaaaaaaa..aaaaaaaaaa..aaaaaaaaa..aaaaaaaa..eeeeee..ccccccc
  :
  :.................aaaaaaaaa..aaaaaaaaaa..aaaaaaaaa..aaaaaaaa..eeeeee..cccccc
  :
  :..................................................fffffffffffffffffff
  :
  :
  :
  :
  :
  :
  :
  :
  :
  :
  :
  :
  :
  :
  :
  :
  :
  :
  :
frame 0027 at 120x40
  header f296fb1a
  |> 8d552d0  main  Lint 0.3s  Build 1.2s  Fast FAIL 3s  Slow --  FAILED  just now
  |
  |  c67191d  main  Lint 0.3s  Build 1.2s  Fast 1.8s  Slow 47s  PASSED  10m ago
  |
  |  1767828  main  Lint 0.3s  Build 1.2s  Fast 1.8s  Slow 51s  PASSED  2h ago
  |
  |                                                   >> fast failed <<
  |
  |
  |
  |
  |
  |
  |
  |
  |
  |
  |
  |
  |
  |
  |
  |
  |
  |
  |
  :.................aaaaaaaaa..aaaaaaaaaa..ffffffffffff..ccccccc..ffffff..cccccccc
  :
  :.................aaaaaaaaa..aaaaaaaaaa..aaaaaaaaa..aaaaaaaa..eeeeee..ccccccc
  :
  :.................aaaaaaaaa..aaaaaaaaaa..aaaaaaaaa..aaaaaaaa..eeeeee..cccccc
  :
  :...................................................iiiiiiiiiiiiiiiii
  :
  :
  :
  :
  :
  :
  :
  :
  :
  :
  :
  :
  :
  :
  :
  :
  :
  :
  :
frame 0028 at 120x40
  header 54b03916
  |> 8d552d0  main  Lint 0.3s  Build 1.2s  Fast FAIL 3s  Slow --  FAILED  just now
  |
  |  c67191d  main  Lint 0.3s  Build 1.2s  Fast 1.8s  Slow 47s  PASSED  10m ago
  |
  |  1767828  main  Lint 0.3s  Build 1.2s  Fast 1.8s  Slow 51s  PASSED  2h ago
  |
  |                                                   >> fast failed <<
  |
  |
  |
  |
  |
  |
  |
  |
  |
  |
  |
  |
  |
  |
  |
  |
  |
  |
  |
  :.................aaaaaaaaa..aaaaaaaaaa..ffffffffffff..ccccccc..ffffff..cccccccc
  :
  :.................aaaaaaaaa..aaaaaaaaaa..aaaaaaaaa..aaaaaaaa..eeeeee..ccccccc
  :
  :.................aaaaaaaaa..aaaaaaaaaa..aaaaaaaaa..aaaaaaaa..eeeeee..cccccc
  :
  :...................................................iiiiiiiiiiiiiiiii
  :
  :
  :
  :
  :
  :
  :
  :
  :
  :
  :
  :
  :
  :
  :
  :
  :
  :
  :
frame 0029 at 120x40
  header 7a8ab45e
  |> 8d552d0  main  Lint 0.3s  Build 1.2s  Fast FAIL 3s  Slow --  FAILED  just now
  |
  |  c67191d  main  Lint 0.3s  Build 1.2s  Fast 1.8s  Slow 47s  PASSED  10m ago
  |
  |  1767828  main  Lint 0.3s  Build 1.2s  Fast 1.8s  Slow 51s  PASSED  2h ago
  |
  |                                                   >> fast failed <<
  |
  |
  |
  |
  |
  |
  |
  |
  |
  |
  |
  |
  |
  |
  |
  |
  |
  |
  |
  :.................aaaaaaaaa..aaaaaaaaaa..ffffffffffff..ccccccc..ffffff..cccccccc
  :
  :.................aaaaaaaaa..aaaaaaaaaa..aaaaaaaaa..aaaaaaaa..eeeeee..ccccccc
  :
  :.................aaaaaaaaa..aaaaaaaaaa..aaaaaaaaa..aaaaaaaa..eeeeee..cccccc
  :
  :...................................................iiiiiiiiiiiiiiiii
  :
  :
  :
  :
  :
  :
  :
  :
  :
  :
  :
  :
  :
  :
  :
  :
  :
  :
  :
frame 0030 at 120x40
  header 5eb49289
  |> 8d552d0  main  Lint 0.3s  Build 1.2s  Fast FAIL 3s  Slow --  FAILED  just now
  |
  |  c67191d  main  Lint 0.3s  Build 1.2s  Fast 1.8s  Slow 47s  PASSED  10m ago
  |
  |  1767828  main  Lint 0.3s  Build 1.2s  Fast 1.8s  Slow 51s  PASSED  2h ago
  |
  |                                                   >> fast failed <<
  |
  |
  |
  |
  |
  |
  |
  |
  |
  |
  |
  |
  |
  |
  |
  |
  |
  |
  |
  :.................aaaaaaaaa..aaaaaaaaaa..ffffffffffff..ccccccc..ffffff..cccccccc
  :
  :.................aaaaaaaaa..aaaaaaaaaa..aaaaaaaaa..aaaaaaaa..eeeeee..ccccccc
  :
  :.................aaaaaaaaa..aaaaaaaaaa..aaaaaaaaa..aaaaaaaa..eeeeee..cccccc
  :
  :...................................................iiiiiiiiiiiiiiiii
  :
  :
  :
  :
  :
  :
  :
  :
  :
  :
  :
  :
  :
  :
  :
  :
  :
  :
  :
frame 0031 at 120x40
  header f2659b30
  |> 8d552d0  main  Lint 0.3s  Build 1.2s  Fast FAIL 3s  Slow --  FAILED  just now
  |
  |  c67191d  main  Lint 0.3s  Build 1.2s  Fast 1.8s  Slow 47s  PASSED  10m ago
  |
  |  1767828  main  Lint 0.3s  Build 1.2s  Fast 1.8s  Slow 51s  PASSED  2h ago
  |
  |                                                   >> fast failed <<
  |
  |
  |
  |
  |
  |
  |
  |
  |
  |
  |
  |
  |
  |
  |
  |
  |
  |
  |
  :.................aaaaaaaaa..aaaaaaaaaa..ffffffffffff..ccccccc..ffffff..cccccccc
  :
  :.................aaaaaaaaa..aaaaaaaaaa..aaaaaaaaa..aaaaaaaa..eeeeee..ccccccc
  :
  :.................aaaaaaaaa..aaaaaaaaaa..aaaaaaaaa..aaaaaaaa..eeeeee..cccccc
  :
  :...................................................iiiiiiiiiiiiiiiii
  :
  :
  :
  :
  :
  :
  :
  :
  :
  :
  :
  :
  :
  :
  :
  :
  :
  :
  :
frame 0032 at 120x40
  header 489de145
  |> 8d552d0  main  Lint 0.3s  Build 1.2s  Fast FAIL 3s  Slow --  FAILED  just now
  |
  |  c67191d  main  Lint 0.3s  Build 1.2s  Fast 1.8s  Slow 47s  PASSED  10m ago
  |
  |  1767828  main  Lint 0.3s  Build 1.2s  Fast 1.8s  Slow 51s  PASSED  2h ago
  |
  |                                                   >> fast failed <<
  |
  |
  |
  |
  |
  |
  |
  |
  |
  |
  |
  |
  |
  |
  |
  |
  |
  |
  |
  :.................aaaaaaaaa..aaaaaaaaaa..ffffffffffff..ccccccc..ffffff..cccccccc
  :
  :.................aaaaaaaaa..aaaaaaaaaa..aaaaaaaaa..aaaaaaaa..eeeeee..ccccccc
  :
  :.................aaaaaaaaa..aaaaaaaaaa..aaaaaaaaa..aaaaaaaa..eeeeee..cccccc
  :
  :...................................................iiiiiiiiiiiiiiiii
  :
  :
  :
  :
  :
  :
  :
  :
  :
  :
  :
  :
  :
  :
  :
  :
  :
  :
  :
frame 0033 at 120x40
  header 31509850
  |> 8d552d0  main  Lint 0.3s  Build 1.2s  Fast FAIL 3s  Slow --  FAILED  just now
  |
  |  c67191d  main  Lint 0.3s  Build 1.2s  Fast 1.8s  Slow 47s  PASSED  10m ago
  |
  |  1767828  main  Lint 0.3s  Build 1.2s  Fast 1.8s  Slow 51s  PASSED  2h ago
  |
  |                                                   >> fast failed <<
  |
  |
  |
  |
  |
  |
  |
  |
  |
  |
  |
  |
  |
  |
  |
  |
  |
  |
  |
  :.................aaaaaaaaa..aaaaaaaaaa..ffffffffffff..ccccccc..ffffff..cccccccc
  :
  :.................aaaaaaaaa..aaaaaaaaaa..aaaaaaaaa..aaaaaaaa..eeeeee..ccccccc
  :
  :.................aaaaaaaaa..aaaaaaaaaa..aaaaaaaaa..aaaaaaaa..eeeeee..cccccc
  :
  :...................................................iiiiiiiiiiiiiiiii
  :
  :
  :
  :
  :
  :
  :
  :
  :
  :
  :
  :
  :
  :
  :
  :
  :
  :
  :
frame 0034 at 120x40
  header e97029a9
  |> 8d552d0  main  Lint 0.3s  Build 1.2s  Fast FAIL 3s  Slow --  FAILED  just now
  |
  |  c67191d  main  Lint 0.3s  Build 1.2s  Fast 1.8s  Slow 47s  PASSED  10m ago
  |
  |  1767828  main  Lint 0.3s  Build 1.2s  Fast 1.8s  Slow 51s  PASSED  2h ago
  |
  |                                                   >> fast failed <<
  |
  |
  |
  |
  |
  |
  |
  |
  |
  |
  |
  |
  |
  |
  |
  |
  |
  |
  |
  :.................aaaaaaaaa..aaaaaaaaaa..ffffffffffff..ccccccc..ffffff..cccccccc
  :
  :.................aaaaaaaaa..aaaaaaaaaa..aaaaaaaaa..aaaaaaaa..eeeeee..ccccccc
  :
  :.................aaaaaaaaa..aaaaaaaaaa..aaaaaaaaa..aaaaaaaa..eeeeee..cccccc
  :
  :...................................................iiiiiiiiiiiiiiiii
  :
  :
  :
  :
  :
  :
  :
  :
  :
  :
  :
  :
  :
  :
  :
  :
  :
  :
  :
frame 0035 at 120x40
  header af6380c4
  |> 8d552d0  main  Lint 0.3s  Build 1.2s  Fast FAIL 3s  Slow --  FAILED  just now
  |
  |  c67191d  main  Lint 0.3s  Build 1.2s  Fast 1.8s  Slow 47s  PASSED  10m ago
  |
  |  1767828  main  Lint 0.3s  Build 1.2s  Fast 1.8s  Slow 51s  PASSED  2h ago
  |
  |                                                    > fast failed <
  |
  |
  |
  |
  |
  |
  |
  |
  |
  |
  |
  |
  |
  |
  |
  |
  |
  |
  |
  :.................aaaaaaaaa..aaaaaaaaaa..ffffffffffff..ccccccc..ffffff..cccccccc
  :
  :.................aaaaaaaaa..aaaaaaaaaa..aaaaaaaaa..aaaaaaaa..eeeeee..ccccccc
  :
  :.................aaaaaaaaa..aaaaaaaaaa..aaaaaaaaa..aaaaaaaa..eeeeee..cccccc
  :
  :....................................................jjjjjjjjjjjjjjj
  :
  :
  :
  :
  :
  :
  :
  :
  :
  :
  :
  :
  :
  :
  :
  :
  :
  :
  :
frame 0036 at 120x40
  header f1cc6dba
  |> 8d552d0  main  Lint 0.3s  Build 1.2s  Fast FAIL 3s  Slow --  FAILED  just now
  |
  |  c67191d  main  Lint 0.3s  Build 1.2s  Fast 1.8s  Slow 47s  PASSED  10m ago
  |
  |  1767828  main  Lint 0.3s  Build 1.2s  Fast 1.8s  Slow 51s  PASSED  2h ago
  |
  |                                                    > fast failed <
  |
  |
  |
  |
  |
  |
  |
  |
  |
  |
  |
  |
  |
  |
  |
  |
  |
  |
  |
  :.................aaaaaaaaa..aaaaaaaaaa..ffffffffffff..ccccccc..ffffff..cccccccc
  :
  :.................aaaaaaaaa..aaaaaaaaaa..aaaaaaaaa..aaaaaaaa..eeeeee..ccccccc
  :
  :.................aaaaaaaaa..aaaaaaaaaa..aaaaaaaaa..aaaaaaaa..eeeeee..cccccc
  :
  :....................................................jjjjjjjjjjjjjjj
  :
  :
  :
  :
  :
  :
  :
  :
  :
  :
  :
  :
  :
  :
  :
  :
  :
  :
  :
frame 0037 at 120x40
  header 94ccf453
  |> 8d552d0  main  Lint 0.3s  Build 1.2s  Fast FAIL 3s  Slow --  FAILED  just now
  |
  |  c67191d  main  Lint 0.3s  Build 1.2s  Fast 1.8s  Slow 47s  PASSED  10m ago
  |
  |  1767828  main  Lint 0.3s  Build 1.2s  Fast 1.8s  Slow 51s  PASSED  2h ago
  |
  |                                                    > fast failed <
  |
  |
  |
  |
  |
  |
  |
  |
  |
  |
  |
  |
  |
  |
  |
  |
  |
  |
  |
  :.................aaaaaaaaa..aaaaaaaaaa..ffffffffffff..ccccccc..ffffff..cccccccc
  :
  :.................aaaaaaaaa..aaaaaaaaaa..aaaaaaaaa..aaaaaaaa..eeeeee..ccccccc
  :
  :.................aaaaaaaaa..aaaaaaaaaa..aaaaaaaaa..aaaaaaaa..eeeeee..cccccc
  :
  :....................................................jjjjjjjjjjjjjjj
  :
  :
  :
  :
  :
  :
  :
  :
  :
  :
  :
  :
  :
  :
  :
  :
  :
  :
  :
frame 0038 at 120x40
  header 4096f3dc
  |> 8d552d0  main  Lint 0.3s  Build 1.2s  Fast FAIL 3s  Slow --  FAILED  just now
  |
  |  c67191d  main  Lint 0.3s  Build 1.2s  Fast 1.8s  Slow 47s  PASSED  10m ago
  |
  |  1767828  main  Lint 0.3s  Build 1.2s  Fast 1.8s  Slow 51s  PASSED  2h ago
  |
  |                                                    > fast failed <
  |
  |
  |
  |
  |
  |
  |
  |
  |
  |
  |
  |
  |
  |
  |
  |
  |
  |
  |
  :.................aaaaaaaaa..aaaaaaaaaa..ffffffffffff..ccccccc..ffffff..cccccccc
  :
  :.................aaaaaaaaa..aaaaaaaaaa..aaaaaaaaa..aaaaaaaa..eeeeee..ccccccc
  :
  :.................aaaaaaaaa..aaaaaaaaaa..aaaaaaaaa..aaaaaaaa..eeeeee..cccccc
  :
  :....................................................jjjjjjjjjjjjjjj
  :
  :
  :
  :
  :
  :
  :
  :
  :
  :
  :
  :
  :
  :
  :
  :
  :
  :
  :
frame 0039 at 120x40
  header 9c78f812
  |> 8d552d0  main  Lint 0.3s  Build 1.2s  Fast FAIL 3s  Slow --  FAILED  just now
  |
  |  c67191d  main  Lint 0.3s  Build 1.2s  Fast 1.8s  Slow 47s  PASSED  10m ago
  |
  |  1767828  main  Lint 0.3s  Build 1.2s  Fast 1.8s  Slow 51s  PASSED  2h ago
  |
  |                                                    > fast failed <
  |
  |
  |
  |
  |
  |
  |
  |
  |
  |
  |
  |
  |
  |
  |
  |
  |
  |
  |
  :.................aaaaaaaaa..aaaaaaaaaa..ffffffffffff..ccccccc..ffffff..cccccccc
  :
  :.................aaaaaaaaa..aaaaaaaaaa..aaaaaaaaa..aaaaaaaa..eeeeee..ccccccc
  :
  :.................aaaaaaaaa..aaaaaaaaaa..aaaaaaaaa..aaaaaaaa..eeeeee..cccccc
  :
  :....................................................jjjjjjjjjjjjjjj
  :
  :
  :
  :
  :
  :
  :
  :
  :
  :
  :
  :
  :
  :
  :
  :
  :
  :
  :
frame 0040 at 120x40
  header a87e9d0c
  |> 8d552d0  main  Lint 0.3s  Build 1.2s  Fast FAIL 3s  Slow --  FAILED  just now
  |
  |  c67191d  main  Lint 0.3s  Build 1.2s  Fast 1.8s  Slow 47s  PASSED  10m ago
  |
  |  1767828  main  Lint 0.3s  Build 1.2s  Fast 1.8s  Slow 51s  PASSED  2h ago
  |
  |                                                    > fast failed <
  |
  |
  |
  |
  |
  |
  |
  |
  |
  |
  |
  |
  |
  |
  |
  |
  |
  |
  |
  :.................aaaaaaaaa..aaaaaaaaaa..ffffffffffff..ccccccc..ffffff..cccccccc
  :
  :.................aaaaaaaaa..aaaaaaaaaa..aaaaaaaaa..aaaaaaaa..eeeeee..ccccccc
  :
  :.................aaaaaaaaa..aaaaaaaaaa..aaaaaaaaa..aaaaaaaa..eeeeee..cccccc
  :
  :....................................................jjjjjjjjjjjjjjj
  :
  :
  :
  :
  :
  :
  :
  :
  :
  :
  :
  :
  :
  :
  :
  :
  :
  :
  :
frame 0041 at 120x40
  header 59d937ef
  |> 8d552d0  main  Lint 0.3s  Build 1.2s  Fast FAIL 3s  Slow --  FAILED  just now
  |
  |  c67191d  main  Lint 0.3s  Build 1.2s  Fast 1.8s  Slow 47s  PASSED  10m ago
  |
  |  1767828  main  Lint 0.3s  Build 1.2s  Fast 1.8s  Slow 51s  PASSED  2h ago
  |
  |                                                    > fast failed <
  |
  |
  |
  |
  |
  |
  |
  |
  |
  |
  |
  |
  |
  |
  |
  |
  |
  |
  |
  :.................aaaaaaaaa..aaaaaaaaaa..ffffffffffff..ccccccc..ffffff..cccccccc
  :
  :.................aaaaaaaaa..aaaaaaaaaa..aaaaaaaaa..aaaaaaaa..eeeeee..ccccccc
  :
  :.................aaaaaaaaa..aaaaaaaaaa..aaaaaaaaa..aaaaaaaa..eeeeee..cccccc
  :
  :....................................................jjjjjjjjjjjjjjj
  :
  :
  :
  :
  :
  :
  :
  :
  :
  :
  :
  :
  :
  :
  :
  :
  :
  :
  :
frame 0042 at 120x40
  header a87aa022
  |> 8d552d0  main  Lint 0.3s  Build 1.2s  Fast FAIL 3s  Slow --  FAILED  just now
  |
  |  c67191d  main  Lint 0.3s  Build 1.2s  Fast 1.8s  Slow 47s  PASSED  10m ago
  |
  |  1767828  main  Lint 0.3s  Build 1.2s  Fast 1.8s  Slow 51s  PASSED  2h ago
  |
  |                                                    > fast failed <
  |
  |
  |
  |
  |
  |
  |
  |
  |
  |
  |
  |
  |
  |
  |
  |
  |
  |
  |
  :.................aaaaaaaaa..aaaaaaaaaa..ffffffffffff..ccccccc..ffffff..cccccccc
  :
  :.................aaaaaaaaa..aaaaaaaaaa..aaaaaaaaa..aaaaaaaa..eeeeee..ccccccc
  :
  :.................aaaaaaaaa..aaaaaaaaaa..aaaaaaaaa..aaaaaaaa..eeeeee..cccccc
  :
  :....................................................jjjjjjjjjjjjjjj
  :
  :
  :
  :
  :
  :
  :
  :
  :
  :
  :
  :
  :
  :
  :
  :
  :
  :
  :
frame 0043 at 120x40
  header 83aaa07c
  |> 8d552d0  main  Lint 0.3s  Build 1.2s  Fast FAIL 3s  Slow --  FAILED  just now
  |
  |  c67191d  main  Lint 0.3s  Build 1.2s  Fast 1.8s  Slow 47s  PASSED  10m ago
  |
  |  1767828  main  Lint 0.3s  Build 1.2s  Fast 1.8s  Slow 51s  PASSED  2h ago
  |
  |  j/k move   c cancel   q quit
  |
  |
  |
  |
  |
  |
  |
  |
  |
  |
  |
  |
  |
  |
  |
  |
  |
  |
  |
  :.................aaaaaaaaa..aaaaaaaaaa..ffffffffffff..ccccccc..ffffff..cccccccc
  :
  :.................aaaaaaaaa..aaaaaaaaaa..aaaaaaaaa..aaaaaaaa..eeeeee..ccccccc
  :
  :.................aaaaaaaaa..aaaaaaaaaa..aaaaaaaaa..aaaaaaaa..eeeeee..cccccc
  :
  :cccccccccccccccccccccccccccccc
  :
  :
  :
  :
  :
  :
  :
  :
  :
  :
  :
  :
  :
  :
  :
  :
  :
  :
  :
frame 0044 at 120x40
  header 7e02528a
  |> 8d552d0  main  Lint 0.3s  Build 1.2s  Fast FAIL 3s  Slow --  FAILED  just now
  |
  |  c67191d  main  Lint 0.3s  Build 1.2s  Fast 1.8s  Slow 47s  PASSED  10m ago
  |
  |  1767828  main  Lint 0.3s  Build 1.2s  Fast 1.8s  Slow 51s  PASSED  2h ago
  |
  |  j/k move   c cancel   q quit
  |
  |
  |
  |
  |
  |
  |
  |
  |
  |
  |
  |
  |
  |
  |
  |
  |
  |
  |
  :.................aaaaaaaaa..aaaaaaaaaa..ffffffffffff..ccccccc..ffffff..cccccccc
  :
  :.................aaaaaaaaa..aaaaaaaaaa..aaaaaaaaa..aaaaaaaa..eeeeee..ccccccc
  :
  :.................aaaaaaaaa..aaaaaaaaaa..aaaaaaaaa..aaaaaaaa..eeeeee..cccccc
  :
  :cccccccccccccccccccccccccccccc
  :
  :
  :
  :
  :
  :
  :
  :
  :
  :
  :
  :
  :
  :
  :
  :
  :
  :
  :
frame 0045 at 120x40
  header 30cfeeed
  |> 8d552d0  main  Lint 0.3s  Build 1.2s  Fast FAIL 3s  Slow --  FAILED  just now
  |
  |  c67191d  main  Lint 0.3s  Build 1.2s  Fast 1.8s  Slow 47s  PASSED  10m ago
  |
  |  1767828  main  Lint 0.3s  Build 1.2s  Fast 1.8s  Slow 51s  PASSED  2h ago
  |
  |  j/k move   c cancel   q quit
  |
  |
  |
  |
  |
  |
  |
  |
  |
  |
  |
  |
  |
  |
  |
  |
  |
  |
  |
  :.................aaaaaaaaa..aaaaaaaaaa..ffffffffffff..ccccccc..ffffff..cccccccc
  :
  :.................aaaaaaaaa..aaaaaaaaaa..aaaaaaaaa..aaaaaaaa..eeeeee..ccccccc
  :
  :.................aaaaaaaaa..aaaaaaaaaa..aaaaaaaaa..aaaaaaaa..eeeeee..cccccc
  :
  :cccccccccccccccccccccccccccccc
  :
  :
  :
  :
  :
  :
  :
  :
  :
  :
  :
  :
  :
  :
  :
  :
  :
  :
  :
frame 0046 at 120x40
  header 83100601
  |> 8d552d0  main  Lint 0.3s  Build 1.2s  Fast FAIL 3s  Slow --  FAILED  just now
  |
  |  c67191d  main  Lint 0.3s  Build 1.2s  Fast 1.8s  Slow 47s  PASSED  10m ago
  |
  |  1767828  main  Lint 0.3s  Build 1.2s  Fast 1.8s  Slow 51s  PASSED  2h ago
  |
  |  j/k move   c cancel   q quit
  |
  |
  |
  |
  |
  |
  |
  |
  |
  |
  |
  |
  |
  |
  |
  |
  |
  |
  |
  :.................aaaaaaaaa..aaaaaaaaaa..ffffffffffff..ccccccc..ffffff..cccccccc
  :
  :.................aaaaaaaaa..aaaaaaaaaa..aaaaaaaaa..aaaaaaaa..eeeeee..ccccccc
  :
  :.................aaaaaaaaa..aaaaaaaaaa..aaaaaaaaa..aaaaaaaa..eeeeee..cccccc
  :
  :cccccccccccccccccccccccccccccc
  :
  :
  :
  :
  :
  :
  :
  :
  :
  :
  :
  :
  :
  :
  :
  :
  :
  :
  :
frame 0047 at 120x40
  header 30cfeeed
  |> 8d552d0  main  Lint 0.3s  Build 1.2s  Fast FAIL 3s  Slow --  FAILED  just now
  |
  |  c67191d  main  Lint 0.3s  Build 1.2s  Fast 1.8s  Slow 47s  PASSED  10m ago
  |
  |  1767828  main  Lint 0.3s  Build 1.2s  Fast 1.8s  Slow 51s  PASSED  2h ago
  |
  |  j/k move   c cancel   q quit
  |
  |
  |
  |
  |
  |
  |
  |
  |
  |
  |
  |
  |
  |
  |
  |
  |
  |
  |
  :.................aaaaaaaaa..aaaaaaaaaa..ffffffffffff..ccccccc..ffffff..cccccccc
  :
  :.................aaaaaaaaa..aaaaaaaaaa..aaaaaaaaa..aaaaaaaa..eeeeee..ccccccc
  :
  :.................aaaaaaaaa..aaaaaaaaaa..aaaaaaaaa..aaaaaaaa..eeeeee..cccccc
  :
  :cccccccccccccccccccccccccccccc
  :
  :
  :
  :
  :
  :
  :
  :
  :
  :
  :
  :
  :
  :
  :
  :
  :
  :
  :
frame 0048 at 120x40
  header 7e02528a
  |> 8d552d0  main  Lint 0.3s  Build 1.2s  Fast FAIL 3s  Slow --  FAILED  just now
  |
  |  c67191d  main  Lint 0.3s  Build 1.2s  Fast 1.8s  Slow 47s  PASSED  10m ago
  |
  |  1767828  main  Lint 0.3s  Build 1.2s  Fast 1.8s  Slow 51s  PASSED  2h ago
  |
  |  j/k move   c cancel   q quit
  |
  |
  |
  |
  |
  |
  |
  |
  |
  |
  |
  |
  |
  |
  |
  |
  |
  |
  |
  :.................aaaaaaaaa..aaaaaaaaaa..ffffffffffff..ccccccc..ffffff..cccccccc
  :
  :.................aaaaaaaaa..aaaaaaaaaa..aaaaaaaaa..aaaaaaaa..eeeeee..ccccccc
  :
  :.................aaaaaaaaa..aaaaaaaaaa..aaaaaaaaa..aaaaaaaa..eeeeee..cccccc
  :
  :cccccccccccccccccccccccccccccc
  :
  :
  :
  :
  :
  :
  :
  :
  :
  :
  :
  :
  :
  :
  :
  :
  :
  :
  :
frame 0049 at 120x40
  header 83aaa07c
  |> 8d552d0  main  Lint 0.3s  Build 1.2s  Fast FAIL 3s  Slow --  FAILED  just now
  |
  |  c67191d  main  Lint 0.3s  Build 1.2s  Fast 1.8s  Slow 47s  PASSED  10m ago
  |
  |  1767828  main  Lint 0.3s  Build 1.2s  Fast 1.8s  Slow 51s  PASSED  2h ago
  |
  |  j/k move   c cancel   q quit
  |
  |
  |
  |
  |
  |
  |
  |
  |
  |
  |
  |
  |
  |
  |
  |
  |
  |
  |
  :.................aaaaaaaaa..aaaaaaaaaa..ffffffffffff..ccccccc..ffffff..cccccccc
  :
  :.................aaaaaaaaa..aaaaaaaaaa..aaaaaaaaa..aaaaaaaa..eeeeee..ccccccc
  :
  :.................aaaaaaaaa..aaaaaaaaaa..aaaaaaaaa..aaaaaaaa..eeeeee..cccccc
  :
  :cccccccccccccccccccccccccccccc
  :
  :
  :
  :
  :
  :
  :
  :
  :
  :
  :
  :
  :
  :
  :
  :
  :
  :
  :
frame 0050 at 120x40
  header 05eb6f9d
  |> 8d552d0  main  Lint 0.3s  Build 1.2s  Fast FAIL 3s  Slow --  FAILED  just now
  |
  |  c67191d  main  Lint 0.3s  Build 1.2s  Fast 1.8s  Slow 47s  PASSED  10m ago
  |
  |  1767828  main  Lint 0.3s  Build 1.2s  Fast 1.8s  Slow 51s  PASSED  2h ago
  |
  |  j/k move   c cancel   q quit
  |
  |
  |
  |
  |
  |
  |
  |
  |
  |
  |
  |
  |
  |
  |
  |
  |
  |
  |
  :.................aaaaaaaaa..aaaaaaaaaa..ffffffffffff..ccccccc..ffffff..cccccccc
  :
  :.................aaaaaaaaa..aaaaaaaaaa..aaaaaaaaa..aaaaaaaa..eeeeee..ccccccc
  :
  :.................aaaaaaaaa..aaaaaaaaaa..aaaaaaaaa..aaaaaaaa..eeeeee..cccccc
  :
  :cccccccccccccccccccccccccccccc
  :
  :
  :
  :
  :
  :
  :
  :
  :
  :
  :
  :
  :
  :
  :
  :
  :
  :
  :
frame 0051 at 120x40
  header 037b9997
  |> 8d552d0  main  Lint 0.3s  Build 1.2s  Fast FAIL 3s  Slow --  FAILED  just now
  |
  |  c67191d  main  Lint 0.3s  Build 1.2s  Fast 1.8s  Slow 47s  PASSED  10m ago
  |
  |  1767828  main  Lint 0.3s  Build 1.2s  Fast 1.8s  Slow 51s  PASSED  2h ago
  |
  |  j/k move   c cancel   q quit
  |
  |
  |
  |
  |
  |
  |
  |
  |
  |
  |
  |
  |
  |
  |
  |
  |
  |
  |
  :.................aaaaaaaaa..aaaaaaaaaa..ffffffffffff..ccccccc..ffffff..cccccccc
  :
  :.................aaaaaaaaa..aaaaaaaaaa..aaaaaaaaa..aaaaaaaa..eeeeee..ccccccc
  :
  :.................aaaaaaaaa..aaaaaaaaaa..aaaaaaaaa..aaaaaaaa..eeeeee..cccccc
  :
  :cccccccccccccccccccccccccccccc
  :
  :
  :
  :
  :
  :
  :
  :
  :
  :
  :
  :
  :
  :
  :
  :
  :
  :
  :
frame 0052 at 120x40
  header 785f8aaf
  |> 8d552d0  main  Lint 0.3s  Build 1.2s  Fast FAIL 3s  Slow --  FAILED  just now
  |
  |  c67191d  main  Lint 0.3s  Build 1.2s  Fast 1.8s  Slow 47s  PASSED  10m ago
  |
  |  1767828  main  Lint 0.3s  Build 1.2s  Fast 1.8s  Slow 51s  PASSED  2h ago
  |
  |  j/k move   c cancel   q quit
  |
  |
  |
  |
  |
  |
  |
  |
  |
  |
  |
  |
  |
  |
  |
  |
  |
  |
  |
  :.................aaaaaaaaa..aaaaaaaaaa..ffffffffffff..ccccccc..ffffff..cccccccc
  :
  :.................aaaaaaaaa..aaaaaaaaaa..aaaaaaaaa..aaaaaaaa..eeeeee..ccccccc
  :
  :.................aaaaaaaaa..aaaaaaaaaa..aaaaaaaaa..aaaaaaaa..eeeeee..cccccc
  :
  :cccccccccccccccccccccccccccccc
  :
  :
  :
  :
  :
  :
  :
  :
  :
  :
  :
  :
  :
  :
  :
  :
  :
  :
  :
frame 0053 at 120x40
  header cabf8dde
  |> 8d552d0  main  Lint 0.3s  Build 1.2s  Fast FAIL 3s  Slow --  FAILED  just now
  |
  |  c67191d  main  Lint 0.3s  Build 1.2s  Fast 1.8s  Slow 47s  PASSED  10m ago
  |
  |  1767828  main  Lint 0.3s  Build 1.2s  Fast 1.8s  Slow 51s  PASSED  2h ago
  |
  |  j/k move   c cancel   q quit
  |
  |
  |
  |
  |
  |
  |
  |
  |
  |
  |
  |
  |
  |
  |
  |
  |
  |
  |
  :.................aaaaaaaaa..aaaaaaaaaa..ffffffffffff..ccccccc..ffffff..cccccccc
  :
  :.................aaaaaaaaa..aaaaaaaaaa..aaaaaaaaa..aaaaaaaa..eeeeee..ccccccc
  :
  :.................aaaaaaaaa..aaaaaaaaaa..aaaaaaaaa..aaaaaaaa..eeeeee..cccccc
  :
  :cccccccccccccccccccccccccccccc
  :
  :
  :
  :
  :
  :
  :
  :
  :
  :
  :
  :
  :
  :
  :
  :
  :
  :
  :
frame 0054 at 120x40
  header 70ccbfc5
  |> 8d552d0  main  Lint 0.3s  Build 1.2s  Fast FAIL 3s  Slow --  FAILED  just now
  |
  |  c67191d  main  Lint 0.3s  Build 1.2s  Fast 1.8s  Slow 47s  PASSED  10m ago
  |
  |  1767828  main  Lint 0.3s  Build 1.2s  Fast 1.8s  Slow 51s  PASSED  2h ago
  |
  |  j/k move   c cancel   q quit
  |
  |
  |
  |
  |
  |
  |
  |
  |
  |
  |
  |
  |
  |
  |
  |
  |
  |
  |
  :.................aaaaaaaaa..aaaaaaaaaa..ffffffffffff..ccccccc..ffffff..cccccccc
  :
  :.................aaaaaaaaa..aaaaaaaaaa..aaaaaaaaa..aaaaaaaa..eeeeee..ccccccc
  :
  :.................aaaaaaaaa..aaaaaaaaaa..aaaaaaaaa..aaaaaaaa..eeeeee..cccccc
  :
  :cccccccccccccccccccccccccccccc
  :
  :
  :
  :
  :
  :
  :
  :
  :
  :
  :
  :
  :
  :
  :
  :
  :
  :
  :
frame 0055 at 120x40
  header 79b0d06f
  |> 8d552d0  main  Lint 0.3s  Build 1.2s  Fast FAIL 3s  Slow --  FAILED  just now
  |
  |  c67191d  main  Lint 0.3s  Build 1.2s  Fast 1.8s  Slow 47s  PASSED  10m ago
  |
  |  1767828  main  Lint 0.3s  Build 1.2s  Fast 1.8s  Slow 51s  PASSED  2h ago
  |
  |  j/k move   c cancel   q quit
  |
  |
  |
  |
  |
  |
  |
  |
  |
  |
  |
  |
  |
  |
  |
  |
  |
  |
  |
  :.................aaaaaaaaa..aaaaaaaaaa..ffffffffffff..ccccccc..ffffff..cccccccc
  :
  :.................aaaaaaaaa..aaaaaaaaaa..aaaaaaaaa..aaaaaaaa..eeeeee..ccccccc
  :
  :.................aaaaaaaaa..aaaaaaaaaa..aaaaaaaaa..aaaaaaaa..eeeeee..cccccc
  :
  :cccccccccccccccccccccccccccccc
  :
  :
  :
  :
  :
  :
  :
  :
  :
  :
  :
  :
  :
  :
  :
  :
  :
  :
  :
legend
a = fg Idx(2), bg Default, []
b = fg Idx(6), bg Default, []
c = fg Default, bg Default, ["dim"]
d = fg Idx(6), bg Default, ["bold"]
e = fg Idx(2), bg Default, ["bold"]
f = fg Idx(1), bg Default, ["bold"]
g = fg Idx(208), bg Default, []
h = fg Idx(52), bg Default, []
i = fg Idx(1), bg Default, []
j = fg Idx(1), bg Default, ["dim"]
